



     ==============================================================================
     |                                                                            |
     |                                                                            |
     |             _____ ___ ____  ____   _    ____ _____    ___ ___              |
     |            |  ___|_ _/ ___||  _ \ / \  / ___|_   _|  |_ _|_ _|             |
     |            | |_   | |\___ \| |_) / _ \| |     | |_____| | | |              |
     |            |  _|  | | ___) |  __/ ___ \ |___  | |_____| | | |              |
     |            |_|   |___|____/|_| /_/   \_\____| |_|    |___|___|             |
     |                                                                            |
     |                            F I S P A C T - I I                             |
     |                            -------------------                             |
     |                                                                            |
     |                  Transmutation-Activation Inventory Code                   |
     |                   United Kingdom Atomic Energy Authority                   |
     |                                                                            |
     |                         Release 5.0 May 2021                               |
     |             Copyright (c) 2009-21, UK Atomic Energy Authority              |
     |                                                                            |
     ==============================================================================



1


 Energy bounds for gamma spectrum binning
 ========================================
   bin  lower energy  upper energy
             eV            eV
     1   1.00000E-01   1.00000E+04
     2   1.00000E+04   2.00000E+04
     3   2.00000E+04   3.00000E+04
     4   3.00000E+04   4.00000E+04
     5   4.00000E+04   5.00000E+04
     6   5.00000E+04   6.00000E+04
     7   6.00000E+04   7.00000E+04
     8   7.00000E+04   8.00000E+04
     9   8.00000E+04   9.00000E+04
    10   9.00000E+04   1.00000E+05
    11   1.00000E+05   1.10000E+05
    12   1.10000E+05   1.20000E+05
    13   1.20000E+05   1.30000E+05
    14   1.30000E+05   1.40000E+05
    15   1.40000E+05   1.50000E+05
    16   1.50000E+05   1.60000E+05
    17   1.60000E+05   1.70000E+05
    18   1.70000E+05   1.80000E+05
    19   1.80000E+05   1.90000E+05
    20   1.90000E+05   2.00000E+05
    21   2.00000E+05   2.10000E+05
    22   2.10000E+05   2.20000E+05
    23   2.20000E+05   2.30000E+05
    24   2.30000E+05   2.40000E+05
    25   2.40000E+05   2.50000E+05
    26   2.50000E+05   2.60000E+05
    27   2.60000E+05   2.70000E+05
    28   2.70000E+05   2.80000E+05
    29   2.80000E+05   2.90000E+05
    30   2.90000E+05   3.00000E+05
    31   3.00000E+05   3.10000E+05
    32   3.10000E+05   3.20000E+05
    33   3.20000E+05   3.30000E+05
    34   3.30000E+05   3.40000E+05
    35   3.40000E+05   3.50000E+05
    36   3.50000E+05   3.60000E+05
    37   3.60000E+05   3.70000E+05
    38   3.70000E+05   3.80000E+05
    39   3.80000E+05   3.90000E+05
    40   3.90000E+05   4.00000E+05
    41   4.00000E+05   4.10000E+05
    42   4.10000E+05   4.20000E+05
    43   4.20000E+05   4.30000E+05
    44   4.30000E+05   4.40000E+05
    45   4.40000E+05   4.50000E+05
    46   4.50000E+05   4.60000E+05
    47   4.60000E+05   4.70000E+05
    48   4.70000E+05   4.80000E+05
    49   4.80000E+05   4.90000E+05
    50   4.90000E+05   5.00000E+05
    51   5.00000E+05   5.10000E+05
    52   5.10000E+05   5.20000E+05
    53   5.20000E+05   5.30000E+05
    54   5.30000E+05   5.40000E+05
    55   5.40000E+05   5.50000E+05
    56   5.50000E+05   5.60000E+05
    57   5.60000E+05   5.70000E+05
    58   5.70000E+05   5.80000E+05
    59   5.80000E+05   5.90000E+05
    60   5.90000E+05   6.00000E+05
    61   6.00000E+05   6.10000E+05
    62   6.10000E+05   6.20000E+05
    63   6.20000E+05   6.30000E+05
    64   6.30000E+05   6.40000E+05
    65   6.40000E+05   6.50000E+05
    66   6.50000E+05   6.60000E+05
    67   6.60000E+05   6.70000E+05
    68   6.70000E+05   6.80000E+05
    69   6.80000E+05   6.90000E+05
    70   6.90000E+05   7.00000E+05
    71   7.00000E+05   7.10000E+05
    72   7.10000E+05   7.20000E+05
    73   7.20000E+05   7.30000E+05
    74   7.30000E+05   7.40000E+05
    75   7.40000E+05   7.50000E+05
    76   7.50000E+05   7.60000E+05
    77   7.60000E+05   7.70000E+05
    78   7.70000E+05   7.80000E+05
    79   7.80000E+05   7.90000E+05
    80   7.90000E+05   8.00000E+05
    81   8.00000E+05   8.10000E+05
    82   8.10000E+05   8.20000E+05
    83   8.20000E+05   8.30000E+05
    84   8.30000E+05   8.40000E+05
    85   8.40000E+05   8.50000E+05
    86   8.50000E+05   8.60000E+05
    87   8.60000E+05   8.70000E+05
    88   8.70000E+05   8.80000E+05
    89   8.80000E+05   8.90000E+05
    90   8.90000E+05   9.00000E+05
    91   9.00000E+05   9.10000E+05
    92   9.10000E+05   9.20000E+05
    93   9.20000E+05   9.30000E+05
    94   9.30000E+05   9.40000E+05
    95   9.40000E+05   9.50000E+05
    96   9.50000E+05   9.60000E+05
    97   9.60000E+05   9.70000E+05
    98   9.70000E+05   9.80000E+05
    99   9.80000E+05   9.90000E+05
   100   9.90000E+05   1.00000E+06
   101   1.00000E+06   1.01000E+06
   102   1.01000E+06   1.02000E+06
   103   1.02000E+06   1.03000E+06
   104   1.03000E+06   1.04000E+06
   105   1.04000E+06   1.05000E+06
   106   1.05000E+06   1.06000E+06
   107   1.06000E+06   1.07000E+06
   108   1.07000E+06   1.08000E+06
   109   1.08000E+06   1.09000E+06
   110   1.09000E+06   1.10000E+06
   111   1.10000E+06   1.11000E+06
   112   1.11000E+06   1.12000E+06
   113   1.12000E+06   1.13000E+06
   114   1.13000E+06   1.14000E+06
   115   1.14000E+06   1.15000E+06
   116   1.15000E+06   1.16000E+06
   117   1.16000E+06   1.17000E+06
   118   1.17000E+06   1.18000E+06
   119   1.18000E+06   1.19000E+06
   120   1.19000E+06   1.20000E+06
   121   1.20000E+06   1.21000E+06
   122   1.21000E+06   1.22000E+06
   123   1.22000E+06   1.23000E+06
   124   1.23000E+06   1.24000E+06
   125   1.24000E+06   1.25000E+06
   126   1.25000E+06   1.26000E+06
   127   1.26000E+06   1.27000E+06
   128   1.27000E+06   1.28000E+06
   129   1.28000E+06   1.29000E+06
   130   1.29000E+06   1.30000E+06
   131   1.30000E+06   1.31000E+06
   132   1.31000E+06   1.32000E+06
   133   1.32000E+06   1.33000E+06
   134   1.33000E+06   1.34000E+06
   135   1.34000E+06   1.35000E+06
   136   1.35000E+06   1.36000E+06
   137   1.36000E+06   1.37000E+06
   138   1.37000E+06   1.38000E+06
   139   1.38000E+06   1.39000E+06
   140   1.39000E+06   1.40000E+06
   141   1.40000E+06   1.41000E+06
   142   1.41000E+06   1.42000E+06
   143   1.42000E+06   1.43000E+06
   144   1.43000E+06   1.44000E+06
   145   1.44000E+06   1.45000E+06
   146   1.45000E+06   1.46000E+06
   147   1.46000E+06   1.47000E+06
   148   1.47000E+06   1.48000E+06
   149   1.48000E+06   1.49000E+06
   150   1.49000E+06   1.50000E+06
   151   1.50000E+06   1.51000E+06
   152   1.51000E+06   1.52000E+06
   153   1.52000E+06   1.53000E+06
   154   1.53000E+06   1.54000E+06
   155   1.54000E+06   1.55000E+06
   156   1.55000E+06   1.56000E+06
   157   1.56000E+06   1.57000E+06
   158   1.57000E+06   1.58000E+06
   159   1.58000E+06   1.59000E+06
   160   1.59000E+06   1.60000E+06
   161   1.60000E+06   1.61000E+06
   162   1.61000E+06   1.62000E+06
   163   1.62000E+06   1.63000E+06
   164   1.63000E+06   1.64000E+06
   165   1.64000E+06   1.65000E+06
   166   1.65000E+06   1.66000E+06
   167   1.66000E+06   1.67000E+06
   168   1.67000E+06   1.68000E+06
   169   1.68000E+06   1.69000E+06
   170   1.69000E+06   1.70000E+06
   171   1.70000E+06   1.71000E+06
   172   1.71000E+06   1.72000E+06
   173   1.72000E+06   1.73000E+06
   174   1.73000E+06   1.74000E+06
   175   1.74000E+06   1.75000E+06
   176   1.75000E+06   1.76000E+06
   177   1.76000E+06   1.77000E+06
   178   1.77000E+06   1.78000E+06
   179   1.78000E+06   1.79000E+06
   180   1.79000E+06   1.80000E+06
   181   1.80000E+06   1.81000E+06
   182   1.81000E+06   1.82000E+06
   183   1.82000E+06   1.83000E+06
   184   1.83000E+06   1.84000E+06
   185   1.84000E+06   1.85000E+06
   186   1.85000E+06   1.86000E+06
   187   1.86000E+06   1.87000E+06
   188   1.87000E+06   1.88000E+06
   189   1.88000E+06   1.89000E+06
   190   1.89000E+06   1.90000E+06
   191   1.90000E+06   1.91000E+06
   192   1.91000E+06   1.92000E+06
   193   1.92000E+06   1.93000E+06
   194   1.93000E+06   1.94000E+06
   195   1.94000E+06   1.95000E+06
   196   1.95000E+06   1.96000E+06
   197   1.96000E+06   1.97000E+06
   198   1.97000E+06   1.98000E+06
   199   1.98000E+06   1.99000E+06
   200   1.99000E+06   2.00000E+06
   201   2.00000E+06   2.01000E+06
   202   2.01000E+06   2.02000E+06
   203   2.02000E+06   2.03000E+06
   204   2.03000E+06   2.04000E+06
   205   2.04000E+06   2.05000E+06
   206   2.05000E+06   2.06000E+06
   207   2.06000E+06   2.07000E+06
   208   2.07000E+06   2.08000E+06
   209   2.08000E+06   2.09000E+06
   210   2.09000E+06   2.10000E+06
   211   2.10000E+06   2.11000E+06
   212   2.11000E+06   2.12000E+06
   213   2.12000E+06   2.13000E+06
   214   2.13000E+06   2.14000E+06
   215   2.14000E+06   2.15000E+06
   216   2.15000E+06   2.16000E+06
   217   2.16000E+06   2.17000E+06
   218   2.17000E+06   2.18000E+06
   219   2.18000E+06   2.19000E+06
   220   2.19000E+06   2.20000E+06
   221   2.20000E+06   2.21000E+06
   222   2.21000E+06   2.22000E+06
   223   2.22000E+06   2.23000E+06
   224   2.23000E+06   2.24000E+06
   225   2.24000E+06   2.25000E+06
   226   2.25000E+06   2.26000E+06
   227   2.26000E+06   2.27000E+06
   228   2.27000E+06   2.28000E+06
   229   2.28000E+06   2.29000E+06
   230   2.29000E+06   2.30000E+06
   231   2.30000E+06   2.31000E+06
   232   2.31000E+06   2.32000E+06
   233   2.32000E+06   2.33000E+06
   234   2.33000E+06   2.34000E+06
   235   2.34000E+06   2.35000E+06
   236   2.35000E+06   2.36000E+06
   237   2.36000E+06   2.37000E+06
   238   2.37000E+06   2.38000E+06
   239   2.38000E+06   2.39000E+06
   240   2.39000E+06   2.40000E+06
   241   2.40000E+06   2.41000E+06
   242   2.41000E+06   2.42000E+06
   243   2.42000E+06   2.43000E+06
   244   2.43000E+06   2.44000E+06
   245   2.44000E+06   2.45000E+06
   246   2.45000E+06   2.46000E+06
   247   2.46000E+06   2.47000E+06
   248   2.47000E+06   2.48000E+06
   249   2.48000E+06   2.49000E+06
   250   2.49000E+06   2.50000E+06
   251   2.50000E+06   2.51000E+06
   252   2.51000E+06   2.52000E+06
   253   2.52000E+06   2.53000E+06
   254   2.53000E+06   2.54000E+06
   255   2.54000E+06   2.55000E+06
   256   2.55000E+06   2.56000E+06
   257   2.56000E+06   2.57000E+06
   258   2.57000E+06   2.58000E+06
   259   2.58000E+06   2.59000E+06
   260   2.59000E+06   2.60000E+06
   261   2.60000E+06   2.61000E+06
   262   2.61000E+06   2.62000E+06
   263   2.62000E+06   2.63000E+06
   264   2.63000E+06   2.64000E+06
   265   2.64000E+06   2.65000E+06
   266   2.65000E+06   2.66000E+06
   267   2.66000E+06   2.67000E+06
   268   2.67000E+06   2.68000E+06
   269   2.68000E+06   2.69000E+06
   270   2.69000E+06   2.70000E+06
   271   2.70000E+06   2.71000E+06
   272   2.71000E+06   2.72000E+06
   273   2.72000E+06   2.73000E+06
   274   2.73000E+06   2.74000E+06
   275   2.74000E+06   2.75000E+06
   276   2.75000E+06   2.76000E+06
   277   2.76000E+06   2.77000E+06
   278   2.77000E+06   2.78000E+06
   279   2.78000E+06   2.79000E+06
   280   2.79000E+06   2.80000E+06
   281   2.80000E+06   2.81000E+06
   282   2.81000E+06   2.82000E+06
   283   2.82000E+06   2.83000E+06
   284   2.83000E+06   2.84000E+06
   285   2.84000E+06   2.85000E+06
   286   2.85000E+06   2.86000E+06
   287   2.86000E+06   2.87000E+06
   288   2.87000E+06   2.88000E+06
   289   2.88000E+06   2.89000E+06
   290   2.89000E+06   2.90000E+06
   291   2.90000E+06   2.91000E+06
   292   2.91000E+06   2.92000E+06
   293   2.92000E+06   2.93000E+06
   294   2.93000E+06   2.94000E+06
   295   2.94000E+06   2.95000E+06
   296   2.95000E+06   2.96000E+06
   297   2.96000E+06   2.97000E+06
   298   2.97000E+06   2.98000E+06
   299   2.98000E+06   2.99000E+06
   300   2.99000E+06   3.00000E+06
   301   3.00000E+06   3.01000E+06
   302   3.01000E+06   3.02000E+06
   303   3.02000E+06   3.03000E+06
   304   3.03000E+06   3.04000E+06
   305   3.04000E+06   3.05000E+06
   306   3.05000E+06   3.06000E+06
   307   3.06000E+06   3.07000E+06
   308   3.07000E+06   3.08000E+06
   309   3.08000E+06   3.09000E+06
   310   3.09000E+06   3.10000E+06
   311   3.10000E+06   3.11000E+06
   312   3.11000E+06   3.12000E+06
   313   3.12000E+06   3.13000E+06
   314   3.13000E+06   3.14000E+06
   315   3.14000E+06   3.15000E+06
   316   3.15000E+06   3.16000E+06
   317   3.16000E+06   3.17000E+06
   318   3.17000E+06   3.18000E+06
   319   3.18000E+06   3.19000E+06
   320   3.19000E+06   3.20000E+06
   321   3.20000E+06   3.21000E+06
   322   3.21000E+06   3.22000E+06
   323   3.22000E+06   3.23000E+06
   324   3.23000E+06   3.24000E+06
   325   3.24000E+06   3.25000E+06
   326   3.25000E+06   3.26000E+06
   327   3.26000E+06   3.27000E+06
   328   3.27000E+06   3.28000E+06
   329   3.28000E+06   3.29000E+06
   330   3.29000E+06   3.30000E+06
   331   3.30000E+06   3.31000E+06
   332   3.31000E+06   3.32000E+06
   333   3.32000E+06   3.33000E+06
   334   3.33000E+06   3.34000E+06
   335   3.34000E+06   3.35000E+06
   336   3.35000E+06   3.36000E+06
   337   3.36000E+06   3.37000E+06
   338   3.37000E+06   3.38000E+06
   339   3.38000E+06   3.39000E+06
   340   3.39000E+06   3.40000E+06
   341   3.40000E+06   3.41000E+06
   342   3.41000E+06   3.42000E+06
   343   3.42000E+06   3.43000E+06
   344   3.43000E+06   3.44000E+06
   345   3.44000E+06   3.45000E+06
   346   3.45000E+06   3.46000E+06
   347   3.46000E+06   3.47000E+06
   348   3.47000E+06   3.48000E+06
   349   3.48000E+06   3.49000E+06
   350   3.49000E+06   3.50000E+06
   351   3.50000E+06   3.51000E+06
   352   3.51000E+06   3.52000E+06
   353   3.52000E+06   3.53000E+06
   354   3.53000E+06   3.54000E+06
   355   3.54000E+06   3.55000E+06
   356   3.55000E+06   3.56000E+06
   357   3.56000E+06   3.57000E+06
   358   3.57000E+06   3.58000E+06
   359   3.58000E+06   3.59000E+06
   360   3.59000E+06   3.60000E+06
   361   3.60000E+06   3.61000E+06
   362   3.61000E+06   3.62000E+06
   363   3.62000E+06   3.63000E+06
   364   3.63000E+06   3.64000E+06
   365   3.64000E+06   3.65000E+06
   366   3.65000E+06   3.66000E+06
   367   3.66000E+06   3.67000E+06
   368   3.67000E+06   3.68000E+06
   369   3.68000E+06   3.69000E+06
   370   3.69000E+06   3.70000E+06
   371   3.70000E+06   3.71000E+06
   372   3.71000E+06   3.72000E+06
   373   3.72000E+06   3.73000E+06
   374   3.73000E+06   3.74000E+06
   375   3.74000E+06   3.75000E+06
   376   3.75000E+06   3.76000E+06
   377   3.76000E+06   3.77000E+06
   378   3.77000E+06   3.78000E+06
   379   3.78000E+06   3.79000E+06
   380   3.79000E+06   3.80000E+06
   381   3.80000E+06   3.81000E+06
   382   3.81000E+06   3.82000E+06
   383   3.82000E+06   3.83000E+06
   384   3.83000E+06   3.84000E+06
   385   3.84000E+06   3.85000E+06
   386   3.85000E+06   3.86000E+06
   387   3.86000E+06   3.87000E+06
   388   3.87000E+06   3.88000E+06
   389   3.88000E+06   3.89000E+06
   390   3.89000E+06   3.90000E+06
   391   3.90000E+06   3.91000E+06
   392   3.91000E+06   3.92000E+06
   393   3.92000E+06   3.93000E+06
   394   3.93000E+06   3.94000E+06
   395   3.94000E+06   3.95000E+06
   396   3.95000E+06   3.96000E+06
   397   3.96000E+06   3.97000E+06
   398   3.97000E+06   3.98000E+06
   399   3.98000E+06   3.99000E+06
   400   3.99000E+06   4.00000E+06
   401   4.00000E+06   4.01000E+06
   402   4.01000E+06   4.02000E+06
   403   4.02000E+06   4.03000E+06
   404   4.03000E+06   4.04000E+06
   405   4.04000E+06   4.05000E+06
   406   4.05000E+06   4.06000E+06
   407   4.06000E+06   4.07000E+06
   408   4.07000E+06   4.08000E+06
   409   4.08000E+06   4.09000E+06
   410   4.09000E+06   4.10000E+06
   411   4.10000E+06   4.11000E+06
   412   4.11000E+06   4.12000E+06
   413   4.12000E+06   4.13000E+06
   414   4.13000E+06   4.14000E+06
   415   4.14000E+06   4.15000E+06
   416   4.15000E+06   4.16000E+06
   417   4.16000E+06   4.17000E+06
   418   4.17000E+06   4.18000E+06
   419   4.18000E+06   4.19000E+06
   420   4.19000E+06   4.20000E+06
   421   4.20000E+06   4.21000E+06
   422   4.21000E+06   4.22000E+06
   423   4.22000E+06   4.23000E+06
   424   4.23000E+06   4.24000E+06
   425   4.24000E+06   4.25000E+06
   426   4.25000E+06   4.26000E+06
   427   4.26000E+06   4.27000E+06
   428   4.27000E+06   4.28000E+06
   429   4.28000E+06   4.29000E+06
   430   4.29000E+06   4.30000E+06
   431   4.30000E+06   4.31000E+06
   432   4.31000E+06   4.32000E+06
   433   4.32000E+06   4.33000E+06
   434   4.33000E+06   4.34000E+06
   435   4.34000E+06   4.35000E+06
   436   4.35000E+06   4.36000E+06
   437   4.36000E+06   4.37000E+06
   438   4.37000E+06   4.38000E+06
   439   4.38000E+06   4.39000E+06
   440   4.39000E+06   4.40000E+06
   441   4.40000E+06   4.41000E+06
   442   4.41000E+06   4.42000E+06
   443   4.42000E+06   4.43000E+06
   444   4.43000E+06   4.44000E+06
   445   4.44000E+06   4.45000E+06
   446   4.45000E+06   4.46000E+06
   447   4.46000E+06   4.47000E+06
   448   4.47000E+06   4.48000E+06
   449   4.48000E+06   4.49000E+06
   450   4.49000E+06   4.50000E+06
   451   4.50000E+06   4.51000E+06
   452   4.51000E+06   4.52000E+06
   453   4.52000E+06   4.53000E+06
   454   4.53000E+06   4.54000E+06
   455   4.54000E+06   4.55000E+06
   456   4.55000E+06   4.56000E+06
   457   4.56000E+06   4.57000E+06
   458   4.57000E+06   4.58000E+06
   459   4.58000E+06   4.59000E+06
   460   4.59000E+06   4.60000E+06
   461   4.60000E+06   4.61000E+06
   462   4.61000E+06   4.62000E+06
   463   4.62000E+06   4.63000E+06
   464   4.63000E+06   4.64000E+06
   465   4.64000E+06   4.65000E+06
   466   4.65000E+06   4.66000E+06
   467   4.66000E+06   4.67000E+06
   468   4.67000E+06   4.68000E+06
   469   4.68000E+06   4.69000E+06
   470   4.69000E+06   4.70000E+06
   471   4.70000E+06   4.71000E+06
   472   4.71000E+06   4.72000E+06
   473   4.72000E+06   4.73000E+06
   474   4.73000E+06   4.74000E+06
   475   4.74000E+06   4.75000E+06
   476   4.75000E+06   4.76000E+06
   477   4.76000E+06   4.77000E+06
   478   4.77000E+06   4.78000E+06
   479   4.78000E+06   4.79000E+06
   480   4.79000E+06   4.80000E+06
   481   4.80000E+06   4.81000E+06
   482   4.81000E+06   4.82000E+06
   483   4.82000E+06   4.83000E+06
   484   4.83000E+06   4.84000E+06
   485   4.84000E+06   4.85000E+06
   486   4.85000E+06   4.86000E+06
   487   4.86000E+06   4.87000E+06
   488   4.87000E+06   4.88000E+06
   489   4.88000E+06   4.89000E+06
   490   4.89000E+06   4.90000E+06
   491   4.90000E+06   4.91000E+06
   492   4.91000E+06   4.92000E+06
   493   4.92000E+06   4.93000E+06
   494   4.93000E+06   4.94000E+06
   495   4.94000E+06   4.95000E+06
   496   4.95000E+06   4.96000E+06
   497   4.96000E+06   4.97000E+06
   498   4.97000E+06   4.98000E+06
   499   4.98000E+06   4.99000E+06
   500   4.99000E+06   5.00000E+06
   501   5.00000E+06   5.01000E+06
   502   5.01000E+06   5.02000E+06
   503   5.02000E+06   5.03000E+06
   504   5.03000E+06   5.04000E+06
   505   5.04000E+06   5.05000E+06
   506   5.05000E+06   5.06000E+06
   507   5.06000E+06   5.07000E+06
   508   5.07000E+06   5.08000E+06
   509   5.08000E+06   5.09000E+06
   510   5.09000E+06   5.10000E+06
   511   5.10000E+06   5.11000E+06
   512   5.11000E+06   5.12000E+06
   513   5.12000E+06   5.13000E+06
   514   5.13000E+06   5.14000E+06
   515   5.14000E+06   5.15000E+06
   516   5.15000E+06   5.16000E+06
   517   5.16000E+06   5.17000E+06
   518   5.17000E+06   5.18000E+06
   519   5.18000E+06   5.19000E+06
   520   5.19000E+06   5.20000E+06
   521   5.20000E+06   5.21000E+06
   522   5.21000E+06   5.22000E+06
   523   5.22000E+06   5.23000E+06
   524   5.23000E+06   5.24000E+06
   525   5.24000E+06   5.25000E+06
   526   5.25000E+06   5.26000E+06
   527   5.26000E+06   5.27000E+06
   528   5.27000E+06   5.28000E+06
   529   5.28000E+06   5.29000E+06
   530   5.29000E+06   5.30000E+06
   531   5.30000E+06   5.31000E+06
   532   5.31000E+06   5.32000E+06
   533   5.32000E+06   5.33000E+06
   534   5.33000E+06   5.34000E+06
   535   5.34000E+06   5.35000E+06
   536   5.35000E+06   5.36000E+06
   537   5.36000E+06   5.37000E+06
   538   5.37000E+06   5.38000E+06
   539   5.38000E+06   5.39000E+06
   540   5.39000E+06   5.40000E+06
   541   5.40000E+06   5.41000E+06
   542   5.41000E+06   5.42000E+06
   543   5.42000E+06   5.43000E+06
   544   5.43000E+06   5.44000E+06
   545   5.44000E+06   5.45000E+06
   546   5.45000E+06   5.46000E+06
   547   5.46000E+06   5.47000E+06
   548   5.47000E+06   5.48000E+06
   549   5.48000E+06   5.49000E+06
   550   5.49000E+06   5.50000E+06
   551   5.50000E+06   5.51000E+06
   552   5.51000E+06   5.52000E+06
   553   5.52000E+06   5.53000E+06
   554   5.53000E+06   5.54000E+06
   555   5.54000E+06   5.55000E+06
   556   5.55000E+06   5.56000E+06
   557   5.56000E+06   5.57000E+06
   558   5.57000E+06   5.58000E+06
   559   5.58000E+06   5.59000E+06
   560   5.59000E+06   5.60000E+06
   561   5.60000E+06   5.61000E+06
   562   5.61000E+06   5.62000E+06
   563   5.62000E+06   5.63000E+06
   564   5.63000E+06   5.64000E+06
   565   5.64000E+06   5.65000E+06
   566   5.65000E+06   5.66000E+06
   567   5.66000E+06   5.67000E+06
   568   5.67000E+06   5.68000E+06
   569   5.68000E+06   5.69000E+06
   570   5.69000E+06   5.70000E+06
   571   5.70000E+06   5.71000E+06
   572   5.71000E+06   5.72000E+06
   573   5.72000E+06   5.73000E+06
   574   5.73000E+06   5.74000E+06
   575   5.74000E+06   5.75000E+06
   576   5.75000E+06   5.76000E+06
   577   5.76000E+06   5.77000E+06
   578   5.77000E+06   5.78000E+06
   579   5.78000E+06   5.79000E+06
   580   5.79000E+06   5.80000E+06
   581   5.80000E+06   5.81000E+06
   582   5.81000E+06   5.82000E+06
   583   5.82000E+06   5.83000E+06
   584   5.83000E+06   5.84000E+06
   585   5.84000E+06   5.85000E+06
   586   5.85000E+06   5.86000E+06
   587   5.86000E+06   5.87000E+06
   588   5.87000E+06   5.88000E+06
   589   5.88000E+06   5.89000E+06
   590   5.89000E+06   5.90000E+06
   591   5.90000E+06   5.91000E+06
   592   5.91000E+06   5.92000E+06
   593   5.92000E+06   5.93000E+06
   594   5.93000E+06   5.94000E+06
   595   5.94000E+06   5.95000E+06
   596   5.95000E+06   5.96000E+06
   597   5.96000E+06   5.97000E+06
   598   5.97000E+06   5.98000E+06
   599   5.98000E+06   5.99000E+06
   600   5.99000E+06   6.00000E+06
   601   6.00000E+06   6.01000E+06
   602   6.01000E+06   6.02000E+06
   603   6.02000E+06   6.03000E+06
   604   6.03000E+06   6.04000E+06
   605   6.04000E+06   6.05000E+06
   606   6.05000E+06   6.06000E+06
   607   6.06000E+06   6.07000E+06
   608   6.07000E+06   6.08000E+06
   609   6.08000E+06   6.09000E+06
   610   6.09000E+06   6.10000E+06
   611   6.10000E+06   6.11000E+06
   612   6.11000E+06   6.12000E+06
   613   6.12000E+06   6.13000E+06
   614   6.13000E+06   6.14000E+06
   615   6.14000E+06   6.15000E+06
   616   6.15000E+06   6.16000E+06
   617   6.16000E+06   6.17000E+06
   618   6.17000E+06   6.18000E+06
   619   6.18000E+06   6.19000E+06
   620   6.19000E+06   6.20000E+06
   621   6.20000E+06   6.21000E+06
   622   6.21000E+06   6.22000E+06
   623   6.22000E+06   6.23000E+06
   624   6.23000E+06   6.24000E+06
   625   6.24000E+06   6.25000E+06
   626   6.25000E+06   6.26000E+06
   627   6.26000E+06   6.27000E+06
   628   6.27000E+06   6.28000E+06
   629   6.28000E+06   6.29000E+06
   630   6.29000E+06   6.30000E+06
   631   6.30000E+06   6.31000E+06
   632   6.31000E+06   6.32000E+06
   633   6.32000E+06   6.33000E+06
   634   6.33000E+06   6.34000E+06
   635   6.34000E+06   6.35000E+06
   636   6.35000E+06   6.36000E+06
   637   6.36000E+06   6.37000E+06
   638   6.37000E+06   6.38000E+06
   639   6.38000E+06   6.39000E+06
   640   6.39000E+06   6.40000E+06
   641   6.40000E+06   6.41000E+06
   642   6.41000E+06   6.42000E+06
   643   6.42000E+06   6.43000E+06
   644   6.43000E+06   6.44000E+06
   645   6.44000E+06   6.45000E+06
   646   6.45000E+06   6.46000E+06
   647   6.46000E+06   6.47000E+06
   648   6.47000E+06   6.48000E+06
   649   6.48000E+06   6.49000E+06
   650   6.49000E+06   6.50000E+06
   651   6.50000E+06   6.51000E+06
   652   6.51000E+06   6.52000E+06
   653   6.52000E+06   6.53000E+06
   654   6.53000E+06   6.54000E+06
   655   6.54000E+06   6.55000E+06
   656   6.55000E+06   6.56000E+06
   657   6.56000E+06   6.57000E+06
   658   6.57000E+06   6.58000E+06
   659   6.58000E+06   6.59000E+06
   660   6.59000E+06   6.60000E+06
   661   6.60000E+06   6.61000E+06
   662   6.61000E+06   6.62000E+06
   663   6.62000E+06   6.63000E+06
   664   6.63000E+06   6.64000E+06
   665   6.64000E+06   6.65000E+06
   666   6.65000E+06   6.66000E+06
   667   6.66000E+06   6.67000E+06
   668   6.67000E+06   6.68000E+06
   669   6.68000E+06   6.69000E+06
   670   6.69000E+06   6.70000E+06
   671   6.70000E+06   6.71000E+06
   672   6.71000E+06   6.72000E+06
   673   6.72000E+06   6.73000E+06
   674   6.73000E+06   6.74000E+06
   675   6.74000E+06   6.75000E+06
   676   6.75000E+06   6.76000E+06
   677   6.76000E+06   6.77000E+06
   678   6.77000E+06   6.78000E+06
   679   6.78000E+06   6.79000E+06
   680   6.79000E+06   6.80000E+06
   681   6.80000E+06   6.81000E+06
   682   6.81000E+06   6.82000E+06
   683   6.82000E+06   6.83000E+06
   684   6.83000E+06   6.84000E+06
   685   6.84000E+06   6.85000E+06
   686   6.85000E+06   6.86000E+06
   687   6.86000E+06   6.87000E+06
   688   6.87000E+06   6.88000E+06
   689   6.88000E+06   6.89000E+06
   690   6.89000E+06   6.90000E+06
   691   6.90000E+06   6.91000E+06
   692   6.91000E+06   6.92000E+06
   693   6.92000E+06   6.93000E+06
   694   6.93000E+06   6.94000E+06
   695   6.94000E+06   6.95000E+06
   696   6.95000E+06   6.96000E+06
   697   6.96000E+06   6.97000E+06
   698   6.97000E+06   6.98000E+06
   699   6.98000E+06   6.99000E+06
   700   6.99000E+06   7.00000E+06
   701   7.00000E+06   7.01000E+06
   702   7.01000E+06   7.02000E+06
   703   7.02000E+06   7.03000E+06
   704   7.03000E+06   7.04000E+06
   705   7.04000E+06   7.05000E+06
   706   7.05000E+06   7.06000E+06
   707   7.06000E+06   7.07000E+06
   708   7.07000E+06   7.08000E+06
   709   7.08000E+06   7.09000E+06
   710   7.09000E+06   7.10000E+06
   711   7.10000E+06   7.11000E+06
   712   7.11000E+06   7.12000E+06
   713   7.12000E+06   7.13000E+06
   714   7.13000E+06   7.14000E+06
   715   7.14000E+06   7.15000E+06
   716   7.15000E+06   7.16000E+06
   717   7.16000E+06   7.17000E+06
   718   7.17000E+06   7.18000E+06
   719   7.18000E+06   7.19000E+06
   720   7.19000E+06   7.20000E+06
   721   7.20000E+06   7.21000E+06
   722   7.21000E+06   7.22000E+06
   723   7.22000E+06   7.23000E+06
   724   7.23000E+06   7.24000E+06
   725   7.24000E+06   7.25000E+06
   726   7.25000E+06   7.26000E+06
   727   7.26000E+06   7.27000E+06
   728   7.27000E+06   7.28000E+06
   729   7.28000E+06   7.29000E+06
   730   7.29000E+06   7.30000E+06
   731   7.30000E+06   7.31000E+06
   732   7.31000E+06   7.32000E+06
   733   7.32000E+06   7.33000E+06
   734   7.33000E+06   7.34000E+06
   735   7.34000E+06   7.35000E+06
   736   7.35000E+06   7.36000E+06
   737   7.36000E+06   7.37000E+06
   738   7.37000E+06   7.38000E+06
   739   7.38000E+06   7.39000E+06
   740   7.39000E+06   7.40000E+06
   741   7.40000E+06   7.41000E+06
   742   7.41000E+06   7.42000E+06
   743   7.42000E+06   7.43000E+06
   744   7.43000E+06   7.44000E+06
   745   7.44000E+06   7.45000E+06
   746   7.45000E+06   7.46000E+06
   747   7.46000E+06   7.47000E+06
   748   7.47000E+06   7.48000E+06
   749   7.48000E+06   7.49000E+06
   750   7.49000E+06   7.50000E+06
   751   7.50000E+06   7.51000E+06
   752   7.51000E+06   7.52000E+06
   753   7.52000E+06   7.53000E+06
   754   7.53000E+06   7.54000E+06
   755   7.54000E+06   7.55000E+06
   756   7.55000E+06   7.56000E+06
   757   7.56000E+06   7.57000E+06
   758   7.57000E+06   7.58000E+06
   759   7.58000E+06   7.59000E+06
   760   7.59000E+06   7.60000E+06
   761   7.60000E+06   7.61000E+06
   762   7.61000E+06   7.62000E+06
   763   7.62000E+06   7.63000E+06
   764   7.63000E+06   7.64000E+06
   765   7.64000E+06   7.65000E+06
   766   7.65000E+06   7.66000E+06
   767   7.66000E+06   7.67000E+06
   768   7.67000E+06   7.68000E+06
   769   7.68000E+06   7.69000E+06
   770   7.69000E+06   7.70000E+06
   771   7.70000E+06   7.71000E+06
   772   7.71000E+06   7.72000E+06
   773   7.72000E+06   7.73000E+06
   774   7.73000E+06   7.74000E+06
   775   7.74000E+06   7.75000E+06
   776   7.75000E+06   7.76000E+06
   777   7.76000E+06   7.77000E+06
   778   7.77000E+06   7.78000E+06
   779   7.78000E+06   7.79000E+06
   780   7.79000E+06   7.80000E+06
   781   7.80000E+06   7.81000E+06
   782   7.81000E+06   7.82000E+06
   783   7.82000E+06   7.83000E+06
   784   7.83000E+06   7.84000E+06
   785   7.84000E+06   7.85000E+06
   786   7.85000E+06   7.86000E+06
   787   7.86000E+06   7.87000E+06
   788   7.87000E+06   7.88000E+06
   789   7.88000E+06   7.89000E+06
   790   7.89000E+06   7.90000E+06
   791   7.90000E+06   7.91000E+06
   792   7.91000E+06   7.92000E+06
   793   7.92000E+06   7.93000E+06
   794   7.93000E+06   7.94000E+06
   795   7.94000E+06   7.95000E+06
   796   7.95000E+06   7.96000E+06
   797   7.96000E+06   7.97000E+06
   798   7.97000E+06   7.98000E+06
   799   7.98000E+06   7.99000E+06
   800   7.99000E+06   8.00000E+06
   801   8.00000E+06   8.01000E+06
   802   8.01000E+06   8.02000E+06
   803   8.02000E+06   8.03000E+06
   804   8.03000E+06   8.04000E+06
   805   8.04000E+06   8.05000E+06
   806   8.05000E+06   8.06000E+06
   807   8.06000E+06   8.07000E+06
   808   8.07000E+06   8.08000E+06
   809   8.08000E+06   8.09000E+06
   810   8.09000E+06   8.10000E+06
   811   8.10000E+06   8.11000E+06
   812   8.11000E+06   8.12000E+06
   813   8.12000E+06   8.13000E+06
   814   8.13000E+06   8.14000E+06
   815   8.14000E+06   8.15000E+06
   816   8.15000E+06   8.16000E+06
   817   8.16000E+06   8.17000E+06
   818   8.17000E+06   8.18000E+06
   819   8.18000E+06   8.19000E+06
   820   8.19000E+06   8.20000E+06
   821   8.20000E+06   8.21000E+06
   822   8.21000E+06   8.22000E+06
   823   8.22000E+06   8.23000E+06
   824   8.23000E+06   8.24000E+06
   825   8.24000E+06   8.25000E+06
   826   8.25000E+06   8.26000E+06
   827   8.26000E+06   8.27000E+06
   828   8.27000E+06   8.28000E+06
   829   8.28000E+06   8.29000E+06
   830   8.29000E+06   8.30000E+06
   831   8.30000E+06   8.31000E+06
   832   8.31000E+06   8.32000E+06
   833   8.32000E+06   8.33000E+06
   834   8.33000E+06   8.34000E+06
   835   8.34000E+06   8.35000E+06
   836   8.35000E+06   8.36000E+06
   837   8.36000E+06   8.37000E+06
   838   8.37000E+06   8.38000E+06
   839   8.38000E+06   8.39000E+06
   840   8.39000E+06   8.40000E+06
   841   8.40000E+06   8.41000E+06
   842   8.41000E+06   8.42000E+06
   843   8.42000E+06   8.43000E+06
   844   8.43000E+06   8.44000E+06
   845   8.44000E+06   8.45000E+06
   846   8.45000E+06   8.46000E+06
   847   8.46000E+06   8.47000E+06
   848   8.47000E+06   8.48000E+06
   849   8.48000E+06   8.49000E+06
   850   8.49000E+06   8.50000E+06
   851   8.50000E+06   8.51000E+06
   852   8.51000E+06   8.52000E+06
   853   8.52000E+06   8.53000E+06
   854   8.53000E+06   8.54000E+06
   855   8.54000E+06   8.55000E+06
   856   8.55000E+06   8.56000E+06
   857   8.56000E+06   8.57000E+06
   858   8.57000E+06   8.58000E+06
   859   8.58000E+06   8.59000E+06
   860   8.59000E+06   8.60000E+06
   861   8.60000E+06   8.61000E+06
   862   8.61000E+06   8.62000E+06
   863   8.62000E+06   8.63000E+06
   864   8.63000E+06   8.64000E+06
   865   8.64000E+06   8.65000E+06
   866   8.65000E+06   8.66000E+06
   867   8.66000E+06   8.67000E+06
   868   8.67000E+06   8.68000E+06
   869   8.68000E+06   8.69000E+06
   870   8.69000E+06   8.70000E+06
   871   8.70000E+06   8.71000E+06
   872   8.71000E+06   8.72000E+06
   873   8.72000E+06   8.73000E+06
   874   8.73000E+06   8.74000E+06
   875   8.74000E+06   8.75000E+06
   876   8.75000E+06   8.76000E+06
   877   8.76000E+06   8.77000E+06
   878   8.77000E+06   8.78000E+06
   879   8.78000E+06   8.79000E+06
   880   8.79000E+06   8.80000E+06
   881   8.80000E+06   8.81000E+06
   882   8.81000E+06   8.82000E+06
   883   8.82000E+06   8.83000E+06
   884   8.83000E+06   8.84000E+06
   885   8.84000E+06   8.85000E+06
   886   8.85000E+06   8.86000E+06
   887   8.86000E+06   8.87000E+06
   888   8.87000E+06   8.88000E+06
   889   8.88000E+06   8.89000E+06
   890   8.89000E+06   8.90000E+06
   891   8.90000E+06   8.91000E+06
   892   8.91000E+06   8.92000E+06
   893   8.92000E+06   8.93000E+06
   894   8.93000E+06   8.94000E+06
   895   8.94000E+06   8.95000E+06
   896   8.95000E+06   8.96000E+06
   897   8.96000E+06   8.97000E+06
   898   8.97000E+06   8.98000E+06
   899   8.98000E+06   8.99000E+06
   900   8.99000E+06   9.00000E+06
   901   9.00000E+06   9.01000E+06
   902   9.01000E+06   9.02000E+06
   903   9.02000E+06   9.03000E+06
   904   9.03000E+06   9.04000E+06
   905   9.04000E+06   9.05000E+06
   906   9.05000E+06   9.06000E+06
   907   9.06000E+06   9.07000E+06
   908   9.07000E+06   9.08000E+06
   909   9.08000E+06   9.09000E+06
   910   9.09000E+06   9.10000E+06
   911   9.10000E+06   9.11000E+06
   912   9.11000E+06   9.12000E+06
   913   9.12000E+06   9.13000E+06
   914   9.13000E+06   9.14000E+06
   915   9.14000E+06   9.15000E+06
   916   9.15000E+06   9.16000E+06
   917   9.16000E+06   9.17000E+06
   918   9.17000E+06   9.18000E+06
   919   9.18000E+06   9.19000E+06
   920   9.19000E+06   9.20000E+06
   921   9.20000E+06   9.21000E+06
   922   9.21000E+06   9.22000E+06
   923   9.22000E+06   9.23000E+06
   924   9.23000E+06   9.24000E+06
   925   9.24000E+06   9.25000E+06
   926   9.25000E+06   9.26000E+06
   927   9.26000E+06   9.27000E+06
   928   9.27000E+06   9.28000E+06
   929   9.28000E+06   9.29000E+06
   930   9.29000E+06   9.30000E+06
   931   9.30000E+06   9.31000E+06
   932   9.31000E+06   9.32000E+06
   933   9.32000E+06   9.33000E+06
   934   9.33000E+06   9.34000E+06
   935   9.34000E+06   9.35000E+06
   936   9.35000E+06   9.36000E+06
   937   9.36000E+06   9.37000E+06
   938   9.37000E+06   9.38000E+06
   939   9.38000E+06   9.39000E+06
   940   9.39000E+06   9.40000E+06
   941   9.40000E+06   9.41000E+06
   942   9.41000E+06   9.42000E+06
   943   9.42000E+06   9.43000E+06
   944   9.43000E+06   9.44000E+06
   945   9.44000E+06   9.45000E+06
   946   9.45000E+06   9.46000E+06
   947   9.46000E+06   9.47000E+06
   948   9.47000E+06   9.48000E+06
   949   9.48000E+06   9.49000E+06
   950   9.49000E+06   9.50000E+06
   951   9.50000E+06   9.51000E+06
   952   9.51000E+06   9.52000E+06
   953   9.52000E+06   9.53000E+06
   954   9.53000E+06   9.54000E+06
   955   9.54000E+06   9.55000E+06
   956   9.55000E+06   9.56000E+06
   957   9.56000E+06   9.57000E+06
   958   9.57000E+06   9.58000E+06
   959   9.58000E+06   9.59000E+06
   960   9.59000E+06   9.60000E+06
   961   9.60000E+06   9.61000E+06
   962   9.61000E+06   9.62000E+06
   963   9.62000E+06   9.63000E+06
   964   9.63000E+06   9.64000E+06
   965   9.64000E+06   9.65000E+06
   966   9.65000E+06   9.66000E+06
   967   9.66000E+06   9.67000E+06
   968   9.67000E+06   9.68000E+06
   969   9.68000E+06   9.69000E+06
   970   9.69000E+06   9.70000E+06
   971   9.70000E+06   9.71000E+06
   972   9.71000E+06   9.72000E+06
   973   9.72000E+06   9.73000E+06
   974   9.73000E+06   9.74000E+06
   975   9.74000E+06   9.75000E+06
   976   9.75000E+06   9.76000E+06
   977   9.76000E+06   9.77000E+06
   978   9.77000E+06   9.78000E+06
   979   9.78000E+06   9.79000E+06
   980   9.79000E+06   9.80000E+06
   981   9.80000E+06   9.81000E+06
   982   9.81000E+06   9.82000E+06
   983   9.82000E+06   9.83000E+06
   984   9.83000E+06   9.84000E+06
   985   9.84000E+06   9.85000E+06
   986   9.85000E+06   9.86000E+06
   987   9.86000E+06   9.87000E+06
   988   9.87000E+06   9.88000E+06
   989   9.88000E+06   9.89000E+06
   990   9.89000E+06   9.90000E+06
   991   9.90000E+06   9.91000E+06
   992   9.91000E+06   9.92000E+06
   993   9.92000E+06   9.93000E+06
   994   9.93000E+06   9.94000E+06
   995   9.94000E+06   9.95000E+06
   996   9.95000E+06   9.96000E+06
   997   9.96000E+06   9.97000E+06
   998   9.97000E+06   9.98000E+06
   999   9.98000E+06   9.99000E+06
  1000   9.99000E+06   1.00000E+07
  1001   1.00000E+07   1.20000E+07
  1002   1.20000E+07   1.40000E+07
  1003   1.40000E+07   1.60000E+07
  1004   1.60000E+07   1.80000E+07
  1005   1.80000E+07   2.00000E+07
  1006   2.00000E+07   4.00000E+07
  1007   4.00000E+07   6.00000E+07
  1008   6.00000E+07   8.00000E+07
  1009   8.00000E+07   1.00000E+08




     =========================================================================================================
     |                                                                                                       |
     |                      R U N   I D E N T I F I C A T I O N   I N F O R M A T I O N                      |
     |                                                                                                       |
     | INITIAL CROSS SECTION DATA                                                                            |
     | Collapsed library timestamp: 11:18:09 2 November 2020                                                 |
     | EAF source library label:                                                                             |
     | FLUX file label:                                                                                      |
     |                                                                                                       |
     | DECAY DATA                                                                                            |
     | Condensed library timestamp: 11:18:09 2 November 2020                                                 |
     | EAF source library label:    Decay input from separate files                                          |
     |                                                                                                       |
     | THIS RUN                                                                                              |
     | timestamp:                   11:18:09 2 November 2020                                                 |
     | fileroot :                   condense4                                                                |
     | name of FILES file:          files4                                                                   |
     | FISPACT title:               * CONDENSE dec_2012,gefy61_nfy                                           |
     |                                                                                                       |
     | See the condense4.log file                                                                            |
     | and summary details at the end of this file for further information on files used by this run         |
     |                                                                                                       |
     =========================================================================================================


fispact run time=                  0.50590     secs


 ------------------------------------------------------------------
 Files that have been opened during this run.
 ------------------------------------------------------------------
 The numbers after the unit names are the internal unit numbers.

 output(38)      condense4.out
 runlog(48)      condense4.log
 ------------------------------------------------------------------



     Run timestamp:11:18:09 2 November 2020        

     Current time: 11:18:10 2 November 2020        
