



     ==============================================================================
     |                                                                            |
     |                                                                            |
     |             _____ ___ ____  ____   _    ____ _____    ___ ___              |
     |            |  ___|_ _/ ___||  _ \ / \  / ___|_   _|  |_ _|_ _|             |
     |            | |_   | |\___ \| |_) / _ \| |     | |_____| | | |              |
     |            |  _|  | | ___) |  __/ ___ \ |___  | |_____| | | |              |
     |            |_|   |___|____/|_| /_/   \_\____| |_|    |___|___|             |
     |                                                                            |
     |                            F I S P A C T - I I                             |
     |                            -------------------                             |
     |                                                                            |
     |                  Transmutation-Activation Inventory Code                   |
     |                   United Kingdom Atomic Energy Authority                   |
     |                                                                            |
     |                         Release 5.0 May 2021                               |
     |             Copyright (c) 2009-21, UK Atomic Energy Authority              |
     |                                                                            |
     ==============================================================================



1




     =========================================================================================================
     |                                                                                                       |
     |                      R U N   I D E N T I F I C A T I O N   I N F O R M A T I O N                      |
     |                                                                                                       |
     | INITIAL CROSS SECTION DATA                                                                            |
     | Collapsed library timestamp:                                                                          |
     | EAF source library label:                                                                             |
     | FLUX file label:                                                                                      |
     |                                                                                                       |
     | DECAY DATA                                                                                            |
     | Condensed library timestamp:                                                                          |
     | EAF source library label:                                                                             |
     |                                                                                                       |
     | THIS RUN                                                                                              |
     | timestamp:                   13:04:44 29 January 2018                                                 |
     | fileroot :                   convert2                                                                 |
     | name of FILES file:          files.convert2                                                           |
     | FISPACT title:               * Lethargy SPECTRAL MODIFICATION  66 WIMS -172 XMAS                      |
     |                                                                                                       |
     | See the convert2.log file                                                                             |
     | and summary details at the end of this file for further information on files used by this run         |
     |                                                                                                       |
     =========================================================================================================


  CONVERSION OF ARBITRARY FLUX INTO STANDARD GROUP STRUCTURE

  Number of input arbitrary energy groups  =   66
  Number of output standard energy groups  =  172

 Fraction 0.7422 of input group   2 included in output group   1
 Fraction 0.1500 of input group   2 included in output group   2
 Fraction 0.9903 of input group   3 included in output group   2
 Fraction 0.0097 of input group   3 included in output group   3
 Fraction 0.1850 of input group   4 included in output group   3
 Fraction 0.4389 of input group   4 included in output group   4
 Fraction 0.3761 of input group   4 included in output group   5
 Fraction 0.4006 of input group   5 included in output group   6
 Fraction 0.4006 of input group   5 included in output group   7
 Fraction 0.1988 of input group   5 included in output group   8
 Fraction 0.0039 of input group   6 included in output group   8
 Fraction 0.5002 of input group   6 included in output group   9
 Fraction 0.4960 of input group   6 included in output group  10
 Fraction 0.3355 of input group   7 included in output group  10
 Fraction 0.6645 of input group   7 included in output group  11
 Fraction 0.0013 of input group   8 included in output group  11
 Fraction 0.8045 of input group   8 included in output group  12
 Fraction 0.1942 of input group   8 included in output group  13
 Fraction 0.6013 of input group   9 included in output group  13
 Fraction 0.3963 of input group   9 included in output group  14
 Fraction 0.0023 of input group   9 included in output group  15
 Fraction 0.4007 of input group  10 included in output group  15
 Fraction 0.5993 of input group  10 included in output group  16
 Fraction 0.2021 of input group  11 included in output group  16
 Fraction 0.7881 of input group  11 included in output group  17
 Fraction 0.0098 of input group  11 included in output group  18
 Fraction 0.4982 of input group  12 included in output group  18
 Fraction 0.5018 of input group  12 included in output group  19
 Fraction 0.0059 of input group  13 included in output group  19
 Fraction 0.3314 of input group  13 included in output group  20
 Fraction 0.3314 of input group  13 included in output group  21
 Fraction 0.3314 of input group  13 included in output group  22
 Fraction 1.0000 of input group  14 included in output group  23
 Fraction 0.2001 of input group  15 included in output group  23
 Fraction 0.4001 of input group  15 included in output group  24
 Fraction 0.3999 of input group  15 included in output group  25
 Fraction 0.0002 of input group  16 included in output group  25
 Fraction 0.4039 of input group  16 included in output group  26
 Fraction 0.4039 of input group  16 included in output group  27
 Fraction 0.1920 of input group  16 included in output group  28
 Fraction 1.0000 of input group  17 included in output group  28
 Fraction 0.0002 of input group  18 included in output group  28
 Fraction 0.2001 of input group  18 included in output group  29
 Fraction 0.2001 of input group  18 included in output group  30
 Fraction 0.5997 of input group  18 included in output group  31
 Fraction 0.0005 of input group  19 included in output group  31
 Fraction 0.7998 of input group  19 included in output group  32
 Fraction 0.1998 of input group  19 included in output group  33
 Fraction 0.0002 of input group  20 included in output group  33
 Fraction 0.5999 of input group  20 included in output group  34
 Fraction 0.3999 of input group  20 included in output group  35
 Fraction 0.0000 of input group  21 included in output group  35
 Fraction 0.4000 of input group  21 included in output group  36
 Fraction 0.5999 of input group  21 included in output group  37
 Fraction 0.0001 of input group  22 included in output group  37
 Fraction 0.2127 of input group  22 included in output group  38
 Fraction 0.4963 of input group  22 included in output group  39
 Fraction 0.1418 of input group  22 included in output group  40
 Fraction 0.1491 of input group  22 included in output group  41
 Fraction 0.1196 of input group  23 included in output group  41
 Fraction 0.8804 of input group  23 included in output group  42
 Fraction 0.6420 of input group  24 included in output group  42
 Fraction 0.3569 of input group  24 included in output group  43
 Fraction 0.0010 of input group  24 included in output group  44
 Fraction 0.5998 of input group  25 included in output group  44
 Fraction 0.4002 of input group  25 included in output group  45
 Fraction 0.0000 of input group  26 included in output group  45
 Fraction 0.4000 of input group  26 included in output group  46
 Fraction 0.6000 of input group  26 included in output group  47
 Fraction 0.0001 of input group  27 included in output group  47
 Fraction 0.2000 of input group  27 included in output group  48
 Fraction 0.7001 of input group  27 included in output group  49
 Fraction 0.0998 of input group  27 included in output group  50
 Fraction 0.0007 of input group  28 included in output group  50
 Fraction 0.9993 of input group  28 included in output group  51
 Fraction 1.0000 of input group  29 included in output group  51
 Fraction 0.4008 of input group  30 included in output group  51
 Fraction 0.5992 of input group  30 included in output group  52
 Fraction 0.0003 of input group  31 included in output group  52
 Fraction 0.5997 of input group  31 included in output group  53
 Fraction 0.0999 of input group  31 included in output group  54
 Fraction 0.2999 of input group  31 included in output group  55
 Fraction 0.0002 of input group  31 included in output group  56
 Fraction 0.3999 of input group  32 included in output group  56
 Fraction 0.2000 of input group  32 included in output group  57
 Fraction 0.4000 of input group  32 included in output group  58
 Fraction 0.0000 of input group  32 included in output group  59
 Fraction 0.2000 of input group  33 included in output group  59
 Fraction 0.8000 of input group  33 included in output group  60
 Fraction 0.0000 of input group  34 included in output group  60
 Fraction 0.4001 of input group  34 included in output group  61
 Fraction 0.4001 of input group  34 included in output group  62
 Fraction 0.1998 of input group  34 included in output group  63
 Fraction 0.6000 of input group  35 included in output group  63
 Fraction 0.4000 of input group  35 included in output group  64
 Fraction 0.2332 of input group  36 included in output group  64
 Fraction 0.1667 of input group  36 included in output group  65
 Fraction 0.6001 of input group  36 included in output group  66
 Fraction 0.2000 of input group  37 included in output group  66
 Fraction 0.3833 of input group  37 included in output group  67
 Fraction 0.2167 of input group  37 included in output group  68
 Fraction 0.2001 of input group  37 included in output group  69
 Fraction 0.2000 of input group  38 included in output group  69
 Fraction 0.1500 of input group  38 included in output group  70
 Fraction 0.1334 of input group  38 included in output group  71
 Fraction 0.1167 of input group  38 included in output group  72
 Fraction 0.2501 of input group  38 included in output group  73
 Fraction 0.1499 of input group  38 included in output group  74
 Fraction 0.0002 of input group  39 included in output group  74
 Fraction 0.1999 of input group  39 included in output group  75
 Fraction 0.1999 of input group  39 included in output group  76
 Fraction 0.1999 of input group  39 included in output group  77
 Fraction 0.1999 of input group  39 included in output group  78
 Fraction 0.1999 of input group  39 included in output group  79
 Fraction 0.0003 of input group  39 included in output group  80
 Fraction 0.2998 of input group  40 included in output group  80
 Fraction 0.4001 of input group  40 included in output group  81
 Fraction 0.3000 of input group  40 included in output group  82
 Fraction 0.0001 of input group  41 included in output group  82
 Fraction 0.3999 of input group  41 included in output group  83
 Fraction 0.2500 of input group  41 included in output group  84
 Fraction 0.1500 of input group  41 included in output group  85
 Fraction 0.2000 of input group  41 included in output group  86
 Fraction 0.0001 of input group  41 included in output group  87
 Fraction 0.1999 of input group  42 included in output group  87
 Fraction 0.4000 of input group  42 included in output group  88
 Fraction 0.2833 of input group  42 included in output group  89
 Fraction 0.1167 of input group  42 included in output group  90
 Fraction 0.0002 of input group  42 included in output group  91
 Fraction 0.3999 of input group  43 included in output group  91
 Fraction 0.0636 of input group  43 included in output group  92
 Fraction 0.3365 of input group  43 included in output group  93
 Fraction 0.0484 of input group  43 included in output group  94
 Fraction 0.1517 of input group  43 included in output group  95
 Fraction 0.1999 of input group  44 included in output group  95
 Fraction 0.0349 of input group  44 included in output group  96
 Fraction 0.0902 of input group  44 included in output group  97
 Fraction 0.0388 of input group  44 included in output group  98
 Fraction 0.1548 of input group  44 included in output group  99
 Fraction 0.2050 of input group  44 included in output group 100
 Fraction 0.0284 of input group  44 included in output group 101
 Fraction 0.0776 of input group  44 included in output group 102
 Fraction 0.0911 of input group  44 included in output group 103
 Fraction 0.0792 of input group  44 included in output group 104
 Fraction 0.0162 of input group  45 included in output group 104
 Fraction 0.0946 of input group  45 included in output group 105
 Fraction 0.0993 of input group  45 included in output group 106
 Fraction 0.0982 of input group  45 included in output group 107
 Fraction 0.1165 of input group  45 included in output group 108
 Fraction 0.0336 of input group  45 included in output group 109
 Fraction 0.0411 of input group  45 included in output group 110
 Fraction 0.1065 of input group  45 included in output group 111
 Fraction 0.0480 of input group  45 included in output group 112
 Fraction 0.0569 of input group  45 included in output group 113
 Fraction 0.1026 of input group  45 included in output group 114
 Fraction 0.1081 of input group  45 included in output group 115
 Fraction 0.0345 of input group  45 included in output group 116
 Fraction 0.0433 of input group  45 included in output group 117
 Fraction 0.0006 of input group  45 included in output group 118
 Fraction 0.0269 of input group  46 included in output group 118
 Fraction 0.0236 of input group  46 included in output group 119
 Fraction 0.0481 of input group  46 included in output group 120
 Fraction 0.0492 of input group  46 included in output group 121
 Fraction 0.0193 of input group  46 included in output group 122
 Fraction 0.0293 of input group  46 included in output group 123
 Fraction 0.0477 of input group  46 included in output group 124
 Fraction 0.0202 of input group  46 included in output group 125
 Fraction 0.0287 of input group  46 included in output group 126
 Fraction 0.0459 of input group  46 included in output group 127
 Fraction 0.0426 of input group  46 included in output group 128
 Fraction 0.0436 of input group  46 included in output group 129
 Fraction 0.1132 of input group  46 included in output group 130
 Fraction 0.0234 of input group  46 included in output group 131
 Fraction 0.1467 of input group  46 included in output group 132
 Fraction 0.0255 of input group  46 included in output group 133
 Fraction 0.2026 of input group  46 included in output group 134
 Fraction 0.0635 of input group  46 included in output group 135
 Fraction 0.1773 of input group  47 included in output group 135
 Fraction 0.2920 of input group  47 included in output group 136
 Fraction 0.1537 of input group  47 included in output group 137
 Fraction 0.0608 of input group  47 included in output group 138
 Fraction 0.2265 of input group  47 included in output group 139
 Fraction 0.0896 of input group  47 included in output group 140
 Fraction 0.0687 of input group  48 included in output group 140
 Fraction 0.0455 of input group  48 included in output group 141
 Fraction 0.2214 of input group  48 included in output group 142
 Fraction 0.1791 of input group  48 included in output group 143
 Fraction 0.0346 of input group  48 included in output group 144
 Fraction 0.0943 of input group  48 included in output group 145
 Fraction 0.1379 of input group  48 included in output group 146
 Fraction 0.2185 of input group  48 included in output group 147
 Fraction 0.0240 of input group  49 included in output group 147
 Fraction 0.2389 of input group  49 included in output group 148
 Fraction 0.3028 of input group  49 included in output group 149
 Fraction 0.0973 of input group  49 included in output group 150
 Fraction 0.2348 of input group  49 included in output group 151
 Fraction 0.1023 of input group  49 included in output group 152
 Fraction 0.1964 of input group  50 included in output group 152
 Fraction 0.1046 of input group  50 included in output group 153
 Fraction 0.3652 of input group  50 included in output group 154
 Fraction 0.3338 of input group  50 included in output group 155
 Fraction 0.0000 of input group  50 included in output group 156
 Fraction 0.2299 of input group  51 included in output group 156
 Fraction 0.7701 of input group  51 included in output group 157
 Fraction 0.0000 of input group  52 included in output group 157
 Fraction 0.2155 of input group  52 included in output group 158
 Fraction 0.7845 of input group  52 included in output group 159
 Fraction 0.0000 of input group  52 included in output group 160
 Fraction 1.0000 of input group  53 included in output group 160
 Fraction 0.0000 of input group  54 included in output group 160
 Fraction 1.0000 of input group  54 included in output group 161
 Fraction 0.0000 of input group  54 included in output group 162
 Fraction 1.0000 of input group  55 included in output group 162
 Fraction 0.0000 of input group  56 included in output group 162
 Fraction 1.0000 of input group  56 included in output group 163
 Fraction 0.0000 of input group  56 included in output group 164
 Fraction 1.0000 of input group  57 included in output group 164
 Fraction 0.0000 of input group  58 included in output group 164
 Fraction 1.0000 of input group  58 included in output group 165
 Fraction 0.0000 of input group  58 included in output group 166
 Fraction 1.0000 of input group  59 included in output group 166
 Fraction 0.0000 of input group  60 included in output group 166
 Fraction 1.0000 of input group  60 included in output group 167
 Fraction 0.0000 of input group  61 included in output group 167
 Fraction 1.0000 of input group  61 included in output group 168
 Fraction 0.0000 of input group  62 included in output group 168
 Fraction 0.5353 of input group  62 included in output group 169
 Fraction 0.4647 of input group  62 included in output group 170
 Fraction 0.0000 of input group  63 included in output group 170
 Fraction 0.5575 of input group  63 included in output group 171
 Fraction 0.4425 of input group  63 included in output group 172
 Fraction 1.0000 of input group  64 included in output group 172
 Fraction 1.0000 of input group  65 included in output group 172
 Fraction 1.0000 of input group  66 included in output group 172
1   INPUT GROUP STRUCTURE AND DATA

  GROUP      UPPER       LOWER         LETHARGY         DATA        DATA/LETHARGY

     1     2.5000E+07  2.0000E+07     2.2314E-01     0.0000E+00     0.0000E+00
     2     2.0000E+07  1.6900E+07     1.6842E-01     0.0000E+00     0.0000E+00
     3     1.6900E+07  1.4900E+07     1.2595E-01     0.0000E+00     0.0000E+00
     4     1.4900E+07  1.0000E+07     3.9878E-01     0.0000E+00     0.0000E+00
     5     1.0000E+07  6.0700E+06     4.9923E-01     7.7400E-03     1.5504E-02
     6     6.0700E+06  4.9700E+06     1.9994E-01     8.7057E-03     4.3542E-02
     7     4.9700E+06  3.6800E+06     3.0051E-01     1.8902E-02     6.2900E-02
     8     3.6800E+06  2.8700E+06     2.4860E-01     2.3536E-02     9.4674E-02
     9     2.8700E+06  2.2300E+06     2.5231E-01     3.1623E-02     1.2533E-01
    10     2.2300E+06  1.7400E+06     2.4812E-01     2.8546E-02     1.1505E-01
    11     1.7400E+06  1.3500E+06     2.5378E-01     2.8993E-02     1.1424E-01
    12     1.3500E+06  1.1100E+06     1.9574E-01     2.0042E-02     1.0239E-01
    13     1.1100E+06  8.2085E+05     3.0177E-01     3.1931E-02     1.0581E-01
    14     8.2085E+05  6.3928E+05     2.5000E-01     3.0660E-02     1.2264E-01
    15     6.3928E+05  4.9790E+05     2.4994E-01     2.3315E-02     9.3281E-02
    16     4.9790E+05  3.8870E+05     2.4759E-01     2.0970E-02     8.4696E-02
    17     3.8870E+05  3.0200E+05     2.5238E-01     2.0057E-02     7.9471E-02
    18     3.0200E+05  1.8320E+05     4.9985E-01     3.3813E-02     6.7646E-02
    19     1.8320E+05  1.1110E+05     5.0015E-01     2.5786E-02     5.1557E-02
    20     1.1110E+05  6.7380E+04     5.0008E-01     2.1715E-02     4.3423E-02
    21     6.7380E+04  4.0870E+04     4.9995E-01     1.8824E-02     3.7652E-02
    22     4.0870E+04  2.5540E+04     4.7015E-01     1.5764E-02     3.3530E-02
    23     2.5540E+04  1.9890E+04     2.5003E-01     7.7800E-03     3.1116E-02
    24     1.9890E+04  1.5030E+04     2.8017E-01     8.5147E-03     3.0391E-02
    25     1.5030E+04  9.1190E+03     4.9969E-01     1.4564E-02     2.9146E-02
    26     9.1190E+03  5.5310E+03     4.9999E-01     1.4126E-02     2.8252E-02
    27     5.5310E+03  3.3550E+03     4.9992E-01     1.3829E-02     2.7663E-02
    28     3.3550E+03  2.8400E+03     1.6665E-01     4.5399E-03     2.7242E-02
    29     2.8400E+03  2.4040E+03     1.6667E-01     4.5405E-03     2.7242E-02
    30     2.4040E+03  2.0350E+03     1.6664E-01     4.5107E-03     2.7069E-02
    31     2.0350E+03  1.2340E+03     5.0023E-01     1.3411E-02     2.6809E-02
    32     1.2340E+03  7.4850E+02     4.9995E-01     1.3158E-02     2.6319E-02
    33     7.4850E+02  4.5400E+02     4.9997E-01     1.2922E-02     2.5845E-02
    34     4.5400E+02  2.7540E+02     4.9987E-01     1.2659E-02     2.5324E-02
    35     2.7540E+02  1.6700E+02     5.0023E-01     1.2254E-02     2.4497E-02
    36     1.6700E+02  1.0130E+02     4.9991E-01     1.1901E-02     2.3806E-02
    37     1.0130E+02  6.1440E+01     5.0003E-01     1.1507E-02     2.3013E-02
    38     6.1440E+01  3.7270E+01     4.9987E-01     1.1045E-02     2.2096E-02
    39     3.7270E+01  2.2600E+01     5.0024E-01     1.0075E-02     2.0140E-02
    40     2.2600E+01  1.3710E+01     4.9982E-01     9.7047E-03     1.9416E-02
    41     1.3710E+01  8.3150E+00     5.0006E-01     9.9286E-03     1.9855E-02
    42     8.3150E+00  5.0430E+00     5.0006E-01     7.7644E-03     1.5527E-02
    43     5.0430E+00  3.0590E+00     4.9991E-01     9.0588E-03     1.8121E-02
    44     3.0590E+00  1.8550E+00     5.0020E-01     9.0366E-03     1.8066E-02
    45     1.8550E+00  1.1250E+00     5.0010E-01     9.7033E-03     1.9403E-02
    46     1.1250E+00  6.8300E-01     4.9904E-01     8.5392E-03     1.7111E-02
    47     6.8300E-01  4.1400E-01     5.0063E-01     1.0184E-02     2.0342E-02
    48     4.1400E-01  2.5100E-01     5.0041E-01     1.0859E-02     2.1700E-02
    49     2.5100E-01  1.5200E-01     5.0157E-01     1.8170E-02     3.6226E-02
    50     1.5200E-01  1.0000E-01     4.1871E-01     1.8942E-02     4.5239E-02
    51     1.0000E-01  8.0000E-02     2.2314E-01     9.4606E-03     4.2397E-02
    52     8.0000E-02  6.7000E-02     1.7733E-01     6.4837E-03     3.6562E-02
    53     6.7000E-02  5.8000E-02     1.4425E-01     4.9249E-03     3.4142E-02
    54     5.8000E-02  5.0000E-02     1.4842E-01     3.9176E-03     2.6395E-02
    55     5.0000E-02  4.2000E-02     1.7435E-01     4.3882E-03     2.5168E-02
    56     4.2000E-02  3.5000E-02     1.8232E-01     3.1545E-03     1.7302E-02
    57     3.5000E-02  3.0000E-02     1.5415E-01     2.6671E-03     1.7302E-02
    58     3.0000E-02  2.5000E-02     1.8232E-01     1.7979E-03     9.8611E-03
    59     2.5000E-02  2.0000E-02     2.2314E-01     2.2005E-03     9.8614E-03
    60     2.0000E-02  1.5000E-02     2.8768E-01     1.5979E-03     5.5544E-03
    61     1.5000E-02  1.0000E-02     4.0547E-01     1.2335E-03     3.0422E-03
    62     1.0000E-02  5.0000E-03     6.9315E-01     7.7307E-04     1.1153E-03
    63     5.0000E-03  2.0000E-03     9.1629E-01     2.1418E-04     2.3375E-04
    64     2.0000E-03  1.0000E-03     6.9315E-01     2.5972E-05     3.7470E-05
    65     1.0000E-03  5.0000E-04     6.9315E-01     2.5972E-05     3.7470E-05
    66     5.0000E-04  1.0000E-05     3.9120E+00     1.4658E-04     3.7469E-05
  TOTAL                                              7.5716E-01
1  OUTPUT GROUP STRUCTURE AND DATA

  GROUP      UPPER       LOWER         LETHARGY         DATA        DATA/LETHARGY

     1     1.9640E+07  1.7332E+07     1.2500E-01     0.0000E+00     0.0000E+00
     2     1.7332E+07  1.4918E+07     1.4999E-01     0.0000E+00     0.0000E+00
     3     1.4918E+07  1.3840E+07     7.5004E-02     0.0000E+00     0.0000E+00
     4     1.3840E+07  1.1618E+07     1.7500E-01     0.0000E+00     0.0000E+00
     5     1.1618E+07  1.0000E+07     1.5000E-01     0.0000E+00     0.0000E+00
     6     1.0000E+07  8.1873E+06     2.0000E-01     3.1008E-03     1.5504E-02
     7     8.1873E+06  6.7032E+06     2.0000E-01     3.1008E-03     1.5504E-02
     8     6.7032E+06  6.0653E+06     9.9999E-02     1.5721E-03     1.5721E-02
     9     6.0653E+06  5.4881E+06     1.0000E-01     4.3542E-03     4.3542E-02
    10     5.4881E+06  4.4933E+06     2.0000E-01     1.0660E-02     5.3302E-02
    11     4.4933E+06  3.6788E+06     2.0000E-01     1.2591E-02     6.2953E-02
    12     3.6788E+06  3.0119E+06     2.0000E-01     1.8935E-02     9.4674E-02
    13     3.0119E+06  2.4660E+06     2.0000E-01     2.3587E-02     1.1793E-01
    14     2.4660E+06  2.2313E+06     1.0000E-01     1.2533E-02     1.2533E-01
    15     2.2313E+06  2.0190E+06     9.9997E-02     1.1511E-02     1.1511E-01
    16     2.0190E+06  1.6530E+06     2.0000E-01     2.2969E-02     1.1484E-01
    17     1.6530E+06  1.3534E+06     2.0000E-01     2.2849E-02     1.1424E-01
    18     1.3534E+06  1.2246E+06     1.0000E-01     1.0268E-02     1.0268E-01
    19     1.2246E+06  1.1080E+06     9.9998E-02     1.0245E-02     1.0245E-01
    20     1.1080E+06  1.0026E+06     9.9997E-02     1.0581E-02     1.0581E-01
    21     1.0026E+06  9.0718E+05     1.0000E-01     1.0581E-02     1.0581E-01
    22     9.0718E+05  8.2085E+05     1.0000E-01     1.0581E-02     1.0581E-01
    23     8.2085E+05  6.0810E+05     3.0000E-01     3.5324E-02     1.1775E-01
    24     6.0810E+05  5.5023E+05     1.0000E-01     9.3282E-03     9.3281E-02
    25     5.5023E+05  4.9787E+05     9.9999E-02     9.3275E-03     9.3276E-02
    26     4.9787E+05  4.5049E+05     1.0000E-01     8.4697E-03     8.4696E-02
    27     4.5049E+05  4.0762E+05     1.0000E-01     8.4696E-03     8.4696E-02
    28     4.0762E+05  3.0197E+05     3.0000E-01     2.4089E-02     8.0296E-02
    29     3.0197E+05  2.7324E+05     1.0000E-01     6.7647E-03     6.7646E-02
    30     2.7324E+05  2.4724E+05     1.0000E-01     6.7647E-03     6.7646E-02
    31     2.4724E+05  1.8316E+05     3.0000E-01     2.0290E-02     6.7634E-02
    32     1.8316E+05  1.2277E+05     4.0000E-01     2.0623E-02     5.1557E-02
    33     1.2277E+05  1.1109E+05     9.9996E-02     5.1548E-03     5.1549E-02
    34     1.1109E+05  8.2298E+04     3.0000E-01     1.3027E-02     4.3423E-02
    35     8.2298E+04  6.7380E+04     2.0000E-01     8.6845E-03     4.3423E-02
    36     6.7380E+04  5.5166E+04     2.0000E-01     7.5304E-03     3.7652E-02
    37     5.5166E+04  4.0868E+04     3.0000E-01     1.1295E-02     3.7651E-02
    38     4.0868E+04  3.6979E+04     1.0000E-01     3.3530E-03     3.3530E-02
    39     3.6979E+04  2.9283E+04     2.3333E-01     7.8236E-03     3.3530E-02
    40     2.9283E+04  2.7394E+04     6.6665E-02     2.2353E-03     3.3530E-02
    41     2.7394E+04  2.4788E+04     1.0000E-01     3.2809E-03     3.2808E-02
    42     2.4788E+04  1.6616E+04     4.0000E-01     1.2316E-02     3.0790E-02
    43     1.6616E+04  1.5034E+04     1.0000E-01     3.0392E-03     3.0391E-02
    44     1.5034E+04  1.1138E+04     3.0000E-01     8.7441E-03     2.9147E-02
    45     1.1138E+04  9.1188E+03     2.0000E-01     5.8293E-03     2.9146E-02
    46     9.1188E+03  7.4659E+03     2.0000E-01     5.6505E-03     2.8252E-02
    47     7.4659E+03  5.5308E+03     3.0000E-01     8.4758E-03     2.8252E-02
    48     5.5308E+03  5.0045E+03     1.0000E-01     2.7663E-03     2.7663E-02
    49     5.0045E+03  3.5266E+03     3.5000E-01     9.6819E-03     2.7663E-02
    50     3.5266E+03  3.3546E+03     4.9998E-02     1.3830E-03     2.7662E-02
    51     3.3546E+03  2.2487E+03     4.0000E-01     1.0885E-02     2.7213E-02
    52     2.2487E+03  2.0347E+03     1.0000E-01     2.7068E-03     2.7068E-02
    53     2.0347E+03  1.5073E+03     3.0000E-01     8.0428E-03     2.6809E-02
    54     1.5073E+03  1.4338E+03     4.9998E-02     1.3404E-03     2.6809E-02
    55     1.4338E+03  1.2341E+03     1.5000E-01     4.0214E-03     2.6809E-02
    56     1.2341E+03  1.0104E+03     2.0001E-01     5.2640E-03     2.6319E-02
    57     1.0104E+03  9.1424E+02     9.9996E-02     2.6318E-03     2.6319E-02
    58     9.1424E+02  7.4852E+02     2.0000E-01     5.2638E-03     2.6319E-02
    59     7.4852E+02  6.7729E+02     1.0000E-01     2.5846E-03     2.5845E-02
    60     6.7729E+02  4.5400E+02     4.0000E-01     1.0338E-02     2.5845E-02
    61     4.5400E+02  3.7170E+02     2.0000E-01     5.0649E-03     2.5324E-02
    62     3.7170E+02  3.0433E+02     2.0000E-01     5.0649E-03     2.5324E-02
    63     3.0433E+02  2.0399E+02     4.0000E-01     9.8814E-03     2.4703E-02
    64     2.0399E+02  1.4862E+02     3.1667E-01     7.6769E-03     2.4243E-02
    65     1.4862E+02  1.3674E+02     8.3330E-02     1.9838E-03     2.3806E-02
    66     1.3674E+02  9.1661E+01     4.0000E-01     9.4432E-03     2.3608E-02
    67     9.1661E+01  7.5674E+01     1.9167E-01     4.4108E-03     2.3013E-02
    68     7.5674E+01  6.7904E+01     1.0833E-01     2.4930E-03     2.3013E-02
    69     6.7904E+01  5.5595E+01     2.0000E-01     4.5109E-03     2.2554E-02
    70     5.5595E+01  5.1578E+01     7.5000E-02     1.6572E-03     2.2096E-02
    71     5.1578E+01  4.8252E+01     6.6666E-02     1.4730E-03     2.2096E-02
    72     4.8252E+01  4.5517E+01     5.8334E-02     1.2889E-03     2.2096E-02
    73     4.5517E+01  4.0169E+01     1.2500E-01     2.7619E-03     2.2096E-02
    74     4.0169E+01  3.7266E+01     7.5001E-02     1.6570E-03     2.2093E-02
    75     3.7266E+01  3.3720E+01     1.0000E-01     2.0141E-03     2.0140E-02
    76     3.3720E+01  3.0511E+01     9.9997E-02     2.0140E-03     2.0140E-02
    77     3.0511E+01  2.7608E+01     1.0000E-01     2.0141E-03     2.0140E-02
    78     2.7608E+01  2.4980E+01     9.9999E-02     2.0140E-03     2.0140E-02
    79     2.4980E+01  2.2603E+01     1.0000E-01     2.0140E-03     2.0140E-02
    80     2.2603E+01  1.9455E+01     1.5000E-01     2.9126E-03     1.9417E-02
    81     1.9455E+01  1.5928E+01     2.0000E-01     3.8832E-03     1.9416E-02
    82     1.5928E+01  1.3710E+01     1.5000E-01     2.9125E-03     1.9416E-02
    83     1.3710E+01  1.1224E+01     2.0000E-01     3.9709E-03     1.9855E-02
    84     1.1224E+01  9.9056E+00     1.2500E-01     2.4819E-03     1.9855E-02
    85     9.9056E+00  9.1898E+00     7.5000E-02     1.4891E-03     1.9855E-02
    86     9.1898E+00  8.3153E+00     9.9999E-02     1.9854E-03     1.9855E-02
    87     8.3153E+00  7.5240E+00     1.0000E-01     1.5529E-03     1.5528E-02
    88     7.5240E+00  6.1601E+00     2.0000E-01     3.1054E-03     1.5527E-02
    89     6.1601E+00  5.3464E+00     1.4167E-01     2.1997E-03     1.5527E-02
    90     5.3464E+00  5.0435E+00     5.8333E-02     9.0573E-04     1.5527E-02
    91     5.0435E+00  4.1293E+00     2.0000E-01     3.6239E-03     1.8120E-02
    92     4.1293E+00  4.0000E+00     3.1801E-02     5.7627E-04     1.8121E-02
    93     4.0000E+00  3.3807E+00     1.6820E-01     3.0479E-03     1.8121E-02
    94     3.3807E+00  3.3000E+00     2.4175E-02     4.3807E-04     1.8121E-02
    95     3.3000E+00  2.7679E+00     1.7583E-01     3.1806E-03     1.8090E-02
    96     2.7679E+00  2.7200E+00     1.7464E-02     3.1551E-04     1.8066E-02
    97     2.7200E+00  2.6000E+00     4.5120E-02     8.1514E-04     1.8066E-02
    98     2.6000E+00  2.5500E+00     1.9418E-02     3.5080E-04     1.8066E-02
    99     2.5500E+00  2.3600E+00     7.7432E-02     1.3989E-03     1.8066E-02
   100     2.3600E+00  2.1300E+00     1.0254E-01     1.8525E-03     1.8066E-02
   101     2.1300E+00  2.1000E+00     1.4185E-02     2.5626E-04     1.8066E-02
   102     2.1000E+00  2.0200E+00     3.8840E-02     7.0167E-04     1.8066E-02
   103     2.0200E+00  1.9300E+00     4.5578E-02     8.2340E-04     1.8066E-02
   104     1.9300E+00  1.8400E+00     4.7754E-02     8.7358E-04     1.8293E-02
   105     1.8400E+00  1.7550E+00     4.7297E-02     9.1768E-04     1.9403E-02
   106     1.7550E+00  1.6700E+00     4.9645E-02     9.6325E-04     1.9403E-02
   107     1.6700E+00  1.5900E+00     4.9090E-02     9.5247E-04     1.9403E-02
   108     1.5900E+00  1.5000E+00     5.8269E-02     1.1306E-03     1.9403E-02
   109     1.5000E+00  1.4750E+00     1.6807E-02     3.2610E-04     1.9403E-02
   110     1.4750E+00  1.4450E+00     2.0563E-02     3.9897E-04     1.9403E-02
   111     1.4450E+00  1.3700E+00     5.3285E-02     1.0339E-03     1.9403E-02
   112     1.3700E+00  1.3375E+00     2.4009E-02     4.6583E-04     1.9403E-02
   113     1.3375E+00  1.3000E+00     2.8438E-02     5.5177E-04     1.9403E-02
   114     1.3000E+00  1.2350E+00     5.1293E-02     9.9523E-04     1.9403E-02
   115     1.2350E+00  1.1700E+00     5.4067E-02     1.0490E-03     1.9403E-02
   116     1.1700E+00  1.1500E+00     1.7242E-02     3.3454E-04     1.9403E-02
   117     1.1500E+00  1.1253E+00     2.1668E-02     4.2041E-04     1.9403E-02
   118     1.1253E+00  1.1100E+00     1.3734E-02     2.3572E-04     1.7163E-02
   119     1.1100E+00  1.0970E+00     1.1781E-02     2.0158E-04     1.7111E-02
   120     1.0970E+00  1.0710E+00     2.3986E-02     4.1043E-04     1.7111E-02
   121     1.0710E+00  1.0450E+00     2.4576E-02     4.2052E-04     1.7111E-02
   122     1.0450E+00  1.0350E+00     9.6154E-03     1.6453E-04     1.7111E-02
   123     1.0350E+00  1.0200E+00     1.4599E-02     2.4980E-04     1.7111E-02
   124     1.0200E+00  9.9600E-01     2.3811E-02     4.0743E-04     1.7111E-02
   125     9.9600E-01  9.8600E-01     1.0091E-02     1.7267E-04     1.7111E-02
   126     9.8600E-01  9.7200E-01     1.4301E-02     2.4470E-04     1.7111E-02
   127     9.7200E-01  9.5000E-01     2.2894E-02     3.9174E-04     1.7111E-02
   128     9.5000E-01  9.3000E-01     2.1277E-02     3.6408E-04     1.7111E-02
   129     9.3000E-01  9.1000E-01     2.1740E-02     3.7200E-04     1.7111E-02
   130     9.1000E-01  8.6000E-01     5.6512E-02     9.6699E-04     1.7111E-02
   131     8.6000E-01  8.5000E-01     1.1696E-02     2.0013E-04     1.7111E-02
   132     8.5000E-01  7.9000E-01     7.3203E-02     1.2526E-03     1.7111E-02
   133     7.9000E-01  7.8000E-01     1.2739E-02     2.1798E-04     1.7111E-02
   134     7.8000E-01  7.0500E-01     1.0110E-01     1.7299E-03     1.7111E-02
   135     7.0500E-01  6.2500E-01     1.2045E-01     2.3477E-03     1.9492E-02
   136     6.2500E-01  5.4000E-01     1.4618E-01     2.9737E-03     2.0342E-02
   137     5.4000E-01  5.0000E-01     7.6961E-02     1.5656E-03     2.0342E-02
   138     5.0000E-01  4.8500E-01     3.0459E-02     6.1961E-04     2.0342E-02
   139     4.8500E-01  4.3300E-01     1.1341E-01     2.3071E-03     2.0342E-02
   140     4.3300E-01  4.0000E-01     7.9273E-02     1.6593E-03     2.0932E-02
   141     4.0000E-01  3.9100E-01     2.2757E-02     4.9383E-04     2.1700E-02
   142     3.9100E-01  3.5000E-01     1.1077E-01     2.4038E-03     2.1700E-02
   143     3.5000E-01  3.2000E-01     8.9612E-02     1.9446E-03     2.1700E-02
   144     3.2000E-01  3.1450E-01     1.7337E-02     3.7621E-04     2.1700E-02
   145     3.1450E-01  3.0000E-01     4.7202E-02     1.0243E-03     2.1700E-02
   146     3.0000E-01  2.8000E-01     6.8993E-02     1.4972E-03     2.1700E-02
   147     2.8000E-01  2.4800E-01     1.2136E-01     2.8082E-03     2.3139E-02
   148     2.4800E-01  2.2000E-01     1.1980E-01     4.3399E-03     3.6226E-02
   149     2.2000E-01  1.8900E-01     1.5188E-01     5.5020E-03     3.6226E-02
   150     1.8900E-01  1.8000E-01     4.8790E-02     1.7675E-03     3.6226E-02
   151     1.8000E-01  1.6000E-01     1.1778E-01     4.2668E-03     3.6226E-02
   152     1.6000E-01  1.4000E-01     1.3353E-01     5.5785E-03     4.1777E-02
   153     1.4000E-01  1.3400E-01     4.3803E-02     1.9816E-03     4.5239E-02
   154     1.3400E-01  1.1500E-01     1.5291E-01     6.9174E-03     4.5239E-02
   155     1.1500E-01  1.0000E-01     1.3976E-01     6.3227E-03     4.5239E-02
   156     1.0000E-01  9.5000E-02     5.1293E-02     2.1747E-03     4.2397E-02
   157     9.5000E-02  8.0000E-02     1.7185E-01     7.2859E-03     4.2397E-02
   158     8.0000E-02  7.7000E-02     3.8221E-02     1.3974E-03     3.6562E-02
   159     7.7000E-02  6.7000E-02     1.3911E-01     5.0863E-03     3.6562E-02
   160     6.7000E-02  5.8000E-02     1.4425E-01     4.9249E-03     3.4142E-02
   161     5.8000E-02  5.0000E-02     1.4842E-01     3.9176E-03     2.6395E-02
   162     5.0000E-02  4.2000E-02     1.7435E-01     4.3882E-03     2.5168E-02
   163     4.2000E-02  3.5000E-02     1.8232E-01     3.1545E-03     1.7302E-02
   164     3.5000E-02  3.0000E-02     1.5415E-01     2.6671E-03     1.7302E-02
   165     3.0000E-02  2.5000E-02     1.8232E-01     1.7979E-03     9.8611E-03
   166     2.5000E-02  2.0000E-02     2.2314E-01     2.2005E-03     9.8614E-03
   167     2.0000E-02  1.5000E-02     2.8768E-01     1.5979E-03     5.5544E-03
   168     1.5000E-02  1.0000E-02     4.0547E-01     1.2335E-03     3.0422E-03
   169     1.0000E-02  6.9000E-03     3.7106E-01     4.1385E-04     1.1153E-03
   170     6.9000E-03  5.0000E-03     3.2208E-01     3.5922E-04     1.1153E-03
   171     5.0000E-03  3.0000E-03     5.1083E-01     1.1940E-04     2.3375E-04
   172     3.0000E-03  1.0000E-05     5.7038E+00     2.9330E-04     5.1422E-05
  TOTAL                                              7.5716E-01
fispact run time=                  0.13398E-01 secs


 ------------------------------------------------------------------
 Files that have been opened during this run.
 ------------------------------------------------------------------
 The numbers after the unit names are the internal unit numbers.

 arb_flux( 3)    fluxes66.in
 input( 5)       convert2.i
 ind_nuc(18)     /Volumes/Pegasus2/Code/FISPACT-II/FISPACT-II/nuclear_data//TENDL2015data/tendl15_decay12_index
 fluxes(20)      fluxes.convert2
 output(38)      convert2.out
 runlog(48)      convert2.log
 ------------------------------------------------------------------



     Run timestamp:13:04:44 29 January 2018        

     Current time: 13:04:44 29 January 2018        
