



     ==============================================================================
     |                                                                            |
     |                                                                            |
     |             _____ ___ ____  ____   _    ____ _____    ___ ___              |
     |            |  ___|_ _/ ___||  _ \ / \  / ___|_   _|  |_ _|_ _|             |
     |            | |_   | |\___ \| |_) / _ \| |     | |_____| | | |              |
     |            |  _|  | | ___) |  __/ ___ \ |___  | |_____| | | |              |
     |            |_|   |___|____/|_| /_/   \_\____| |_|    |___|___|             |
     |                                                                            |
     |                            F I S P A C T - I I                             |
     |                            -------------------                             |
     |                                                                            |
     |                  Transmutation-Activation Inventory Code                   |
     |                   United Kingdom Atomic Energy Authority                   |
     |                                                                            |
     |                         Release 5.0 May 2021                               |
     |             Copyright (c) 2009-21, UK Atomic Energy Authority              |
     |                                                                            |
     ==============================================================================



1




     =========================================================================================================
     |                                                                                                       |
     |                      R U N   I D E N T I F I C A T I O N   I N F O R M A T I O N                      |
     |                                                                                                       |
     | INITIAL CROSS SECTION DATA                                                                            |
     | Collapsed library timestamp: 09:26:15 20 January 2023                                                 |
     | EAF source library label:                                                                             |
     | FLUX file label:                                                                                      |
     |                                                                                                       |
     | DECAY DATA                                                                                            |
     | Condensed library timestamp: 09:26:15 20 January 2023                                                 |
     | EAF source library label:    Decay input from separate files                                          |
     |                                                                                                       |
     | THIS RUN                                                                                              |
     | timestamp:                   09:26:15 20 January 2023                                                 |
     | fileroot :                   beta_1step                                                               |
     | name of FILES file:          files                                                                    |
     | FISPACT title:               * irradiate steel                                                        |
     |                                                                                                       |
     | See the beta_1step.log file                                                                           |
     | and summary details at the end of this file for further information on files used by this run         |
     |                                                                                                       |
     =========================================================================================================






                                   -------------------------------------------------------------------------------
                                   | NB: IN FOLLOWING TABLES                                                     |
                                   |                         ? MEANS CONVERGENCE NOT REACHED FOR NUCLIDE         |
                                   |                         & MEANS GAMMA SPECTRUM IS APPROXIMATELY CALCULATED  |
                                   |                         # MEANS NUCLIDE IS STABLE                           |
                                   |                         > MEANS NUCLIDE WAS PRESENT BEFORE IRRADIATION      |
                                   -------------------------------------------------------------------------------
                                   |                                                                             |
                                   |                                                                             |
                                   V                                                                             V
1 * * * TIME INTERVAL   1 * * * * * * * TIME IS   0.0000E+00 SECS * * * ELAPSED TIME IS   0.000ps   * * * FLUX AMP IS  0.0000E+00 /cm^2/s  * * * * * * * * * * * * * *
  NUCLIDE        ATOMS         GRAMS        Bq       b-Energy    a-Energy   g-Energy    DOSE RATE                                                            
                                                        kW          kW         kW         Sv/hr                                                              

  H   3     > 5.61300E+20   2.811E-03   9.999E+11   9.143E-07   0.00E+00   0.000E+00   0.000E+00                                                            
  C  14     > 2.61200E+22   6.074E-01   1.007E+11   7.979E-07   0.00E+00   0.000E+00   0.000E+00                                                            
  Co 60     > 2.40000E+16   2.389E-06   1.000E+08   1.551E-09   0.00E+00   4.012E-08   1.100E+02                                                            
0  TOTAL NUMBER OF NUCLIDES PRINTED IN INVENTORY =    3
0  TOTAL CURIES   TOTAL ALPHA   TOTAL BETA    TOTAL GAMMA
                  CURIE-MeV     CURIE-MeV     CURIE-MeV
   2.97472E+01   0.00000E+00   2.89090E-01   6.76788E-03
0  ALPHA BECQUERELS = 0.000000E+00  BETA BECQUERELS = 1.100647E+12  GAMMA BECQUERELS = 0.000000E+00
0  TOTAL ACTIVITY FOR ALL MATERIALS     1.10065E+12 Bq
                                        1.95007E+02 Ci/cc           DENSITY   4.00E+00 gm/cc
   TOTAL ACTIVITY EXCLUDING TRITIUM     1.00754E+11 Bq
                                        1.78510E+01 Ci/cc
0  TOTAL ALPHA HEAT PRODUCTION          0.00000E+00 kW
   TOTAL BETA  HEAT PRODUCTION          1.71374E-06 kW
   TOTAL GAMMA HEAT PRODUCTION          4.01204E-08 kW              TOTAL HEAT PRODUCTION 1.75386E-06 kW
0  INITIAL TOTAL MASS OF MATERIAL       6.10178E-04 kg              TOTAL HEAT EX TRITIUM 8.39530E-07 kW
0  TOTAL MASS OF MATERIAL               6.10178E-04 kg
   NEUTRON  FLUX DURING INTERVAL        0.00000E+00 n/cm^2/s
0  NUMBER OF FISSIONS                   0.00000E+00                 BURN-UP OF ACTINIDES  0.00000E+00 %
0  APPM OF H   3    =  2.1037E+04



                                               COMPOSITION  OF  MATERIAL  BY  ELEMENT
                                               --------------------------------------
0                                                             BETA                     GAMMA                     ALPHA
                      ATOMS      GRAM-ATOMS     GRAMS      CURIES-MeV      kW        CURIES-MeV      kW        CURIES-MeV      kW

    1       H       5.6130E+20   9.3206E-04   2.8111E-03   1.5424E-01   9.1433E-07   0.0000E+00   0.0000E+00   0.0000E+00   0.0000E+00
    6       C       2.6120E+22   4.3373E-02   6.0736E-01   1.3459E-01   7.9786E-07   0.0000E+00   0.0000E+00   0.0000E+00   0.0000E+00
   27       Co      2.4000E+16   3.9853E-08   2.3885E-06   2.6158E-04   1.5507E-09   6.7679E-03   4.0120E-08   0.0000E+00   0.0000E+00



                                               GAMMA SPECTRUM AND ENERGIES/SECOND
                                               ----------------------------------

     NEUTRONS PER SECOND ARISING FROM SPONTANEOUS FISSION                    0.00000E+00    Entered density (g/cc)       4.00
     POWER FROM ALPHA PARTICLES (MeV per Second)                             0.00000E+00
     POWER FROM BETA  PARTICLES (MeV per Second)                             1.06963E+10
     TOTAL GAMMA POWER FROM ACTIVATION  (MeV per Second)                     2.50412E+08    Total gammas (per cc per second)      1.34887E+09
     GAMMA RAY POWER FROM ACTIVATION DECAY  MeV/s    (  0.000-  0.010 MeV)   8.35048E+01    Gammas per group (per cc per second)  1.09483E+05
                                                     (  0.010-  0.020 MeV)   0.00000E+00                                          0.00000E+00
                                                     (  0.020-  0.050 MeV)   0.00000E+00                                          0.00000E+00
                                                     (  0.050-  0.100 MeV)   0.00000E+00                                          0.00000E+00
                                                     (  0.100-  0.200 MeV)   0.00000E+00                                          0.00000E+00
                                                     (  0.200-  0.300 MeV)   0.00000E+00                                          0.00000E+00
                                                     (  0.300-  0.400 MeV)   2.60384E+03                                          4.87696E+04
                                                     (  0.400-  0.600 MeV)   0.00000E+00                                          0.00000E+00
                                                     (  0.600-  0.800 MeV)   0.00000E+00                                          0.00000E+00
                                                     (  0.800-  1.000 MeV)   6.27905E+03                                          4.57357E+04
                                                     (  1.000-  1.220 MeV)   1.17160E+08                                          6.91926E+08
                                                     (  1.220-  1.440 MeV)   1.33240E+08                                          6.56732E+08
                                                     (  1.440-  1.660 MeV)   0.00000E+00                                          0.00000E+00
                                                     (  1.660-  2.000 MeV)   0.00000E+00                                          0.00000E+00
                                                     (  2.000-  2.500 MeV)   2.59057E+03                                          7.54773E+03
                                                     (  2.500-  3.000 MeV)   5.01193E+00                                          1.19475E+01
                                                     (  3.000-  4.000 MeV)   0.00000E+00                                          0.00000E+00
                                                     (  4.000-  5.000 MeV)   0.00000E+00                                          0.00000E+00
                                                     (  5.000-  6.500 MeV)   0.00000E+00                                          0.00000E+00
                                                     (  6.500-  8.000 MeV)   0.00000E+00                                          0.00000E+00
                                                     (  8.000- 10.000 MeV)   0.00000E+00                                          0.00000E+00
                                                     ( 10.000- 12.000 MeV)   0.00000E+00                                          0.00000E+00
                                                     ( 12.000- 14.000 MeV)   0.00000E+00                                          0.00000E+00
                                                     ( 14.000- 20.000 MeV)   0.00000E+00                                          0.00000E+00

GAMMA SPECTRUM END


    DOSE RATE (PLANE SOURCE) FROM GAMMAS WITH ENERGY 0-20 MeV IS            1.10005E+02 Sieverts/hour   ( 1.10005E+04 Rems/hour)

1 * * * TIME INTERVAL   2 * * * * * * * TIME IS   3.1558E+07 SECS OR  1.0000E+00 YEARS * * * ELAPSED TIME IS   1.000 y   * * * FLUX AMP IS  2.2204E-16 /cm^2/s  * * *
  NUCLIDE        ATOMS         GRAMS        Bq       b-Energy    a-Energy   g-Energy    DOSE RATE                                                            
                                                        kW          kW         kW         Sv/hr                                                              

  H   3     > 5.30612E+20   2.657E-03   9.452E+11   8.643E-07   0.00E+00   0.000E+00   0.000E+00                                                            
  He  3    #  3.06881E+19   1.537E-04   0.000E+00   0.000E+00   0.00E+00   0.000E+00   0.000E+00                                                            
  C  14     > 2.61168E+22   6.073E-01   1.006E+11   7.978E-07   0.00E+00   0.000E+00   0.000E+00                                                            
  N  14    #  3.17620E+18   7.386E-05   0.000E+00   0.000E+00   0.00E+00   0.000E+00   0.000E+00                                                            
  Co 60     > 2.10404E+16   2.094E-06   8.768E+07   1.359E-09   0.00E+00   3.517E-08   9.646E+01                                                            
  Ni 60    #  2.95964E+15   2.945E-07   0.000E+00   0.000E+00   0.00E+00   0.000E+00   0.000E+00                                                            
0  TOTAL NUMBER OF NUCLIDES PRINTED IN INVENTORY =    6
0  TOTAL CURIES   TOTAL ALPHA   TOTAL BETA    TOTAL GAMMA
                  CURIE-MeV     CURIE-MeV     CURIE-MeV
   2.82691E+01   0.00000E+00   2.80608E-01   5.93328E-03
0  ALPHA BECQUERELS = 0.000000E+00  BETA BECQUERELS = 1.045955E+12  GAMMA BECQUERELS = 0.000000E+00
0  TOTAL ACTIVITY FOR ALL MATERIALS     1.04596E+12 Bq
                                        1.85317E+02 Ci/cc           DENSITY   4.00E+00 gm/cc
   TOTAL ACTIVITY EXCLUDING TRITIUM     1.00729E+11 Bq
                                        1.78467E+01 Ci/cc
0  TOTAL ALPHA HEAT PRODUCTION          0.00000E+00 kW
   TOTAL BETA  HEAT PRODUCTION          1.66346E-06 kW
   TOTAL GAMMA HEAT PRODUCTION          3.51728E-08 kW              TOTAL HEAT PRODUCTION 1.69863E-06 kW
0  INITIAL TOTAL MASS OF MATERIAL       6.10178E-04 kg              TOTAL HEAT EX TRITIUM 8.34295E-07 kW
0  TOTAL MASS OF MATERIAL               6.10178E-04 kg
   NEUTRON  FLUX DURING INTERVAL        2.22045E-16 n/cm^2/s
0  NUMBER OF FISSIONS                   0.00000E+00                 BURN-UP OF ACTINIDES  0.00000E+00 %
0  APPM OF He  3    =  1.1502E+03
   APPM OF H   3    =  1.9887E+04



                                               COMPOSITION  OF  MATERIAL  BY  ELEMENT
                                               --------------------------------------
0                                                             BETA                     GAMMA                     ALPHA
                      ATOMS      GRAM-ATOMS     GRAMS      CURIES-MeV      kW        CURIES-MeV      kW        CURIES-MeV      kW

    1       H       5.3061E+20   8.8110E-04   2.6574E-03   1.4580E-01   8.6434E-07   0.0000E+00   0.0000E+00   0.0000E+00   0.0000E+00
    2       He      3.0688E+19   5.0959E-05   1.5369E-04   0.0000E+00   0.0000E+00   0.0000E+00   0.0000E+00   0.0000E+00   0.0000E+00
    6       C       2.6117E+22   4.3368E-02   6.0729E-01   1.3457E-01   7.9776E-07   0.0000E+00   0.0000E+00   0.0000E+00   0.0000E+00
    7       N       3.1762E+18   5.2742E-06   7.3855E-05   0.0000E+00   0.0000E+00   0.0000E+00   0.0000E+00   0.0000E+00   0.0000E+00
   27       Co      2.1040E+16   3.4938E-08   2.0940E-06   2.2932E-04   1.3594E-09   5.9333E-03   3.5173E-08   0.0000E+00   0.0000E+00
   28       Ni      2.9596E+15   4.9146E-09   2.9454E-07   0.0000E+00   0.0000E+00   0.0000E+00   0.0000E+00   0.0000E+00   0.0000E+00



                                               GAMMA SPECTRUM AND ENERGIES/SECOND
                                               ----------------------------------

     NEUTRONS PER SECOND ARISING FROM SPONTANEOUS FISSION                    0.00000E+00    Entered density (g/cc)       4.00
     POWER FROM ALPHA PARTICLES (MeV per Second)                             0.00000E+00
     POWER FROM BETA  PARTICLES (MeV per Second)                             1.03825E+10
     TOTAL GAMMA POWER FROM ACTIVATION  (MeV per Second)                     2.19531E+08    Total gammas (per cc per second)      1.18253E+09
     GAMMA RAY POWER FROM ACTIVATION DECAY  MeV/s    (  0.000-  0.010 MeV)   7.32072E+01    Gammas per group (per cc per second)  9.59814E+04
                                                     (  0.010-  0.020 MeV)   0.00000E+00                                          0.00000E+00
                                                     (  0.020-  0.050 MeV)   0.00000E+00                                          0.00000E+00
                                                     (  0.050-  0.100 MeV)   0.00000E+00                                          0.00000E+00
                                                     (  0.100-  0.200 MeV)   0.00000E+00                                          0.00000E+00
                                                     (  0.200-  0.300 MeV)   0.00000E+00                                          0.00000E+00
                                                     (  0.300-  0.400 MeV)   2.28274E+03                                          4.27554E+04
                                                     (  0.400-  0.600 MeV)   0.00000E+00                                          0.00000E+00
                                                     (  0.600-  0.800 MeV)   0.00000E+00                                          0.00000E+00
                                                     (  0.800-  1.000 MeV)   5.50473E+03                                          4.00956E+04
                                                     (  1.000-  1.220 MeV)   1.02712E+08                                          6.06599E+08
                                                     (  1.220-  1.440 MeV)   1.16809E+08                                          5.75745E+08
                                                     (  1.440-  1.660 MeV)   0.00000E+00                                          0.00000E+00
                                                     (  1.660-  2.000 MeV)   0.00000E+00                                          0.00000E+00
                                                     (  2.000-  2.500 MeV)   2.27110E+03                                          6.61695E+03
                                                     (  2.500-  3.000 MeV)   4.39387E+00                                          1.04741E+01
                                                     (  3.000-  4.000 MeV)   0.00000E+00                                          0.00000E+00
                                                     (  4.000-  5.000 MeV)   0.00000E+00                                          0.00000E+00
                                                     (  5.000-  6.500 MeV)   0.00000E+00                                          0.00000E+00
                                                     (  6.500-  8.000 MeV)   0.00000E+00                                          0.00000E+00
                                                     (  8.000- 10.000 MeV)   0.00000E+00                                          0.00000E+00
                                                     ( 10.000- 12.000 MeV)   0.00000E+00                                          0.00000E+00
                                                     ( 12.000- 14.000 MeV)   0.00000E+00                                          0.00000E+00
                                                     ( 14.000- 20.000 MeV)   0.00000E+00                                          0.00000E+00

GAMMA SPECTRUM END


    DOSE RATE (PLANE SOURCE) FROM GAMMAS WITH ENERGY 0-20 MeV IS            9.64630E+01 Sieverts/hour   ( 9.64630E+03 Rems/hour)




                                               DOMINANT NUCLIDES
                                               -----------------

      NUCLIDE   ACTIVITY    PERCENT  NUCLIDE     HEAT      PERCENT  NUCLIDE  DOSE RATE    PERCENT 
                  (Bq)      ACTIVITY             (kW)       HEAT              (Sv/hr)    DOSE RATE
       Total   1.0460E+12             Total   1.6986E-06             Total   9.6463E+01
    1  H   3   9.4523E+11  90.37E+00  H   3   8.6434E-07  50.88E+00  Co 60   9.6463E+01  10.00E+01
    2  C  14   1.0064E+11  96.22E-01  C  14   7.9776E-07  46.96E+00          0.0000E+00  00.00E+00
    3  Co 60   8.7678E+07  83.83E-04  Co 60   3.6532E-08  21.51E-01          0.0000E+00  00.00E+00

      NUCLIDE  GAMMA HEAT   PERCENT  NUCLIDE   BETA HEAT   PERCENT 
                  (kW)       GAMMA               (kW)       BETA
       Total   3.5173E-08             Total   1.6635E-06
    1  Co 60   3.5173E-08  10.00E+01  H   3   8.6434E-07  51.96E+00
    2          0.0000E+00  00.00E+00  C  14   7.9776E-07  47.96E+00
    3          0.0000E+00  00.00E+00  Co 60   1.3594E-09  81.72E-03
1                                                            Summary Output

0           Time       Cumulative   Activity               Dose rate             Heat output           Ingestion dose        Inhalation dose        Tritium activity
           (step)       (Years)      (Bq)                   (Sv/h)                (kW)                    (Sv)                   (Sv)                  (Bq)
 -----Irradiation Phase-----
 Irradn     1.000 y     1.00E+00   1.05E+12               9.65E+01               1.70E-06               0.00E+00               0.00E+00               9.45E+11
0 Mass of material input =  6.1018E-04 kg.    Material density =  4.00 g/cc

  Total irradiation time =  3.155760E+07 s
  Total fluence          =  7.007195E-09 n/cm2
  Mean flux              =  2.220446E-16 n/cm2/s
  Number of on-times     =    1

fispact run time=                   1.8003     secs


 ------------------------------------------------------------------
 Files that have been opened during this run.
 ------------------------------------------------------------------
 The numbers after the unit names are the internal unit numbers.

 output(38)      beta_1step.out
 runlog(48)      beta_1step.log
 betaout(67)     beta_1step.betaspec
 ------------------------------------------------------------------



     Run timestamp:09:26:15 20 January 2023        

     Current time: 09:26:17 20 January 2023        
