



     ==============================================================================
     |                                                                            |
     |                                                                            |
     |             _____ ___ ____  ____   _    ____ _____    ___ ___              |
     |            |  ___|_ _/ ___||  _ \ / \  / ___|_   _|  |_ _|_ _|             |
     |            | |_   | |\___ \| |_) / _ \| |     | |_____| | | |              |
     |            |  _|  | | ___) |  __/ ___ \ |___  | |_____| | | |              |
     |            |_|   |___|____/|_| /_/   \_\____| |_|    |___|___|             |
     |                                                                            |
     |                            F I S P A C T - I I                             |
     |                            -------------------                             |
     |                                                                            |
     |                  Transmutation-Activation Inventory Code                   |
     |                   United Kingdom Atomic Energy Authority                   |
     |                                                                            |
     |                         Release 5.0 May 2021                               |
     |             Copyright (c) 2009-21, UK Atomic Energy Authority              |
     |                                                                            |
     ==============================================================================



1




     =========================================================================================================
     |                                                                                                       |
     |                      R U N   I D E N T I F I C A T I O N   I N F O R M A T I O N                      |
     |                                                                                                       |
     | INITIAL CROSS SECTION DATA                                                                            |
     | Collapsed library timestamp:                                                                          |
     | EAF source library label:                                                                             |
     | FLUX file label:                                                                                      |
     |                                                                                                       |
     | DECAY DATA                                                                                            |
     | Condensed library timestamp: 12:45:21 29 January 2018                                                 |
     | EAF source library label:    Decay input from separate files                                          |
     |                                                                                                       |
     | THIS RUN                                                                                              |
     | timestamp:                   12:45:21 29 January 2018                                                 |
     | fileroot :                   condense_endfb                                                           |
     | name of FILES file:          files.endfb71                                                            |
     | FISPACT title:               * CONDENSE endfb70 decay                                                 |
     |                                                                                                       |
     | See the condense_endfb.log file                                                                       |
     | and summary details at the end of this file for further information on files used by this run         |
     |                                                                                                       |
     =========================================================================================================


fispact run time=                   1.7710     secs


 ------------------------------------------------------------------
 Files that have been opened during this run.
 ------------------------------------------------------------------
 The numbers after the unit names are the internal unit numbers.

 input( 5)       condense_endfb.i
 arrayx(13)      ARRAYX
 ind_nuc(18)     /Volumes/Pegasus2/Code/FISPACT-II/FISPACT-II/nuclear_data//ENDFB71data/endfb71_index
 output(38)      condense_endfb.out
 runlog(48)      condense_endfb.log
 dk_endf(53)     /Volumes/Pegasus2/Code/FISPACT-II/FISPACT-II/nuclear_data//ENDFB71data/decay
 fy_endf(54)     /Volumes/Pegasus2/Code/FISPACT-II/FISPACT-II/nuclear_data//ENDFB71data/endfb71-n/endfb71nfy
 ------------------------------------------------------------------



     Run timestamp:12:45:21 29 January 2018        

     Current time: 12:48:59 29 January 2018        
