



     ==============================================================================
     |                                                                            |
     |                                                                            |
     |             _____ ___ ____  ____   _    ____ _____    ___ ___              |
     |            |  ___|_ _/ ___||  _ \ / \  / ___|_   _|  |_ _|_ _|             |
     |            | |_   | |\___ \| |_) / _ \| |     | |_____| | | |              |
     |            |  _|  | | ___) |  __/ ___ \ |___  | |_____| | | |              |
     |            |_|   |___|____/|_| /_/   \_\____| |_|    |___|___|             |
     |                                                                            |
     |                            F I S P A C T - I I                             |
     |                            -------------------                             |
     |                                                                            |
     |                  Transmutation-Activation Inventory Code                   |
     |                   United Kingdom Atomic Energy Authority                   |
     |                                                                            |
     |                         Release 5.0 May 2021                               |
     |             Copyright (c) 2009-21, UK Atomic Energy Authority              |
     |                                                                            |
     ==============================================================================



1




     =========================================================================================================
     |                                                                                                       |
     |                      R U N   I D E N T I F I C A T I O N   I N F O R M A T I O N                      |
     |                                                                                                       |
     | INITIAL CROSS SECTION DATA                                                                            |
     | Collapsed library timestamp:                                                                          |
     | EAF source library label:                                                                             |
     | FLUX file label:                                                                                      |
     |                                                                                                       |
     | DECAY DATA                                                                                            |
     | Condensed library timestamp:                                                                          |
     | EAF source library label:                                                                             |
     |                                                                                                       |
     | THIS RUN                                                                                              |
     | timestamp:                   09:53:08 26 January 2018                                                 |
     | fileroot :                   cnvlim2l                                                                 |
     | name of FILES file:          files.cnvlim2l                                                           |
     | FISPACT title:               * Linear+cutoff SPECTRAL MODIFICATION  66 WIMS -172 XMAS                 |
     |                                                                                                       |
     | See the cnvlim2l.log file                                                                             |
     | and summary details at the end of this file for further information on files used by this run         |
     |                                                                                                       |
     =========================================================================================================


  CONVERSION OF ARBITRARY FLUX INTO STANDARD GROUP STRUCTURE

  Number of input arbitrary energy groups  =   66
  Number of output standard energy groups  =  172

 Fraction 0.7445 of input group   2 included in output group   1
 Fraction 0.1395 of input group   2 included in output group   2
 Fraction 0.9909 of input group   3 included in output group   2
 Fraction 0.0091 of input group   3 included in output group   3
 Fraction 0.2163 of input group   4 included in output group   3
 Fraction 0.4535 of input group   4 included in output group   4
 Fraction 0.3303 of input group   4 included in output group   5
 Fraction 0.4612 of input group   5 included in output group   6
 Fraction 0.3776 of input group   5 included in output group   7
 Fraction 0.1611 of input group   5 included in output group   8
 Fraction 0.0043 of input group   6 included in output group   8
 Fraction 0.5247 of input group   6 included in output group   9
 Fraction 0.4710 of input group   6 included in output group  10
 Fraction 0.3695 of input group   7 included in output group  10
 Fraction 0.6305 of input group   7 included in output group  11
 Fraction 0.0015 of input group   8 included in output group  11
 Fraction 0.8233 of input group   8 included in output group  12
 Fraction 0.1752 of input group   8 included in output group  13
 Fraction 0.6313 of input group   9 included in output group  13
 Fraction 0.3667 of input group   9 included in output group  14
 Fraction 0.0020 of input group   9 included in output group  15
 Fraction 0.4307 of input group  10 included in output group  15
 Fraction 0.5693 of input group  10 included in output group  16
 Fraction 0.2231 of input group  11 included in output group  16
 Fraction 0.7683 of input group  11 included in output group  17
 Fraction 0.0086 of input group  11 included in output group  18
 Fraction 0.5227 of input group  12 included in output group  18
 Fraction 0.4773 of input group  12 included in output group  19
 Fraction 0.0068 of input group  13 included in output group  19
 Fraction 0.3647 of input group  13 included in output group  20
 Fraction 0.3300 of input group  13 included in output group  21
 Fraction 0.2986 of input group  13 included in output group  22
 Fraction 1.0000 of input group  14 included in output group  23
 Fraction 0.2205 of input group  15 included in output group  23
 Fraction 0.4093 of input group  15 included in output group  24
 Fraction 0.3702 of input group  15 included in output group  25
 Fraction 0.0003 of input group  16 included in output group  25
 Fraction 0.4339 of input group  16 included in output group  26
 Fraction 0.3926 of input group  16 included in output group  27
 Fraction 0.1733 of input group  16 included in output group  28
 Fraction 1.0000 of input group  17 included in output group  28
 Fraction 0.0002 of input group  18 included in output group  28
 Fraction 0.2419 of input group  18 included in output group  29
 Fraction 0.2189 of input group  18 included in output group  30
 Fraction 0.5390 of input group  18 included in output group  31
 Fraction 0.0006 of input group  19 included in output group  31
 Fraction 0.8375 of input group  19 included in output group  32
 Fraction 0.1619 of input group  19 included in output group  33
 Fraction 0.0002 of input group  20 included in output group  33
 Fraction 0.6586 of input group  20 included in output group  34
 Fraction 0.3412 of input group  20 included in output group  35
 Fraction 0.0000 of input group  21 included in output group  35
 Fraction 0.4607 of input group  21 included in output group  36
 Fraction 0.5393 of input group  21 included in output group  37
 Fraction 0.0002 of input group  22 included in output group  37
 Fraction 0.2537 of input group  22 included in output group  38
 Fraction 0.5020 of input group  22 included in output group  39
 Fraction 0.1232 of input group  22 included in output group  40
 Fraction 0.1210 of input group  22 included in output group  41
 Fraction 0.1332 of input group  23 included in output group  41
 Fraction 0.8668 of input group  23 included in output group  42
 Fraction 0.6737 of input group  24 included in output group  42
 Fraction 0.3253 of input group  24 included in output group  43
 Fraction 0.0009 of input group  24 included in output group  44
 Fraction 0.6585 of input group  25 included in output group  44
 Fraction 0.3415 of input group  25 included in output group  45
 Fraction 0.0001 of input group  26 included in output group  45
 Fraction 0.4607 of input group  26 included in output group  46
 Fraction 0.5393 of input group  26 included in output group  47
 Fraction 0.0001 of input group  27 included in output group  47
 Fraction 0.2419 of input group  27 included in output group  48
 Fraction 0.6792 of input group  27 included in output group  49
 Fraction 0.0789 of input group  27 included in output group  50
 Fraction 0.0007 of input group  28 included in output group  50
 Fraction 0.9993 of input group  28 included in output group  51
 Fraction 1.0000 of input group  29 included in output group  51
 Fraction 0.4209 of input group  30 included in output group  51
 Fraction 0.5791 of input group  30 included in output group  52
 Fraction 0.0004 of input group  31 included in output group  52
 Fraction 0.6584 of input group  31 included in output group  53
 Fraction 0.0918 of input group  31 included in output group  54
 Fraction 0.2493 of input group  31 included in output group  55
 Fraction 0.0001 of input group  31 included in output group  56
 Fraction 0.4606 of input group  32 included in output group  56
 Fraction 0.1980 of input group  32 included in output group  57
 Fraction 0.3413 of input group  32 included in output group  58
 Fraction 0.0000 of input group  32 included in output group  59
 Fraction 0.2418 of input group  33 included in output group  59
 Fraction 0.7582 of input group  33 included in output group  60
 Fraction 0.0000 of input group  34 included in output group  60
 Fraction 0.4608 of input group  34 included in output group  61
 Fraction 0.3773 of input group  34 included in output group  62
 Fraction 0.1620 of input group  34 included in output group  63
 Fraction 0.6587 of input group  35 included in output group  63
 Fraction 0.3413 of input group  35 included in output group  64
 Fraction 0.2797 of input group  36 included in output group  64
 Fraction 0.1809 of input group  36 included in output group  65
 Fraction 0.5395 of input group  36 included in output group  66
 Fraction 0.2418 of input group  37 included in output group  66
 Fraction 0.4011 of input group  37 included in output group  67
 Fraction 0.1949 of input group  37 included in output group  68
 Fraction 0.1622 of input group  37 included in output group  69
 Fraction 0.2418 of input group  38 included in output group  69
 Fraction 0.1662 of input group  38 included in output group  70
 Fraction 0.1376 of input group  38 included in output group  71
 Fraction 0.1131 of input group  38 included in output group  72
 Fraction 0.2213 of input group  38 included in output group  73
 Fraction 0.1199 of input group  38 included in output group  74
 Fraction 0.0002 of input group  39 included in output group  74
 Fraction 0.2417 of input group  39 included in output group  75
 Fraction 0.2187 of input group  39 included in output group  76
 Fraction 0.1979 of input group  39 included in output group  77
 Fraction 0.1791 of input group  39 included in output group  78
 Fraction 0.1620 of input group  39 included in output group  79
 Fraction 0.0002 of input group  39 included in output group  80
 Fraction 0.3538 of input group  40 included in output group  80
 Fraction 0.3967 of input group  40 included in output group  81
 Fraction 0.2495 of input group  40 included in output group  82
 Fraction 0.0001 of input group  41 included in output group  82
 Fraction 0.4606 of input group  41 included in output group  83
 Fraction 0.2445 of input group  41 included in output group  84
 Fraction 0.1327 of input group  41 included in output group  85
 Fraction 0.1621 of input group  41 included in output group  86
 Fraction 0.0001 of input group  41 included in output group  87
 Fraction 0.2418 of input group  42 included in output group  87
 Fraction 0.4168 of input group  42 included in output group  88
 Fraction 0.2487 of input group  42 included in output group  89
 Fraction 0.0926 of input group  42 included in output group  90
 Fraction 0.0001 of input group  42 included in output group  91
 Fraction 0.4606 of input group  43 included in output group  91
 Fraction 0.0651 of input group  43 included in output group  92
 Fraction 0.3121 of input group  43 included in output group  93
 Fraction 0.0407 of input group  43 included in output group  94
 Fraction 0.1215 of input group  43 included in output group  95
 Fraction 0.2418 of input group  44 included in output group  95
 Fraction 0.0398 of input group  44 included in output group  96
 Fraction 0.0997 of input group  44 included in output group  97
 Fraction 0.0415 of input group  44 included in output group  98
 Fraction 0.1578 of input group  44 included in output group  99
 Fraction 0.1910 of input group  44 included in output group 100
 Fraction 0.0249 of input group  44 included in output group 101
 Fraction 0.0664 of input group  44 included in output group 102
 Fraction 0.0748 of input group  44 included in output group 103
 Fraction 0.0623 of input group  44 included in output group 104
 Fraction 0.0205 of input group  45 included in output group 104
 Fraction 0.1164 of input group  45 included in output group 105
 Fraction 0.1164 of input group  45 included in output group 106
 Fraction 0.1096 of input group  45 included in output group 107
 Fraction 0.1233 of input group  45 included in output group 108
 Fraction 0.0342 of input group  45 included in output group 109
 Fraction 0.0411 of input group  45 included in output group 110
 Fraction 0.1027 of input group  45 included in output group 111
 Fraction 0.0445 of input group  45 included in output group 112
 Fraction 0.0514 of input group  45 included in output group 113
 Fraction 0.0890 of input group  45 included in output group 114
 Fraction 0.0890 of input group  45 included in output group 115
 Fraction 0.0274 of input group  45 included in output group 116
 Fraction 0.0338 of input group  45 included in output group 117
 Fraction 0.0005 of input group  45 included in output group 118
 Fraction 0.0339 of input group  46 included in output group 118
 Fraction 0.0294 of input group  46 included in output group 119
 Fraction 0.0588 of input group  46 included in output group 120
 Fraction 0.0588 of input group  46 included in output group 121
 Fraction 0.0226 of input group  46 included in output group 122
 Fraction 0.0339 of input group  46 included in output group 123
 Fraction 0.0543 of input group  46 included in output group 124
 Fraction 0.0226 of input group  46 included in output group 125
 Fraction 0.0317 of input group  46 included in output group 126
 Fraction 0.0498 of input group  46 included in output group 127
 Fraction 0.0452 of input group  46 included in output group 128
 Fraction 0.0452 of input group  46 included in output group 129
 Fraction 0.1131 of input group  46 included in output group 130
 Fraction 0.0226 of input group  46 included in output group 131
 Fraction 0.1357 of input group  46 included in output group 132
 Fraction 0.0226 of input group  46 included in output group 133
 Fraction 0.1697 of input group  46 included in output group 134
 Fraction 0.0498 of input group  46 included in output group 135
 Fraction 0.2156 of input group  47 included in output group 135
 Fraction 0.3160 of input group  47 included in output group 136
 Fraction 0.1487 of input group  47 included in output group 137
 Fraction 0.0558 of input group  47 included in output group 138
 Fraction 0.1933 of input group  47 included in output group 139
 Fraction 0.0706 of input group  47 included in output group 140
 Fraction 0.0859 of input group  48 included in output group 140
 Fraction 0.0552 of input group  48 included in output group 141
 Fraction 0.2515 of input group  48 included in output group 142
 Fraction 0.1840 of input group  48 included in output group 143
 Fraction 0.0337 of input group  48 included in output group 144
 Fraction 0.0890 of input group  48 included in output group 145
 Fraction 0.1227 of input group  48 included in output group 146
 Fraction 0.1779 of input group  48 included in output group 147
 Fraction 0.0303 of input group  49 included in output group 147
 Fraction 0.2828 of input group  49 included in output group 148
 Fraction 0.3131 of input group  49 included in output group 149
 Fraction 0.0909 of input group  49 included in output group 150
 Fraction 0.2020 of input group  49 included in output group 151
 Fraction 0.0808 of input group  49 included in output group 152
 Fraction 0.2308 of input group  50 included in output group 152
 Fraction 0.1154 of input group  50 included in output group 153
 Fraction 0.3654 of input group  50 included in output group 154
 Fraction 0.2885 of input group  50 included in output group 155
 Fraction 0.0000 of input group  50 included in output group 156
 Fraction 0.2500 of input group  51 included in output group 156
 Fraction 0.7500 of input group  51 included in output group 157
 Fraction 0.0000 of input group  52 included in output group 157
 Fraction 0.2308 of input group  52 included in output group 158
 Fraction 0.7692 of input group  52 included in output group 159
 Fraction 0.0000 of input group  52 included in output group 160
 Fraction 1.0000 of input group  53 included in output group 160
 Fraction 0.0000 of input group  54 included in output group 160
 Fraction 1.0000 of input group  54 included in output group 161
 Fraction 0.0000 of input group  54 included in output group 162
 Fraction 1.0000 of input group  55 included in output group 162
 Fraction 0.0000 of input group  56 included in output group 162
 Fraction 1.0000 of input group  56 included in output group 163
 Fraction 0.0000 of input group  56 included in output group 164
 Fraction 1.0000 of input group  57 included in output group 164
 Fraction 0.0000 of input group  58 included in output group 164
 Fraction 1.0000 of input group  58 included in output group 165
 Fraction 0.0000 of input group  58 included in output group 166
 Fraction 1.0000 of input group  59 included in output group 166
 Fraction 0.0000 of input group  60 included in output group 166
 Fraction 1.0000 of input group  60 included in output group 167
 Fraction 0.0000 of input group  61 included in output group 167
 Fraction 1.0000 of input group  61 included in output group 168
 Fraction 0.0000 of input group  62 included in output group 168
 Fraction 0.6200 of input group  62 included in output group 169
 Fraction 0.3800 of input group  62 included in output group 170
 Fraction 0.0000 of input group  63 included in output group 170
 Fraction 0.6667 of input group  63 included in output group 171
 Fraction 0.3333 of input group  63 included in output group 172
 Fraction 1.0000 of input group  64 included in output group 172
 Fraction 1.0000 of input group  65 included in output group 172
 Fraction 1.0000 of input group  66 included in output group 172
1   INPUT GROUP STRUCTURE AND DATA

  GROUP      UPPER       LOWER           DE/E           DATA        DATA/(DE/E)  

     1     2.5000E+07  2.0000E+07     2.2222E-01     0.0000E+00     0.0000E+00
     2     2.0000E+07  1.6900E+07     1.6802E-01     0.0000E+00     0.0000E+00
     3     1.6900E+07  1.4900E+07     1.2579E-01     0.0000E+00     0.0000E+00
     4     1.4900E+07  1.0000E+07     3.9357E-01     0.0000E+00     0.0000E+00
     5     1.0000E+07  6.0700E+06     4.8911E-01     7.7400E-03     1.5825E-02
     6     6.0700E+06  4.9700E+06     1.9928E-01     8.7057E-03     4.3687E-02
     7     4.9700E+06  3.6800E+06     2.9827E-01     1.8902E-02     6.3373E-02
     8     3.6800E+06  2.8700E+06     2.4733E-01     2.3536E-02     9.5161E-02
     9     2.8700E+06  2.2300E+06     2.5098E-01     3.1623E-02     1.2600E-01
    10     2.2300E+06  1.7400E+06     2.4685E-01     2.8546E-02     1.1564E-01
    11     1.7400E+06  1.3500E+06     2.5243E-01     2.8993E-02     1.1486E-01
    12     1.3500E+06  1.1100E+06     1.9512E-01     2.0042E-02     1.0272E-01
    13     1.1100E+06  8.2085E+05     2.9951E-01     3.1931E-02     1.0661E-01
    14     8.2085E+05  6.3928E+05     2.4870E-01     3.0660E-02     1.2328E-01
    15     6.3928E+05  4.9790E+05     2.4865E-01     2.3315E-02     9.3766E-02
    16     4.9790E+05  3.8870E+05     2.4633E-01     2.0970E-02     8.5128E-02
    17     3.8870E+05  3.0200E+05     2.5105E-01     2.0057E-02     7.9893E-02
    18     3.0200E+05  1.8320E+05     4.8969E-01     3.3813E-02     6.9049E-02
    19     1.8320E+05  1.1110E+05     4.8998E-01     2.5786E-02     5.2627E-02
    20     1.1110E+05  6.7380E+04     4.8991E-01     2.1715E-02     4.4324E-02
    21     6.7380E+04  4.0870E+04     4.8979E-01     1.8824E-02     3.8433E-02
    22     4.0870E+04  2.5540E+04     4.6168E-01     1.5764E-02     3.4145E-02
    23     2.5540E+04  1.9890E+04     2.4873E-01     7.7800E-03     3.1278E-02
    24     1.9890E+04  1.5030E+04     2.7835E-01     8.5147E-03     3.0590E-02
    25     1.5030E+04  9.1190E+03     4.8954E-01     1.4564E-02     2.9750E-02
    26     9.1190E+03  5.5310E+03     4.8983E-01     1.4126E-02     2.8839E-02
    27     5.5310E+03  3.3550E+03     4.8976E-01     1.3829E-02     2.8236E-02
    28     3.3550E+03  2.8400E+03     1.6626E-01     4.5399E-03     2.7306E-02
    29     2.8400E+03  2.4040E+03     1.6629E-01     4.5405E-03     2.7305E-02
    30     2.4040E+03  2.0350E+03     1.6625E-01     4.5107E-03     2.7131E-02
    31     2.0350E+03  1.2340E+03     4.9006E-01     1.3411E-02     2.7366E-02
    32     1.2340E+03  7.4850E+02     4.8979E-01     1.3158E-02     2.6865E-02
    33     7.4850E+02  4.5400E+02     4.8981E-01     1.2922E-02     2.6382E-02
    34     4.5400E+02  2.7540E+02     4.8972E-01     1.2659E-02     2.5850E-02
    35     2.7540E+02  1.6700E+02     4.9005E-01     1.2254E-02     2.5005E-02
    36     1.6700E+02  1.0130E+02     4.8975E-01     1.1901E-02     2.4300E-02
    37     1.0130E+02  6.1440E+01     4.8986E-01     1.1507E-02     2.3490E-02
    38     6.1440E+01  3.7270E+01     4.8972E-01     1.1045E-02     2.2554E-02
    39     3.7270E+01  2.2600E+01     4.9006E-01     1.0075E-02     2.0559E-02
    40     2.2600E+01  1.3710E+01     4.8967E-01     9.7047E-03     1.9819E-02
    41     1.3710E+01  8.3150E+00     4.8990E-01     9.9286E-03     2.0267E-02
    42     8.3150E+00  5.0430E+00     4.8989E-01     7.7644E-03     1.5849E-02
    43     5.0430E+00  3.0590E+00     4.8976E-01     9.0588E-03     1.8497E-02
    44     3.0590E+00  1.8550E+00     4.9003E-01     9.0366E-03     1.8441E-02
    45     1.8550E+00  1.1250E+00     4.8993E-01     9.7033E-03     1.9805E-02
    46     1.1250E+00  6.8300E-01     4.8894E-01     8.5392E-03     1.7465E-02
    47     6.8300E-01  4.1400E-01     4.9043E-01     1.0184E-02     2.0766E-02
    48     4.1400E-01  2.5100E-01     4.9023E-01     1.0859E-02     2.2151E-02
    49     2.5100E-01  1.5200E-01     4.9132E-01     1.8170E-02     3.6982E-02
    50     1.5200E-01  1.0000E-01     4.1270E-01     1.8942E-02     4.5898E-02
    51     1.0000E-01  8.0000E-02     2.2222E-01     9.4606E-03     4.2573E-02
    52     8.0000E-02  6.7000E-02     1.7687E-01     6.4837E-03     3.6658E-02
    53     6.7000E-02  5.8000E-02     1.4400E-01     4.9249E-03     3.4201E-02
    54     5.8000E-02  5.0000E-02     1.4815E-01     3.9176E-03     2.6444E-02
    55     5.0000E-02  4.2000E-02     1.7391E-01     4.3882E-03     2.5232E-02
    56     4.2000E-02  3.5000E-02     1.8182E-01     3.1545E-03     1.7350E-02
    57     3.5000E-02  3.0000E-02     1.5385E-01     2.6671E-03     1.7336E-02
    58     3.0000E-02  2.5000E-02     1.8182E-01     1.7979E-03     9.8885E-03
    59     2.5000E-02  2.0000E-02     2.2222E-01     2.2005E-03     9.9022E-03
    60     2.0000E-02  1.5000E-02     2.8571E-01     1.5979E-03     5.5926E-03
    61     1.5000E-02  1.0000E-02     4.0000E-01     1.2335E-03     3.0838E-03
    62     1.0000E-02  5.0000E-03     6.6667E-01     7.7307E-04     1.1596E-03
    63     5.0000E-03  2.0000E-03     8.5714E-01     2.1418E-04     2.4988E-04
    64     2.0000E-03  1.0000E-03     6.6667E-01     2.5972E-05     3.8958E-05
    65     1.0000E-03  5.0000E-04     6.6667E-01     2.5972E-05     3.8958E-05
    66     5.0000E-04  1.0000E-05     1.9216E+00     1.4658E-04     7.6281E-05
  TOTAL                                              7.5716E-01
1  OUTPUT GROUP STRUCTURE AND DATA

  GROUP      UPPER       LOWER           DE/E           DATA        DATA/(DE/E)  

     1     1.9640E+07  1.7332E+07     1.2484E-01     0.0000E+00     0.0000E+00
     2     1.7332E+07  1.4918E+07     1.4971E-01     0.0000E+00     0.0000E+00
     3     1.4918E+07  1.3840E+07     7.4969E-02     0.0000E+00     0.0000E+00
     4     1.3840E+07  1.1618E+07     1.7456E-01     0.0000E+00     0.0000E+00
     5     1.1618E+07  1.0000E+07     1.4972E-01     0.0000E+00     0.0000E+00
     6     1.0000E+07  8.1873E+06     1.9934E-01     0.0000E+00     0.0000E+00
     7     8.1873E+06  6.7032E+06     1.9934E-01     0.0000E+00     0.0000E+00
     8     6.7032E+06  6.0653E+06     9.9916E-02     0.0000E+00     0.0000E+00
     9     6.0653E+06  5.4881E+06     9.9917E-02     0.0000E+00     0.0000E+00
    10     5.4881E+06  4.4933E+06     1.9934E-01     2.3431E-02     1.1754E-01
    11     4.4933E+06  3.6788E+06     1.9934E-01     1.1952E-02     5.9959E-02
    12     3.6788E+06  3.0119E+06     1.9934E-01     1.9377E-02     9.7206E-02
    13     3.0119E+06  2.4660E+06     1.9934E-01     2.4088E-02     1.2084E-01
    14     2.4660E+06  2.2313E+06     9.9918E-02     1.1595E-02     1.1605E-01
    15     2.2313E+06  2.0190E+06     9.9914E-02     1.2358E-02     1.2369E-01
    16     2.0190E+06  1.6530E+06     1.9934E-01     2.2720E-02     1.1398E-01
    17     1.6530E+06  1.3534E+06     1.9934E-01     2.2276E-02     1.1175E-01
    18     1.3534E+06  1.2246E+06     9.9918E-02     1.0724E-02     1.0733E-01
    19     1.2246E+06  1.1080E+06     9.9915E-02     9.7843E-03     9.7926E-02
    20     1.1080E+06  1.0026E+06     9.9914E-02     1.1644E-02     1.1654E-01
    21     1.0026E+06  9.0718E+05     9.9918E-02     1.0536E-02     1.0545E-01
    22     9.0718E+05  8.2085E+05     9.9917E-02     9.5335E-03     9.5414E-02
    23     8.2085E+05  6.0810E+05     2.9777E-01     3.5802E-02     1.2023E-01
    24     6.0810E+05  5.5023E+05     9.9918E-02     9.5432E-03     9.5510E-02
    25     5.5023E+05  4.9787E+05     9.9916E-02     8.6356E-03     8.6429E-02
    26     4.9787E+05  4.5049E+05     9.9917E-02     9.0983E-03     9.1058E-02
    27     4.5049E+05  4.0762E+05     9.9917E-02     8.2325E-03     8.2393E-02
    28     4.0762E+05  3.0197E+05     2.9777E-01     2.3698E-02     7.9585E-02
    29     3.0197E+05  2.7324E+05     9.9918E-02     8.1792E-03     8.1859E-02
    30     2.7324E+05  2.4724E+05     9.9917E-02     7.4007E-03     7.4069E-02
    31     2.4724E+05  1.8316E+05     2.9777E-01     1.8241E-02     6.1260E-02
    32     1.8316E+05  1.2277E+05     3.9475E-01     2.1596E-02     5.4707E-02
    33     1.2277E+05  1.1109E+05     9.9913E-02     4.1797E-03     4.1834E-02
    34     1.1109E+05  8.2298E+04     2.9777E-01     1.4301E-02     4.8026E-02
    35     8.2298E+04  6.7380E+04     1.9934E-01     7.4096E-03     3.7172E-02
    36     6.7380E+04  5.5166E+04     1.9934E-01     8.6727E-03     4.3508E-02
    37     5.5166E+04  4.0868E+04     2.9777E-01     1.0153E-02     3.4098E-02
    38     4.0868E+04  3.6979E+04     9.9917E-02     3.9992E-03     4.0025E-02
    39     3.6979E+04  2.9283E+04     2.3228E-01     7.9135E-03     3.4069E-02
    40     2.9283E+04  2.7394E+04     6.6640E-02     1.9420E-03     2.9141E-02
    41     2.7394E+04  2.4788E+04     9.9920E-02     2.9432E-03     2.9456E-02
    42     2.4788E+04  1.6616E+04     3.9475E-01     1.2481E-02     3.1616E-02
    43     1.6616E+04  1.5034E+04     9.9918E-02     2.7703E-03     2.7725E-02
    44     1.5034E+04  1.1138E+04     2.9777E-01     9.5976E-03     3.2232E-02
    45     1.1138E+04  9.1188E+03     1.9934E-01     4.9748E-03     2.4956E-02
    46     9.1188E+03  7.4659E+03     1.9934E-01     6.5077E-03     3.2647E-02
    47     7.4659E+03  5.5308E+03     2.9777E-01     7.6186E-03     2.5585E-02
    48     5.5308E+03  5.0045E+03     9.9917E-02     3.3450E-03     3.3477E-02
    49     5.0045E+03  3.5266E+03     3.4647E-01     9.3923E-03     2.7109E-02
    50     3.5266E+03  3.3546E+03     4.9988E-02     1.0939E-03     2.1884E-02
    51     3.3546E+03  2.2487E+03     3.9475E-01     1.0976E-02     2.7804E-02
    52     2.2487E+03  2.0347E+03     9.9917E-02     2.6173E-03     2.6195E-02
    53     2.0347E+03  1.5073E+03     2.9777E-01     8.8293E-03     2.9652E-02
    54     1.5073E+03  1.4338E+03     4.9987E-02     1.2308E-03     2.4622E-02
    55     1.4338E+03  1.2341E+03     1.4972E-01     3.3439E-03     2.2334E-02
    56     1.2341E+03  1.0104E+03     1.9934E-01     6.0619E-03     3.0410E-02
    57     1.0104E+03  9.1424E+02     9.9913E-02     2.6058E-03     2.6081E-02
    58     9.1424E+02  7.4852E+02     1.9934E-01     4.4914E-03     2.2532E-02
    59     7.4852E+02  6.7729E+02     9.9917E-02     3.1252E-03     3.1278E-02
    60     6.7729E+02  4.5400E+02     3.9475E-01     9.7974E-03     2.4819E-02
    61     4.5400E+02  3.7170E+02     1.9934E-01     5.8331E-03     2.9262E-02
    62     3.7170E+02  3.0433E+02     1.9933E-01     4.7757E-03     2.3958E-02
    63     3.0433E+02  2.0399E+02     3.9475E-01     1.0122E-02     2.5642E-02
    64     2.0399E+02  1.4862E+02     3.1405E-01     7.5105E-03     2.3915E-02
    65     1.4862E+02  1.3674E+02     8.3282E-02     2.1525E-03     2.5846E-02
    66     1.3674E+02  9.1661E+01     3.9475E-01     9.2027E-03     2.3313E-02
    67     9.1661E+01  7.5674E+01     1.9108E-01     4.6153E-03     2.4154E-02
    68     7.5674E+01  6.7904E+01     1.0823E-01     2.2429E-03     2.0724E-02
    69     6.7904E+01  5.5595E+01     1.9934E-01     4.5370E-03     2.2761E-02
    70     5.5595E+01  5.1578E+01     7.4965E-02     1.8357E-03     2.4488E-02
    71     5.1578E+01  4.8252E+01     6.6642E-02     1.5201E-03     2.2810E-02
    72     4.8252E+01  4.5517E+01     5.8318E-02     1.2495E-03     2.1425E-02
    73     4.5517E+01  4.0169E+01     1.2484E-01     2.4441E-03     1.9578E-02
    74     4.0169E+01  3.7266E+01     7.4966E-02     1.3272E-03     1.7704E-02
    75     3.7266E+01  3.3720E+01     9.9917E-02     2.4356E-03     2.4376E-02
    76     3.3720E+01  3.0511E+01     9.9914E-02     2.2037E-03     2.2056E-02
    77     3.0511E+01  2.7608E+01     9.9919E-02     1.9941E-03     1.9957E-02
    78     2.7608E+01  2.4980E+01     9.9916E-02     1.8043E-03     1.8058E-02
    79     2.4980E+01  2.2603E+01     9.9916E-02     1.6326E-03     1.6340E-02
    80     2.2603E+01  1.9455E+01     1.4972E-01     3.4357E-03     2.2947E-02
    81     1.9455E+01  1.5928E+01     1.9933E-01     3.8497E-03     1.9313E-02
    82     1.5928E+01  1.3710E+01     1.4972E-01     2.4223E-03     1.6179E-02
    83     1.3710E+01  1.1224E+01     1.9933E-01     4.5734E-03     2.2944E-02
    84     1.1224E+01  9.9056E+00     1.2484E-01     2.4273E-03     1.9443E-02
    85     9.9056E+00  9.1898E+00     7.4965E-02     1.3172E-03     1.7571E-02
    86     9.1898E+00  8.3153E+00     9.9916E-02     1.6094E-03     1.6108E-02
    87     8.3153E+00  7.5240E+00     9.9918E-02     1.8776E-03     1.8792E-02
    88     7.5240E+00  6.1601E+00     1.9934E-01     3.2364E-03     1.6236E-02
    89     6.1601E+00  5.3464E+00     1.4143E-01     1.9309E-03     1.3652E-02
    90     5.3464E+00  5.0435E+00     5.8316E-02     7.1889E-04     1.2328E-02
    91     5.0435E+00  4.1293E+00     1.9934E-01     4.1733E-03     2.0936E-02
    92     4.1293E+00  4.0000E+00     3.1799E-02     5.9015E-04     1.8559E-02
    93     4.0000E+00  3.3807E+00     1.6780E-01     2.8275E-03     1.6850E-02
    94     3.3807E+00  3.3000E+00     2.4174E-02     3.6870E-04     1.5252E-02
    95     3.3000E+00  2.7679E+00     1.7537E-01     3.2851E-03     1.8732E-02
    96     2.7679E+00  2.7200E+00     1.7464E-02     3.5966E-04     2.0595E-02
    97     2.7200E+00  2.6000E+00     4.5113E-02     9.0066E-04     1.9965E-02
    98     2.6000E+00  2.5500E+00     1.9417E-02     3.7527E-04     1.9327E-02
    99     2.5500E+00  2.3600E+00     7.7393E-02     1.4260E-03     1.8426E-02
   100     2.3600E+00  2.1300E+00     1.0245E-01     1.7263E-03     1.6850E-02
   101     2.1300E+00  2.1000E+00     1.4184E-02     2.2517E-04     1.5874E-02
   102     2.1000E+00  2.0200E+00     3.8835E-02     6.0044E-04     1.5461E-02
   103     2.0200E+00  1.9300E+00     4.5570E-02     6.7549E-04     1.4823E-02
   104     1.9300E+00  1.8400E+00     4.7745E-02     7.6229E-04     1.5966E-02
   105     1.8400E+00  1.7550E+00     4.7288E-02     1.1298E-03     2.3893E-02
   106     1.7550E+00  1.6700E+00     4.9635E-02     1.1298E-03     2.2763E-02
   107     1.6700E+00  1.5900E+00     4.9080E-02     1.0634E-03     2.1666E-02
   108     1.5900E+00  1.5000E+00     5.8252E-02     1.1963E-03     2.0536E-02
   109     1.5000E+00  1.4750E+00     1.6807E-02     3.3230E-04     1.9772E-02
   110     1.4750E+00  1.4450E+00     2.0562E-02     3.9903E-04     1.9406E-02
   111     1.4450E+00  1.3700E+00     5.3272E-02     9.9665E-04     1.8709E-02
   112     1.3700E+00  1.3375E+00     2.4007E-02     4.3200E-04     1.7994E-02
   113     1.3375E+00  1.3000E+00     2.8436E-02     4.9846E-04     1.7529E-02
   114     1.3000E+00  1.2350E+00     5.1282E-02     8.6399E-04     1.6848E-02
   115     1.2350E+00  1.1700E+00     5.4054E-02     8.6399E-04     1.5984E-02
   116     1.1700E+00  1.1500E+00     1.7241E-02     2.6584E-04     1.5419E-02
   117     1.1500E+00  1.1253E+00     2.1667E-02     3.2765E-04     1.5122E-02
   118     1.1253E+00  1.1100E+00     1.3734E-02     2.9444E-04     2.1439E-02
   119     1.1100E+00  1.0970E+00     1.1781E-02     2.5115E-04     2.1319E-02
   120     1.0970E+00  1.0710E+00     2.3985E-02     5.0231E-04     2.0942E-02
   121     1.0710E+00  1.0450E+00     2.4575E-02     5.0231E-04     2.0440E-02
   122     1.0450E+00  1.0350E+00     9.6154E-03     1.9319E-04     2.0092E-02
   123     1.0350E+00  1.0200E+00     1.4599E-02     2.8979E-04     1.9851E-02
   124     1.0200E+00  9.9600E-01     2.3810E-02     4.6367E-04     1.9474E-02
   125     9.9600E-01  9.8600E-01     1.0091E-02     1.9319E-04     1.9146E-02
   126     9.8600E-01  9.7200E-01     1.4300E-02     2.7047E-04     1.8914E-02
   127     9.7200E-01  9.5000E-01     2.2893E-02     4.2503E-04     1.8566E-02
   128     9.5000E-01  9.3000E-01     2.1277E-02     3.8639E-04     1.8160E-02
   129     9.3000E-01  9.1000E-01     2.1739E-02     3.8639E-04     1.7774E-02
   130     9.1000E-01  8.6000E-01     5.6497E-02     9.6597E-04     1.7098E-02
   131     8.6000E-01  8.5000E-01     1.1696E-02     1.9319E-04     1.6518E-02
   132     8.5000E-01  7.9000E-01     7.3171E-02     1.1592E-03     1.5842E-02
   133     7.9000E-01  7.8000E-01     1.2739E-02     1.9320E-04     1.5166E-02
   134     7.8000E-01  7.0500E-01     1.0101E-01     1.4490E-03     1.4345E-02
   135     7.0500E-01  6.2500E-01     1.2030E-01     2.6208E-03     2.1786E-02
   136     6.2500E-01  5.4000E-01     1.4592E-01     3.2180E-03     2.2053E-02
   137     5.4000E-01  5.0000E-01     7.6923E-02     1.5144E-03     1.9687E-02
   138     5.0000E-01  4.8500E-01     3.0457E-02     5.6788E-04     1.8645E-02
   139     4.8500E-01  4.3300E-01     1.1329E-01     1.9687E-03     1.7377E-02
   140     4.3300E-01  4.0000E-01     7.9232E-02     1.6520E-03     2.0850E-02
   141     4.0000E-01  3.9100E-01     2.2756E-02     5.9958E-04     2.6348E-02
   142     3.9100E-01  3.5000E-01     1.1066E-01     2.7314E-03     2.4683E-02
   143     3.5000E-01  3.2000E-01     8.9552E-02     1.9986E-03     2.2318E-02
   144     3.2000E-01  3.1450E-01     1.7336E-02     3.6641E-04     2.1135E-02
   145     3.1450E-01  3.0000E-01     4.7193E-02     9.6598E-04     2.0469E-02
   146     3.0000E-01  2.8000E-01     6.8966E-02     1.3324E-03     1.9320E-02
   147     2.8000E-01  2.4800E-01     1.2121E-01     2.4826E-03     2.0481E-02
   148     2.4800E-01  2.2000E-01     1.1966E-01     5.1390E-03     4.2947E-02
   149     2.2000E-01  1.8900E-01     1.5159E-01     5.6896E-03     3.7533E-02
   150     1.8900E-01  1.8000E-01     4.8780E-02     1.6518E-03     3.3862E-02
   151     1.8000E-01  1.6000E-01     1.1765E-01     3.6707E-03     3.1201E-02
   152     1.6000E-01  1.4000E-01     1.3333E-01     5.8395E-03     4.3796E-02
   153     1.4000E-01  1.3400E-01     4.3796E-02     2.1856E-03     4.9905E-02
   154     1.3400E-01  1.1500E-01     1.5261E-01     6.9211E-03     4.5352E-02
   155     1.1500E-01  1.0000E-01     1.3953E-01     5.4640E-03     3.9159E-02
   156     1.0000E-01  9.5000E-02     5.1282E-02     2.3652E-03     4.6120E-02
   157     9.5000E-02  8.0000E-02     1.7143E-01     7.0955E-03     4.1390E-02
   158     8.0000E-02  7.7000E-02     3.8217E-02     1.4962E-03     3.9152E-02
   159     7.7000E-02  6.7000E-02     1.3889E-01     4.9875E-03     3.5910E-02
   160     6.7000E-02  5.8000E-02     1.4400E-01     4.9249E-03     3.4201E-02
   161     5.8000E-02  5.0000E-02     1.4815E-01     3.9176E-03     2.6444E-02
   162     5.0000E-02  4.2000E-02     1.7391E-01     4.3882E-03     2.5232E-02
   163     4.2000E-02  3.5000E-02     1.8182E-01     3.1545E-03     1.7350E-02
   164     3.5000E-02  3.0000E-02     1.5385E-01     2.6671E-03     1.7336E-02
   165     3.0000E-02  2.5000E-02     1.8182E-01     1.7979E-03     9.8884E-03
   166     2.5000E-02  2.0000E-02     2.2222E-01     2.2005E-03     9.9022E-03
   167     2.0000E-02  1.5000E-02     2.8571E-01     1.5979E-03     5.5926E-03
   168     1.5000E-02  1.0000E-02     4.0000E-01     1.2335E-03     3.0837E-03
   169     1.0000E-02  6.9000E-03     3.6686E-01     4.7930E-04     1.3065E-03
   170     6.9000E-03  5.0000E-03     3.1933E-01     2.9377E-04     9.1995E-04
   171     5.0000E-03  3.0000E-03     5.0000E-01     1.4279E-04     2.8557E-04
   172     3.0000E-03  1.0000E-05     1.9867E+00     2.6992E-04     1.3586E-04
  TOTAL                                              7.5716E-01
fispact run time=                  0.31250E-01 secs


 ------------------------------------------------------------------
 Files that have been opened during this run.
 ------------------------------------------------------------------
 The numbers after the unit names are the internal unit numbers.

 arb_flux( 3)    fluxes66.in
 input( 5)       cnvlim2l.i
 ind_nuc(18)     C:/Dev/FISPACT-II/nuclear_data//TENDL2015data/tendl15_decay12_index
 fluxes(20)      fluxes.cnvlim2l
 output(38)      cnvlim2l.out
 runlog(48)      cnvlim2l.log
 ------------------------------------------------------------------



     Run timestamp:09:53:08 26 January 2018        

     Current time: 09:53:08 26 January 2018        
