



     ==============================================================================
     |                                                                            |
     |                                                                            |
     |             _____ ___ ____  ____   _    ____ _____    ___ ___              |
     |            |  ___|_ _/ ___||  _ \ / \  / ___|_   _|  |_ _|_ _|             |
     |            | |_   | |\___ \| |_) / _ \| |     | |_____| | | |              |
     |            |  _|  | | ___) |  __/ ___ \ |___  | |_____| | | |              |
     |            |_|   |___|____/|_| /_/   \_\____| |_|    |___|___|             |
     |                                                                            |
     |                            F I S P A C T - I I                             |
     |                            -------------------                             |
     |                                                                            |
     |                  Transmutation-Activation Inventory Code                   |
     |                   United Kingdom Atomic Energy Authority                   |
     |                                                                            |
     |                         Release 5.0 May 2021                               |
     |             Copyright (c) 2009-21, UK Atomic Energy Authority              |
     |                                                                            |
     ==============================================================================



1




     =========================================================================================================
     |                                                                                                       |
     |                      R U N   I D E N T I F I C A T I O N   I N F O R M A T I O N                      |
     |                                                                                                       |
     | INITIAL CROSS SECTION DATA                                                                            |
     | Collapsed library timestamp:                                                                          |
     | EAF source library label:                                                                             |
     | FLUX file label:                                                                                      |
     |                                                                                                       |
     | DECAY DATA                                                                                            |
     | Condensed library timestamp:                                                                          |
     | EAF source library label:                                                                             |
     |                                                                                                       |
     | THIS RUN                                                                                              |
     | timestamp:                   09:53:08 26 January 2018                                                 |
     | fileroot :                   convertl                                                                 |
     | name of FILES file:          files.convertl                                                           |
     | FISPACT title:               * LINEAR SPECTRAL MODIFICATION 172 XMAS - 66 WIMS                        |
     |                                                                                                       |
     | See the convertl.log file                                                                             |
     | and summary details at the end of this file for further information on files used by this run         |
     |                                                                                                       |
     =========================================================================================================


  CONVERSION OF ARBITRARY FLUX INTO STANDARD GROUP STRUCTURE

  Number of input arbitrary energy groups  =  172
  Number of output standard energy groups  =   66

 Fraction 1.0000 of input group   1 included in output group   2
 Fraction 0.1791 of input group   2 included in output group   2
 Fraction 0.8209 of input group   2 included in output group   3
 Fraction 0.0170 of input group   3 included in output group   3
 Fraction 0.9830 of input group   3 included in output group   4
 Fraction 1.0000 of input group   4 included in output group   4
 Fraction 1.0000 of input group   5 included in output group   4
 Fraction 1.0000 of input group   6 included in output group   5
 Fraction 1.0000 of input group   7 included in output group   5
 Fraction 0.9926 of input group   8 included in output group   5
 Fraction 0.0074 of input group   8 included in output group   6
 Fraction 1.0000 of input group   9 included in output group   6
 Fraction 0.5208 of input group  10 included in output group   6
 Fraction 0.4792 of input group  10 included in output group   7
 Fraction 0.9985 of input group  11 included in output group   7
 Fraction 0.0015 of input group  11 included in output group   8
 Fraction 1.0000 of input group  12 included in output group   8
 Fraction 0.2600 of input group  13 included in output group   8
 Fraction 0.7400 of input group  13 included in output group   9
 Fraction 1.0000 of input group  14 included in output group   9
 Fraction 0.0061 of input group  15 included in output group   9
 Fraction 0.9939 of input group  15 included in output group  10
 Fraction 0.7623 of input group  16 included in output group  10
 Fraction 0.2377 of input group  16 included in output group  11
 Fraction 1.0000 of input group  17 included in output group  11
 Fraction 0.0260 of input group  18 included in output group  11
 Fraction 0.9740 of input group  18 included in output group  12
 Fraction 0.9831 of input group  19 included in output group  12
 Fraction 0.0169 of input group  19 included in output group  13
 Fraction 1.0000 of input group  20 included in output group  13
 Fraction 1.0000 of input group  21 included in output group  13
 Fraction 1.0000 of input group  22 included in output group  13
 Fraction 0.8534 of input group  23 included in output group  14
 Fraction 0.1466 of input group  23 included in output group  15
 Fraction 1.0000 of input group  24 included in output group  15
 Fraction 0.9994 of input group  25 included in output group  15
 Fraction 0.0006 of input group  25 included in output group  16
 Fraction 1.0000 of input group  26 included in output group  16
 Fraction 1.0000 of input group  27 included in output group  16
 Fraction 0.1791 of input group  28 included in output group  16
 Fraction 0.8206 of input group  28 included in output group  17
 Fraction 0.0002 of input group  28 included in output group  18
 Fraction 1.0000 of input group  29 included in output group  18
 Fraction 1.0000 of input group  30 included in output group  18
 Fraction 0.9993 of input group  31 included in output group  18
 Fraction 0.0007 of input group  31 included in output group  19
 Fraction 1.0000 of input group  32 included in output group  19
 Fraction 0.9991 of input group  33 included in output group  19
 Fraction 0.0009 of input group  33 included in output group  20
 Fraction 1.0000 of input group  34 included in output group  20
 Fraction 1.0000 of input group  35 included in output group  20
 Fraction 0.0000 of input group  35 included in output group  21
 Fraction 1.0000 of input group  36 included in output group  21
 Fraction 0.9998 of input group  37 included in output group  21
 Fraction 0.0002 of input group  37 included in output group  22
 Fraction 1.0000 of input group  38 included in output group  22
 Fraction 1.0000 of input group  39 included in output group  22
 Fraction 1.0000 of input group  40 included in output group  22
 Fraction 0.7114 of input group  41 included in output group  22
 Fraction 0.2886 of input group  41 included in output group  23
 Fraction 0.5993 of input group  42 included in output group  23
 Fraction 0.4007 of input group  42 included in output group  24
 Fraction 1.0000 of input group  43 included in output group  24
 Fraction 0.0011 of input group  44 included in output group  24
 Fraction 0.9989 of input group  44 included in output group  25
 Fraction 0.9999 of input group  45 included in output group  25
 Fraction 0.0001 of input group  45 included in output group  26
 Fraction 1.0000 of input group  46 included in output group  26
 Fraction 0.9999 of input group  47 included in output group  26
 Fraction 0.0001 of input group  47 included in output group  27
 Fraction 1.0000 of input group  48 included in output group  27
 Fraction 1.0000 of input group  49 included in output group  27
 Fraction 0.9978 of input group  50 included in output group  27
 Fraction 0.0022 of input group  50 included in output group  28
 Fraction 0.4653 of input group  51 included in output group  28
 Fraction 0.3942 of input group  51 included in output group  29
 Fraction 0.1404 of input group  51 included in output group  30
 Fraction 0.9985 of input group  52 included in output group  30
 Fraction 0.0015 of input group  52 included in output group  31
 Fraction 1.0000 of input group  53 included in output group  31
 Fraction 1.0000 of input group  54 included in output group  31
 Fraction 1.0000 of input group  55 included in output group  31
 Fraction 0.0004 of input group  56 included in output group  31
 Fraction 0.9996 of input group  56 included in output group  32
 Fraction 1.0000 of input group  57 included in output group  32
 Fraction 1.0000 of input group  58 included in output group  32
 Fraction 0.0003 of input group  59 included in output group  32
 Fraction 0.9997 of input group  59 included in output group  33
 Fraction 1.0000 of input group  60 included in output group  33
 Fraction 0.0000 of input group  60 included in output group  34
 Fraction 1.0000 of input group  61 included in output group  34
 Fraction 1.0000 of input group  62 included in output group  34
 Fraction 0.2883 of input group  63 included in output group  34
 Fraction 0.7117 of input group  63 included in output group  35
 Fraction 0.6681 of input group  64 included in output group  35
 Fraction 0.3319 of input group  64 included in output group  36
 Fraction 1.0000 of input group  65 included in output group  36
 Fraction 0.7862 of input group  66 included in output group  36
 Fraction 0.2138 of input group  66 included in output group  37
 Fraction 1.0000 of input group  67 included in output group  37
 Fraction 1.0000 of input group  68 included in output group  37
 Fraction 0.5252 of input group  69 included in output group  37
 Fraction 0.4748 of input group  69 included in output group  38
 Fraction 1.0000 of input group  70 included in output group  38
 Fraction 1.0000 of input group  71 included in output group  38
 Fraction 1.0000 of input group  72 included in output group  38
 Fraction 1.0000 of input group  73 included in output group  38
 Fraction 0.9988 of input group  74 included in output group  38
 Fraction 0.0012 of input group  74 included in output group  39
 Fraction 1.0000 of input group  75 included in output group  39
 Fraction 1.0000 of input group  76 included in output group  39
 Fraction 1.0000 of input group  77 included in output group  39
 Fraction 1.0000 of input group  78 included in output group  39
 Fraction 1.0000 of input group  79 included in output group  39
 Fraction 0.0010 of input group  80 included in output group  39
 Fraction 0.9990 of input group  80 included in output group  40
 Fraction 1.0000 of input group  81 included in output group  40
 Fraction 0.9998 of input group  82 included in output group  40
 Fraction 0.0002 of input group  82 included in output group  41
 Fraction 1.0000 of input group  83 included in output group  41
 Fraction 1.0000 of input group  84 included in output group  41
 Fraction 1.0000 of input group  85 included in output group  41
 Fraction 1.0000 of input group  86 included in output group  41
 Fraction 0.0004 of input group  87 included in output group  41
 Fraction 0.9996 of input group  87 included in output group  42
 Fraction 1.0000 of input group  88 included in output group  42
 Fraction 1.0000 of input group  89 included in output group  42
 Fraction 1.0000 of input group  90 included in output group  42
 Fraction 0.0005 of input group  91 included in output group  42
 Fraction 0.9995 of input group  91 included in output group  43
 Fraction 1.0000 of input group  92 included in output group  43
 Fraction 1.0000 of input group  93 included in output group  43
 Fraction 1.0000 of input group  94 included in output group  43
 Fraction 0.4529 of input group  95 included in output group  43
 Fraction 0.5471 of input group  95 included in output group  44
 Fraction 1.0000 of input group  96 included in output group  44
 Fraction 1.0000 of input group  97 included in output group  44
 Fraction 1.0000 of input group  98 included in output group  44
 Fraction 1.0000 of input group  99 included in output group  44
 Fraction 1.0000 of input group 100 included in output group  44
 Fraction 1.0000 of input group 101 included in output group  44
 Fraction 1.0000 of input group 102 included in output group  44
 Fraction 1.0000 of input group 103 included in output group  44
 Fraction 0.8333 of input group 104 included in output group  44
 Fraction 0.1667 of input group 104 included in output group  45
 Fraction 1.0000 of input group 105 included in output group  45
 Fraction 1.0000 of input group 106 included in output group  45
 Fraction 1.0000 of input group 107 included in output group  45
 Fraction 1.0000 of input group 108 included in output group  45
 Fraction 1.0000 of input group 109 included in output group  45
 Fraction 1.0000 of input group 110 included in output group  45
 Fraction 1.0000 of input group 111 included in output group  45
 Fraction 1.0000 of input group 112 included in output group  45
 Fraction 1.0000 of input group 113 included in output group  45
 Fraction 1.0000 of input group 114 included in output group  45
 Fraction 1.0000 of input group 115 included in output group  45
 Fraction 1.0000 of input group 116 included in output group  45
 Fraction 1.0000 of input group 117 included in output group  45
 Fraction 0.0228 of input group 118 included in output group  45
 Fraction 0.9772 of input group 118 included in output group  46
 Fraction 1.0000 of input group 119 included in output group  46
 Fraction 1.0000 of input group 120 included in output group  46
 Fraction 1.0000 of input group 121 included in output group  46
 Fraction 1.0000 of input group 122 included in output group  46
 Fraction 1.0000 of input group 123 included in output group  46
 Fraction 1.0000 of input group 124 included in output group  46
 Fraction 1.0000 of input group 125 included in output group  46
 Fraction 1.0000 of input group 126 included in output group  46
 Fraction 1.0000 of input group 127 included in output group  46
 Fraction 1.0000 of input group 128 included in output group  46
 Fraction 1.0000 of input group 129 included in output group  46
 Fraction 1.0000 of input group 130 included in output group  46
 Fraction 1.0000 of input group 131 included in output group  46
 Fraction 1.0000 of input group 132 included in output group  46
 Fraction 1.0000 of input group 133 included in output group  46
 Fraction 1.0000 of input group 134 included in output group  46
 Fraction 0.2750 of input group 135 included in output group  46
 Fraction 0.7250 of input group 135 included in output group  47
 Fraction 1.0000 of input group 136 included in output group  47
 Fraction 1.0000 of input group 137 included in output group  47
 Fraction 1.0000 of input group 138 included in output group  47
 Fraction 1.0000 of input group 139 included in output group  47
 Fraction 0.5758 of input group 140 included in output group  47
 Fraction 0.4242 of input group 140 included in output group  48
 Fraction 1.0000 of input group 141 included in output group  48
 Fraction 1.0000 of input group 142 included in output group  48
 Fraction 1.0000 of input group 143 included in output group  48
 Fraction 1.0000 of input group 144 included in output group  48
 Fraction 1.0000 of input group 145 included in output group  48
 Fraction 1.0000 of input group 146 included in output group  48
 Fraction 0.9063 of input group 147 included in output group  48
 Fraction 0.0937 of input group 147 included in output group  49
 Fraction 1.0000 of input group 148 included in output group  49
 Fraction 1.0000 of input group 149 included in output group  49
 Fraction 1.0000 of input group 150 included in output group  49
 Fraction 1.0000 of input group 151 included in output group  49
 Fraction 0.4000 of input group 152 included in output group  49
 Fraction 0.6000 of input group 152 included in output group  50
 Fraction 1.0000 of input group 153 included in output group  50
 Fraction 1.0000 of input group 154 included in output group  50
 Fraction 1.0000 of input group 155 included in output group  50
 Fraction 0.0000 of input group 155 included in output group  51
 Fraction 1.0000 of input group 156 included in output group  51
 Fraction 1.0000 of input group 157 included in output group  51
 Fraction 0.0000 of input group 158 included in output group  51
 Fraction 1.0000 of input group 158 included in output group  52
 Fraction 1.0000 of input group 159 included in output group  52
 Fraction 0.0000 of input group 159 included in output group  53
 Fraction 1.0000 of input group 160 included in output group  53
 Fraction 0.0000 of input group 161 included in output group  53
 Fraction 1.0000 of input group 161 included in output group  54
 Fraction 0.0000 of input group 161 included in output group  55
 Fraction 1.0000 of input group 162 included in output group  55
 Fraction 0.0000 of input group 163 included in output group  55
 Fraction 1.0000 of input group 163 included in output group  56
 Fraction 0.0000 of input group 163 included in output group  57
 Fraction 1.0000 of input group 164 included in output group  57
 Fraction 0.0000 of input group 165 included in output group  57
 Fraction 1.0000 of input group 165 included in output group  58
 Fraction 0.0000 of input group 165 included in output group  59
 Fraction 1.0000 of input group 166 included in output group  59
 Fraction 0.0000 of input group 167 included in output group  59
 Fraction 1.0000 of input group 167 included in output group  60
 Fraction 0.0000 of input group 168 included in output group  60
 Fraction 1.0000 of input group 168 included in output group  61
 Fraction 0.0000 of input group 169 included in output group  61
 Fraction 1.0000 of input group 169 included in output group  62
 Fraction 1.0000 of input group 170 included in output group  62
 Fraction 0.0000 of input group 171 included in output group  62
 Fraction 1.0000 of input group 171 included in output group  63
 Fraction 0.3344 of input group 172 included in output group  63
 Fraction 0.3344 of input group 172 included in output group  64
 Fraction 0.1672 of input group 172 included in output group  65
 Fraction 0.1639 of input group 172 included in output group  66
1   INPUT GROUP STRUCTURE AND DATA

  GROUP      UPPER       LOWER           DE/E           DATA        DATA/(DE/E)  

     1     1.9640E+07  1.7332E+07     1.2484E-01     0.0000E+00     0.0000E+00
     2     1.7332E+07  1.4918E+07     1.4971E-01     0.0000E+00     0.0000E+00
     3     1.4918E+07  1.3840E+07     7.4969E-02     0.0000E+00     0.0000E+00
     4     1.3840E+07  1.1618E+07     1.7456E-01     0.0000E+00     0.0000E+00
     5     1.1618E+07  1.0000E+07     1.4972E-01     0.0000E+00     0.0000E+00
     6     1.0000E+07  8.1873E+06     1.9934E-01     1.2073E-03     6.0566E-03
     7     8.1873E+06  6.7032E+06     1.9934E-01     3.2270E-03     1.6189E-02
     8     6.7032E+06  6.0653E+06     9.9916E-02     3.3315E-03     3.3343E-02
     9     6.0653E+06  5.4881E+06     9.9917E-02     3.3315E-03     3.3343E-02
    10     5.4881E+06  4.4933E+06     1.9934E-01     1.0787E-02     5.4115E-02
    11     4.4933E+06  3.6788E+06     1.9934E-01     1.3486E-02     6.7654E-02
    12     3.6788E+06  3.0119E+06     1.9934E-01     1.7470E-02     8.7641E-02
    13     3.0119E+06  2.4660E+06     1.9934E-01     2.5040E-02     1.2562E-01
    14     2.4660E+06  2.2313E+06     9.9918E-02     1.2554E-02     1.2564E-01
    15     2.2313E+06  2.0190E+06     9.9914E-02     1.2553E-02     1.2564E-01
    16     2.0190E+06  1.6530E+06     1.9934E-01     2.1609E-02     1.0840E-01
    17     1.6530E+06  1.3534E+06     1.9934E-01     2.3197E-02     1.1637E-01
    18     1.3534E+06  1.2246E+06     9.9918E-02     1.0239E-02     1.0247E-01
    19     1.2246E+06  1.1080E+06     9.9915E-02     1.0239E-02     1.0248E-01
    20     1.1080E+06  1.0026E+06     9.9914E-02     9.7423E-03     9.7507E-02
    21     1.0026E+06  9.0718E+05     9.9918E-02     9.7426E-03     9.7506E-02
    22     9.0718E+05  8.2085E+05     9.9917E-02     1.2264E-02     1.2274E-01
    23     8.2085E+05  6.0810E+05     2.9777E-01     3.6792E-02     1.2356E-01
    24     6.0810E+05  5.5023E+05     9.9918E-02     8.5940E-03     8.6011E-02
    25     5.5023E+05  4.9787E+05     9.9916E-02     8.5938E-03     8.6010E-02
    26     4.9787E+05  4.5049E+05     9.9917E-02     8.5939E-03     8.6010E-02
    27     4.5049E+05  4.0762E+05     9.9917E-02     8.5939E-03     8.6011E-02
    28     4.0762E+05  3.0197E+05     2.9777E-01     2.3841E-02     8.0065E-02
    29     3.0197E+05  2.7324E+05     9.9918E-02     7.9469E-03     7.9534E-02
    30     2.7324E+05  2.4724E+05     9.9917E-02     6.4688E-03     6.4742E-02
    31     2.4724E+05  1.8316E+05     2.9777E-01     1.9406E-02     6.5171E-02
    32     1.8316E+05  1.2277E+05     3.9475E-01     2.1217E-02     5.3748E-02
    33     1.2277E+05  1.1109E+05     9.9913E-02     4.5579E-03     4.5619E-02
    34     1.1109E+05  8.2298E+04     2.9777E-01     1.3674E-02     4.5921E-02
    35     8.2298E+04  6.7380E+04     1.9934E-01     8.0370E-03     4.0319E-02
    36     6.7380E+04  5.5166E+04     1.9934E-01     8.0371E-03     4.0319E-02
    37     5.5166E+04  4.0868E+04     2.9777E-01     1.0789E-02     3.6233E-02
    38     4.0868E+04  3.6979E+04     9.9917E-02     3.5962E-03     3.5992E-02
    39     3.6979E+04  2.9283E+04     2.3228E-01     7.6704E-03     3.3022E-02
    40     2.9283E+04  2.7394E+04     6.6640E-02     2.1916E-03     3.2887E-02
    41     2.7394E+04  2.4788E+04     9.9920E-02     3.2873E-03     3.2899E-02
    42     2.4788E+04  1.6616E+04     3.9475E-01     1.2351E-02     3.1288E-02
    43     1.6616E+04  1.5034E+04     9.9918E-02     2.9519E-03     2.9543E-02
    44     1.5034E+04  1.1138E+04     2.9777E-01     8.8553E-03     2.9739E-02
    45     1.1138E+04  9.1188E+03     1.9934E-01     5.7184E-03     2.8687E-02
    46     9.1188E+03  7.4659E+03     1.9934E-01     5.7183E-03     2.8687E-02
    47     7.4659E+03  5.5308E+03     2.9777E-01     8.4080E-03     2.8236E-02
    48     5.5308E+03  5.0045E+03     9.9917E-02     2.8027E-03     2.8050E-02
    49     5.0045E+03  3.5266E+03     3.4647E-01     9.6503E-03     2.7853E-02
    50     3.5266E+03  3.3546E+03     4.9988E-02     1.3786E-03     2.7579E-02
    51     3.3546E+03  2.2487E+03     3.9475E-01     1.0897E-02     2.7605E-02
    52     2.2487E+03  2.0347E+03     9.9917E-02     2.6953E-03     2.6975E-02
    53     2.0347E+03  1.5073E+03     2.9777E-01     8.0859E-03     2.7155E-02
    54     1.5073E+03  1.4338E+03     4.9987E-02     1.3296E-03     2.6599E-02
    55     1.4338E+03  1.2341E+03     1.4972E-01     3.9890E-03     2.6643E-02
    56     1.2341E+03  1.0104E+03     1.9934E-01     5.3188E-03     2.6682E-02
    57     1.0104E+03  9.1424E+02     9.9913E-02     2.6134E-03     2.6157E-02
    58     9.1424E+02  7.4852E+02     1.9934E-01     5.2270E-03     2.6222E-02
    59     7.4852E+02  6.7729E+02     9.9917E-02     2.6135E-03     2.6157E-02
    60     6.7729E+02  4.5400E+02     3.9475E-01     1.0309E-02     2.6115E-02
    61     4.5400E+02  3.7170E+02     1.9934E-01     5.1024E-03     2.5597E-02
    62     3.7170E+02  3.0432E+02     1.9933E-01     5.1024E-03     2.5597E-02
    63     3.0432E+02  2.0400E+02     3.9475E-01     9.8278E-03     2.4896E-02
    64     2.0400E+02  1.4862E+02     3.1405E-01     7.7227E-03     2.4591E-02
    65     1.4862E+02  1.3674E+02     8.3282E-02     2.0322E-03     2.4401E-02
    66     1.3674E+02  9.1661E+01     3.9475E-01     9.3677E-03     2.3731E-02
    67     9.1661E+01  7.5674E+01     1.9108E-01     4.4576E-03     2.3328E-02
    68     7.5674E+01  6.7904E+01     1.0823E-01     2.5195E-03     2.3280E-02
    69     6.7904E+01  5.5595E+01     1.9934E-01     4.3745E-03     2.1945E-02
    70     5.5595E+01  5.1578E+01     7.4965E-02     1.7060E-03     2.2757E-02
    71     5.1578E+01  4.8252E+01     6.6642E-02     1.5164E-03     2.2755E-02
    72     4.8252E+01  4.5517E+01     5.8318E-02     1.3269E-03     2.2753E-02
    73     4.5517E+01  4.0169E+01     1.2484E-01     2.6948E-03     2.1587E-02
    74     4.0169E+01  3.7267E+01     7.4966E-02     1.6169E-03     2.1569E-02
    75     3.7267E+01  3.3720E+01     9.9917E-02     1.9608E-03     1.9624E-02
    76     3.3720E+01  3.0511E+01     9.9914E-02     1.9607E-03     1.9624E-02
    77     3.0511E+01  2.7608E+01     9.9919E-02     2.1740E-03     2.1758E-02
    78     2.7608E+01  2.4980E+01     9.9916E-02     2.1739E-03     2.1757E-02
    79     2.4980E+01  2.2603E+01     9.9916E-02     1.8006E-03     1.8021E-02
    80     2.2603E+01  1.9455E+01     1.4972E-01     2.7859E-03     1.8607E-02
    81     1.9455E+01  1.5928E+01     1.9933E-01     3.9474E-03     1.9803E-02
    82     1.5928E+01  1.3710E+01     1.4972E-01     2.9747E-03     1.9868E-02
    83     1.3710E+01  1.1225E+01     1.9933E-01     4.0012E-03     2.0073E-02
    84     1.1225E+01  9.9055E+00     1.2484E-01     2.5109E-03     2.0113E-02
    85     9.9055E+00  9.1898E+00     7.4965E-02     1.5065E-03     2.0096E-02
    86     9.1898E+00  8.3153E+00     9.9916E-02     1.9088E-03     1.9104E-02
    87     8.3153E+00  7.5240E+00     9.9917E-02     1.9088E-03     1.9104E-02
    88     7.5240E+00  6.1601E+00     1.9933E-01     2.6675E-03     1.3382E-02
    89     6.1601E+00  5.3464E+00     1.4143E-01     2.2575E-03     1.5962E-02
    90     5.3464E+00  5.0435E+00     5.8316E-02     9.2956E-04     1.5940E-02
    91     5.0435E+00  4.1292E+00     1.9934E-01     3.5801E-03     1.7960E-02
    92     4.1292E+00  4.0000E+00     3.1799E-02     5.8083E-04     1.8266E-02
    93     4.0000E+00  3.3807E+00     1.6780E-01     3.0720E-03     1.8307E-02
    94     3.3807E+00  3.3000E+00     2.4174E-02     4.4176E-04     1.8274E-02
    95     3.3000E+00  2.7679E+00     1.7537E-01     3.2130E-03     1.8321E-02
    96     2.7679E+00  2.7200E+00     1.7464E-02     2.7320E-04     1.5644E-02
    97     2.7200E+00  2.6000E+00     4.5113E-02     7.0579E-04     1.5645E-02
    98     2.6000E+00  2.5500E+00     1.9417E-02     3.0374E-04     1.5643E-02
    99     2.5500E+00  2.3600E+00     7.7393E-02     1.2112E-03     1.5650E-02
   100     2.3600E+00  2.1300E+00     1.0245E-01     2.0113E-03     1.9632E-02
   101     2.1300E+00  2.1000E+00     1.4184E-02     2.7406E-04     1.9321E-02
   102     2.1000E+00  2.0200E+00     3.8835E-02     7.5042E-04     1.9323E-02
   103     2.0200E+00  1.9300E+00     4.5570E-02     8.9356E-04     1.9609E-02
   104     1.9300E+00  1.8400E+00     4.7745E-02     9.4719E-04     1.9838E-02
   105     1.8400E+00  1.7550E+00     4.7288E-02     9.4048E-04     1.9888E-02
   106     1.7550E+00  1.6700E+00     4.9635E-02     9.9048E-04     1.9955E-02
   107     1.6700E+00  1.5900E+00     4.9080E-02     9.8036E-04     1.9975E-02
   108     1.5900E+00  1.5000E+00     5.8252E-02     1.1655E-03     2.0008E-02
   109     1.5000E+00  1.4750E+00     1.6807E-02     3.3448E-04     1.9902E-02
   110     1.4750E+00  1.4450E+00     2.0562E-02     4.0921E-04     1.9901E-02
   111     1.4450E+00  1.3700E+00     5.3272E-02     1.0583E-03     1.9866E-02
   112     1.3700E+00  1.3375E+00     2.4007E-02     4.6978E-04     1.9568E-02
   113     1.3375E+00  1.3000E+00     2.8436E-02     5.5502E-04     1.9518E-02
   114     1.3000E+00  1.2350E+00     5.1282E-02     9.8453E-04     1.9198E-02
   115     1.2350E+00  1.1700E+00     5.4054E-02     1.0046E-03     1.8585E-02
   116     1.1700E+00  1.1500E+00     1.7241E-02     2.8554E-04     1.6561E-02
   117     1.1500E+00  1.1254E+00     2.1667E-02     3.5883E-04     1.6561E-02
   118     1.1254E+00  1.1100E+00     1.3734E-02     2.2745E-04     1.6561E-02
   119     1.1100E+00  1.0970E+00     1.1781E-02     1.4777E-04     1.2543E-02
   120     1.0970E+00  1.0710E+00     2.3985E-02     3.0087E-04     1.2544E-02
   121     1.0710E+00  1.0450E+00     2.4575E-02     2.8030E-04     1.1406E-02
   122     1.0450E+00  1.0350E+00     9.6154E-03     1.0924E-04     1.1361E-02
   123     1.0350E+00  1.0200E+00     1.4599E-02     1.9138E-04     1.3110E-02
   124     1.0200E+00  9.9600E-01     2.3810E-02     3.1214E-04     1.3110E-02
   125     9.9600E-01  9.8600E-01     1.0091E-02     1.3232E-04     1.3113E-02
   126     9.8600E-01  9.7200E-01     1.4300E-02     2.4186E-04     1.6913E-02
   127     9.7200E-01  9.5000E-01     2.2893E-02     3.8719E-04     1.6913E-02
   128     9.5000E-01  9.3000E-01     2.1277E-02     3.5987E-04     1.6914E-02
   129     9.3000E-01  9.1000E-01     2.1739E-02     3.9669E-04     1.8248E-02
   130     9.1000E-01  8.6000E-01     5.6497E-02     1.0312E-03     1.8252E-02
   131     8.6000E-01  8.5000E-01     1.1696E-02     2.2049E-04     1.8852E-02
   132     8.5000E-01  7.9000E-01     7.3171E-02     1.3800E-03     1.8860E-02
   133     7.9000E-01  7.8000E-01     1.2739E-02     2.4613E-04     1.9321E-02
   134     7.8000E-01  7.0500E-01     1.0101E-01     1.9533E-03     1.9338E-02
   135     7.0500E-01  6.2500E-01     1.2030E-01     2.3789E-03     1.9775E-02
   136     6.2500E-01  5.4000E-01     1.4592E-01     2.9479E-03     2.0202E-02
   137     5.4000E-01  5.0000E-01     7.6923E-02     1.5713E-03     2.0427E-02
   138     5.0000E-01  4.8500E-01     3.0457E-02     6.2187E-04     2.0418E-02
   139     4.8500E-01  4.3300E-01     1.1329E-01     2.3509E-03     2.0751E-02
   140     4.3300E-01  4.0000E-01     7.9232E-02     1.6597E-03     2.0947E-02
   141     4.0000E-01  3.9100E-01     2.2756E-02     4.7644E-04     2.0937E-02
   142     3.9100E-01  3.5000E-01     1.1066E-01     2.3144E-03     2.0914E-02
   143     3.5000E-01  3.2000E-01     8.9552E-02     1.8431E-03     2.0581E-02
   144     3.2000E-01  3.1450E-01     1.7336E-02     3.5658E-04     2.0568E-02
   145     3.1450E-01  3.0000E-01     4.7193E-02     9.9421E-04     2.1067E-02
   146     3.0000E-01  2.8000E-01     6.8966E-02     1.4831E-03     2.1505E-02
   147     2.8000E-01  2.4800E-01     1.2121E-01     2.9646E-03     2.4458E-02
   148     2.4800E-01  2.2000E-01     1.1966E-01     3.5367E-03     2.9557E-02
   149     2.2000E-01  1.8900E-01     1.5159E-01     5.3173E-03     3.5077E-02
   150     1.8900E-01  1.8000E-01     4.8780E-02     1.9748E-03     4.0483E-02
   151     1.8000E-01  1.6000E-01     1.1765E-01     4.7672E-03     4.0521E-02
   152     1.6000E-01  1.4000E-01     1.3333E-01     5.9371E-03     4.4528E-02
   153     1.4000E-01  1.3400E-01     4.3796E-02     1.9476E-03     4.4470E-02
   154     1.3400E-01  1.1500E-01     1.5261E-01     7.0312E-03     4.6073E-02
   155     1.1500E-01  1.0000E-01     1.3953E-01     6.3069E-03     4.5199E-02
   156     1.0000E-01  9.5000E-02     5.1282E-02     2.3153E-03     4.5148E-02
   157     9.5000E-02  8.0000E-02     1.7143E-01     7.1453E-03     4.1681E-02
   158     8.0000E-02  7.7000E-02     3.8217E-02     1.5891E-03     4.1581E-02
   159     7.7000E-02  6.7000E-02     1.3889E-01     4.8946E-03     3.5241E-02
   160     6.7000E-02  5.8000E-02     1.4400E-01     4.9249E-03     3.4201E-02
   161     5.8000E-02  5.0000E-02     1.4815E-01     3.9176E-03     2.6444E-02
   162     5.0000E-02  4.2000E-02     1.7391E-01     4.3882E-03     2.5232E-02
   163     4.2000E-02  3.5000E-02     1.8182E-01     3.1545E-03     1.7350E-02
   164     3.5000E-02  3.0000E-02     1.5385E-01     2.6671E-03     1.7336E-02
   165     3.0000E-02  2.5000E-02     1.8182E-01     1.7979E-03     9.8885E-03
   166     2.5000E-02  2.0000E-02     2.2222E-01     2.2005E-03     9.9022E-03
   167     2.0000E-02  1.5000E-02     2.8571E-01     1.5979E-03     5.5926E-03
   168     1.5000E-02  1.0000E-02     4.0000E-01     1.2335E-03     3.0838E-03
   169     1.0000E-02  6.9000E-03     3.6686E-01     4.5679E-04     1.2451E-03
   170     6.9000E-03  5.0000E-03     3.1933E-01     3.1628E-04     9.9046E-04
   171     5.0000E-03  3.0000E-03     5.0000E-01     1.9899E-04     3.9798E-04
   172     3.0000E-03  1.0000E-05     1.9867E+00     2.1372E-04     1.0757E-04
  TOTAL                                              7.5717E-01
1  OUTPUT GROUP STRUCTURE AND DATA

  GROUP      UPPER       LOWER           DE/E           DATA        DATA/(DE/E)  

     1     2.5000E+07  2.0000E+07     2.2222E-01     0.0000E+00     0.0000E+00
     2     2.0000E+07  1.6900E+07     1.6802E-01     0.0000E+00     0.0000E+00
     3     1.6900E+07  1.4900E+07     1.2579E-01     0.0000E+00     0.0000E+00
     4     1.4900E+07  1.0000E+07     3.9357E-01     0.0000E+00     0.0000E+00
     5     1.0000E+07  6.0700E+06     4.8911E-01     7.7413E-03     1.5827E-02
     6     6.0700E+06  4.9700E+06     1.9928E-01     8.9740E-03     4.5033E-02
     7     4.9700E+06  3.6800E+06     2.9827E-01     1.8635E-02     6.2478E-02
     8     3.6800E+06  2.8700E+06     2.4733E-01     2.4000E-02     9.7037E-02
     9     2.8700E+06  2.2300E+06     2.5098E-01     3.1161E-02     1.2416E-01
    10     2.2300E+06  1.7400E+06     2.4685E-01     2.8948E-02     1.1727E-01
    11     1.7400E+06  1.3500E+06     2.5243E-01     2.8601E-02     1.1330E-01
    12     1.3500E+06  1.1100E+06     1.9512E-01     2.0039E-02     1.0270E-01
    13     1.1100E+06  8.2085E+05     2.9951E-01     3.1922E-02     1.0658E-01
    14     8.2085E+05  6.3928E+05     2.4870E-01     3.1400E-02     1.2625E-01
    15     6.3928E+05  4.9790E+05     2.4865E-01     2.2575E-02     9.0790E-02
    16     4.9790E+05  3.8870E+05     2.4633E-01     2.1463E-02     8.7128E-02
    17     3.8870E+05  3.0200E+05     2.5105E-01     1.9565E-02     7.7933E-02
    18     3.0200E+05  1.8320E+05     4.8969E-01     3.3814E-02     6.9052E-02
    19     1.8320E+05  1.1110E+05     4.8998E-01     2.5784E-02     5.2624E-02
    20     1.1110E+05  6.7380E+04     4.8991E-01     2.1715E-02     4.4323E-02
    21     6.7380E+04  4.0870E+04     4.8979E-01     1.8825E-02     3.8434E-02
    22     4.0870E+04  2.5540E+04     4.6168E-01     1.5798E-02     3.4219E-02
    23     2.5540E+04  1.9890E+04     2.4873E-01     8.3509E-03     3.3574E-02
    24     1.9890E+04  1.5030E+04     2.7835E-01     7.9108E-03     2.8420E-02
    25     1.5030E+04  9.1190E+03     4.8954E-01     1.4563E-02     2.9748E-02
    26     9.1190E+03  5.5310E+03     4.8983E-01     1.4126E-02     2.8839E-02
    27     5.5310E+03  3.3550E+03     4.8976E-01     1.3829E-02     2.8237E-02
    28     3.3550E+03  2.8400E+03     1.6626E-01     5.0736E-03     3.0516E-02
    29     2.8400E+03  2.4040E+03     1.6629E-01     4.2959E-03     2.5835E-02
    30     2.4040E+03  2.0350E+03     1.6625E-01     4.2217E-03     2.5393E-02
    31     2.0350E+03  1.2340E+03     4.9006E-01     1.3411E-02     2.7366E-02
    32     1.2340E+03  7.4850E+02     4.8979E-01     1.3157E-02     2.6864E-02
    33     7.4850E+02  4.5400E+02     4.8981E-01     1.2922E-02     2.6381E-02
    34     4.5400E+02  2.7540E+02     4.8972E-01     1.3038E-02     2.6624E-02
    35     2.7540E+02  1.6700E+02     4.9005E-01     1.2154E-02     2.4802E-02
    36     1.6700E+02  1.0130E+02     4.8975E-01     1.1960E-02     2.4420E-02
    37     1.0130E+02  6.1440E+01     4.8986E-01     1.1277E-02     2.3022E-02
    38     6.1440E+01  3.7270E+01     4.8972E-01     1.0936E-02     2.2332E-02
    39     3.7270E+01  2.2600E+01     4.9006E-01     1.0075E-02     2.0558E-02
    40     2.2600E+01  1.3710E+01     4.8967E-01     9.7045E-03     1.9818E-02
    41     1.3710E+01  8.3150E+00     4.8990E-01     9.9286E-03     2.0267E-02
    42     8.3150E+00  5.0430E+00     4.8989E-01     7.7645E-03     1.5849E-02
    43     5.0430E+00  3.0590E+00     4.8976E-01     9.1281E-03     1.8638E-02
    44     3.0590E+00  1.8550E+00     4.9003E-01     8.9703E-03     1.8306E-02
    45     1.8550E+00  1.1250E+00     4.8993E-01     9.7002E-03     1.9799E-02
    46     1.1250E+00  6.8300E-01     4.8894E-01     8.5672E-03     1.7522E-02
    47     6.8300E-01  4.1400E-01     4.9043E-01     1.0172E-02     2.0742E-02
    48     4.1400E-01  2.5100E-01     4.9023E-01     1.0859E-02     2.2150E-02
    49     2.5100E-01  1.5200E-01     4.9132E-01     1.8249E-02     3.7143E-02
    50     1.5200E-01  1.0000E-01     4.1270E-01     1.8848E-02     4.5670E-02
    51     1.0000E-01  8.0000E-02     2.2222E-01     9.4606E-03     4.2573E-02
    52     8.0000E-02  6.7000E-02     1.7687E-01     6.4837E-03     3.6658E-02
    53     6.7000E-02  5.8000E-02     1.4400E-01     4.9249E-03     3.4201E-02
    54     5.8000E-02  5.0000E-02     1.4815E-01     3.9176E-03     2.6444E-02
    55     5.0000E-02  4.2000E-02     1.7391E-01     4.3882E-03     2.5232E-02
    56     4.2000E-02  3.5000E-02     1.8182E-01     3.1545E-03     1.7350E-02
    57     3.5000E-02  3.0000E-02     1.5385E-01     2.6671E-03     1.7336E-02
    58     3.0000E-02  2.5000E-02     1.8182E-01     1.7979E-03     9.8884E-03
    59     2.5000E-02  2.0000E-02     2.2222E-01     2.2005E-03     9.9022E-03
    60     2.0000E-02  1.5000E-02     2.8571E-01     1.5979E-03     5.5926E-03
    61     1.5000E-02  1.0000E-02     4.0000E-01     1.2335E-03     3.0837E-03
    62     1.0000E-02  5.0000E-03     6.6667E-01     7.7307E-04     1.1596E-03
    63     5.0000E-03  2.0000E-03     8.5714E-01     2.7047E-04     3.1555E-04
    64     2.0000E-03  1.0000E-03     6.6667E-01     7.1478E-05     1.0722E-04
    65     1.0000E-03  5.0000E-04     6.6667E-01     3.5739E-05     5.3609E-05
    66     5.0000E-04  1.0000E-05     1.9216E+00     3.5024E-05     1.8227E-05
  TOTAL                                              7.5717E-01
fispact run time=                  0.15625E-01 secs


 ------------------------------------------------------------------
 Files that have been opened during this run.
 ------------------------------------------------------------------
 The numbers after the unit names are the internal unit numbers.

 arb_flux( 3)    fluxes172.in
 input( 5)       convertl.i
 ind_nuc(18)     C:/Dev/FISPACT-II/nuclear_data//TENDL2015data/tendl15_decay12_index
 fluxes(20)      fluxes.convertl
 output(38)      convertl.out
 runlog(48)      convertl.log
 ------------------------------------------------------------------



     Run timestamp:09:53:08 26 January 2018        

     Current time: 09:53:08 26 January 2018        
