



     ==============================================================================
     |                                                                            |
     |                                                                            |
     |             _____ ___ ____  ____   _    ____ _____    ___ ___              |
     |            |  ___|_ _/ ___||  _ \ / \  / ___|_   _|  |_ _|_ _|             |
     |            | |_   | |\___ \| |_) / _ \| |     | |_____| | | |              |
     |            |  _|  | | ___) |  __/ ___ \ |___  | |_____| | | |              |
     |            |_|   |___|____/|_| /_/   \_\____| |_|    |___|___|             |
     |                                                                            |
     |                            F I S P A C T - I I                             |
     |                            -------------------                             |
     |                                                                            |
     |                  Transmutation-Activation Inventory Code                   |
     |                   United Kingdom Atomic Energy Authority                   |
     |                                                                            |
     |                         Release 5.0 May 2021                               |
     |             Copyright (c) 2009-21, UK Atomic Energy Authority              |
     |                                                                            |
     ==============================================================================



1




     =========================================================================================================
     |                                                                                                       |
     |                      R U N   I D E N T I F I C A T I O N   I N F O R M A T I O N                      |
     |                                                                                                       |
     | INITIAL CROSS SECTION DATA                                                                            |
     | Collapsed library timestamp: 15:25:47 19 March 2021                                                   |
     | EAF source library label:                                                                             |
     | FLUX file label:                                                                                      |
     |                                                                                                       |
     | DECAY DATA                                                                                            |
     | Condensed library timestamp: 15:25:47 19 March 2021                                                   |
     | EAF source library label:    Decay input from separate files                                          |
     |                                                                                                       |
     | THIS RUN                                                                                              |
     | timestamp:                   15:25:47 19 March 2021                                                   |
     | fileroot :                   condense                                                                 |
     | name of FILES file:          files                                                                    |
     | FISPACT title:               * CONDENSE dec_2012, tal2015-n/uknfy4_2                                  |
     |                                                                                                       |
     | See the condense.log file                                                                             |
     | and summary details at the end of this file for further information on files used by this run         |
     |                                                                                                       |
     =========================================================================================================


fispact run time=                  0.18750     secs


 ------------------------------------------------------------------
 Files that have been opened during this run.
 ------------------------------------------------------------------
 The numbers after the unit names are the internal unit numbers.

 output(38)      condense.out
 runlog(48)      condense.log
 ------------------------------------------------------------------



     Run timestamp:15:25:47 19 March 2021          

     Current time: 15:25:47 19 March 2021          
