



     ==============================================================================
     |                                                                            |
     |                                                                            |
     |             _____ ___ ____  ____   _    ____ _____    ___ ___              |
     |            |  ___|_ _/ ___||  _ \ / \  / ___|_   _|  |_ _|_ _|             |
     |            | |_   | |\___ \| |_) / _ \| |     | |_____| | | |              |
     |            |  _|  | | ___) |  __/ ___ \ |___  | |_____| | | |              |
     |            |_|   |___|____/|_| /_/   \_\____| |_|    |___|___|             |
     |                                                                            |
     |                            F I S P A C T - I I                             |
     |                            -------------------                             |
     |                                                                            |
     |                  Transmutation-Activation Inventory Code                   |
     |                   United Kingdom Atomic Energy Authority                   |
     |                                                                            |
     |                         Release 5.0 May 2021                               |
     |             Copyright (c) 2009-21, UK Atomic Energy Authority              |
     |                                                                            |
     ==============================================================================



1




     =========================================================================================================
     |                                                                                                       |
     |                      R U N   I D E N T I F I C A T I O N   I N F O R M A T I O N                      |
     |                                                                                                       |
     | INITIAL CROSS SECTION DATA                                                                            |
     | Collapsed library timestamp: 15:26:57 19 March 2021                                                   |
     | EAF source library label:                                                                             |
     | FLUX file label:             Position #3 Normalization Factor                                         |
     |                                                                                                       |
     | DECAY DATA                                                                                            |
     | Condensed library timestamp: 15:26:57 19 March 2021                                                   |
     | EAF source library label:    Decay input from separate files                                          |
     |                                                                                                       |
     | THIS RUN                                                                                              |
     | timestamp:                   15:26:57 19 March 2021                                                   |
     | fileroot :                   printlib3                                                                |
     | name of FILES file:          files                                                                    |
     | FISPACT title:               * PRINTLIB for tal-n/gxs-1102 data                                       |
     |                                                                                                       |
     | See the printlib3.log file                                                                            |
     | and summary details at the end of this file for further information on files used by this run         |
     |                                                                                                       |
     =========================================================================================================


1                                    N E U T R O N      S P E C T R U M


     Group    Upper         Lower         Flux          Group    Upper         Lower         Flux
     index    energy        energy                      index    energy        energy

        1  1.000000E+09  9.600000E+08  0.00000E+00       356  1.202264E+02  1.148154E+02  1.01490E+05
        2  9.600000E+08  9.200000E+08  0.00000E+00       357  1.148154E+02  1.096478E+02  1.01500E+05
        3  9.200000E+08  8.800000E+08  0.00000E+00       358  1.096478E+02  1.047129E+02  1.01490E+05
        4  8.800000E+08  8.400000E+08  0.00000E+00       359  1.047129E+02  1.000000E+02  9.59280E+04
        5  8.400000E+08  8.000000E+08  0.00000E+00       360  1.000000E+02  9.549926E+01  8.16560E+04
        6  8.000000E+08  7.600000E+08  0.00000E+00       361  9.549926E+01  9.120108E+01  8.16570E+04
        7  7.600000E+08  7.200000E+08  0.00000E+00       362  9.120108E+01  8.709636E+01  8.16560E+04
        8  7.200000E+08  6.800000E+08  0.00000E+00       363  8.709636E+01  8.317638E+01  8.16560E+04
        9  6.800000E+08  6.400000E+08  0.00000E+00       364  8.317638E+01  7.943282E+01  8.16560E+04
       10  6.400000E+08  6.000000E+08  0.00000E+00       365  7.943282E+01  7.585776E+01  9.29510E+04
       11  6.000000E+08  5.600000E+08  0.00000E+00       366  7.585776E+01  7.244360E+01  9.49130E+04
       12  5.600000E+08  5.200000E+08  0.00000E+00       367  7.244360E+01  6.918310E+01  9.49130E+04
       13  5.200000E+08  4.800000E+08  0.00000E+00       368  6.918310E+01  6.606934E+01  9.49130E+04
       14  4.800000E+08  4.400000E+08  0.00000E+00       369  6.606934E+01  6.309573E+01  9.49130E+04
       15  4.400000E+08  4.000000E+08  0.00000E+00       370  6.309573E+01  6.025596E+01  8.62810E+04
       16  4.000000E+08  3.600000E+08  0.00000E+00       371  6.025596E+01  5.754399E+01  7.45210E+04
       17  3.600000E+08  3.200000E+08  0.00000E+00       372  5.754399E+01  5.495409E+01  7.45210E+04
       18  3.200000E+08  2.800000E+08  0.00000E+00       373  5.495409E+01  5.248075E+01  7.45210E+04
       19  2.800000E+08  2.400000E+08  0.00000E+00       374  5.248075E+01  5.011872E+01  7.45210E+04
       20  2.400000E+08  2.000000E+08  0.00000E+00       375  5.011872E+01  4.786301E+01  7.45210E+04
       21  2.000000E+08  1.800000E+08  0.00000E+00       376  4.786301E+01  4.570882E+01  6.15520E+04
       22  1.800000E+08  1.600000E+08  0.00000E+00       377  4.570882E+01  4.365158E+01  6.14820E+04
       23  1.600000E+08  1.500000E+08  0.00000E+00       378  4.365158E+01  4.168694E+01  6.14820E+04
       24  1.500000E+08  1.400000E+08  0.00000E+00       379  4.168694E+01  3.981072E+01  6.14820E+04
       25  1.400000E+08  1.300000E+08  0.00000E+00       380  3.981072E+01  3.801894E+01  6.14820E+04
       26  1.300000E+08  1.200000E+08  0.00000E+00       381  3.801894E+01  3.630781E+01  5.64930E+04
       27  1.200000E+08  1.100000E+08  0.00000E+00       382  3.630781E+01  3.467369E+01  5.26660E+04
       28  1.100000E+08  1.000000E+08  0.00000E+00       383  3.467369E+01  3.311311E+01  5.26660E+04
       29  1.000000E+08  9.000000E+07  0.00000E+00       384  3.311311E+01  3.162278E+01  5.26660E+04
       30  9.000000E+07  8.000000E+07  0.00000E+00       385  3.162278E+01  3.019952E+01  5.26660E+04
       31  8.000000E+07  7.500000E+07  0.00000E+00       386  3.019952E+01  2.884032E+01  5.42000E+04
       32  7.500000E+07  7.000000E+07  0.00000E+00       387  2.884032E+01  2.754229E+01  6.38420E+04
       33  7.000000E+07  6.500000E+07  0.00000E+00       388  2.754229E+01  2.630268E+01  6.38420E+04
       34  6.500000E+07  6.000000E+07  0.00000E+00       389  2.630268E+01  2.511886E+01  6.38420E+04
       35  6.000000E+07  5.800000E+07  0.00000E+00       390  2.511886E+01  2.398833E+01  6.38410E+04
       36  5.800000E+07  5.600000E+07  0.00000E+00       391  2.398833E+01  2.290868E+01  6.38410E+04
       37  5.600000E+07  5.400000E+07  0.00000E+00       392  2.290868E+01  2.187762E+01  5.70420E+04
       38  5.400000E+07  5.200000E+07  0.00000E+00       393  2.187762E+01  2.089296E+01  5.42450E+04
       39  5.200000E+07  5.000000E+07  0.00000E+00       394  2.089296E+01  1.995262E+01  5.42450E+04
       40  5.000000E+07  4.800000E+07  0.00000E+00       395  1.995262E+01  1.905461E+01  5.42450E+04
       41  4.800000E+07  4.600000E+07  0.00000E+00       396  1.905461E+01  1.819701E+01  5.42450E+04
       42  4.600000E+07  4.400000E+07  0.00000E+00       397  1.819701E+01  1.737801E+01  5.35700E+04
       43  4.400000E+07  4.200000E+07  0.00000E+00       398  1.737801E+01  1.659587E+01  5.18340E+04
       44  4.200000E+07  4.000000E+07  0.00000E+00       399  1.659587E+01  1.584893E+01  5.18340E+04
       45  4.000000E+07  3.800000E+07  0.00000E+00       400  1.584893E+01  1.513561E+01  5.18340E+04
       46  3.800000E+07  3.600000E+07  0.00000E+00       401  1.513561E+01  1.445440E+01  5.18340E+04
       47  3.600000E+07  3.400000E+07  0.00000E+00       402  1.445440E+01  1.380384E+01  5.18340E+04
       48  3.400000E+07  3.200000E+07  0.00000E+00       403  1.380384E+01  1.318257E+01  4.84360E+04
       49  3.200000E+07  3.000000E+07  0.00000E+00       404  1.318257E+01  1.258925E+01  4.78430E+04
       50  3.000000E+07  2.900000E+07  0.00000E+00       405  1.258925E+01  1.202264E+01  4.78420E+04
       51  2.900000E+07  2.800000E+07  0.00000E+00       406  1.202264E+01  1.148154E+01  4.78420E+04
       52  2.800000E+07  2.700000E+07  0.00000E+00       407  1.148154E+01  1.096478E+01  4.78430E+04
       53  2.700000E+07  2.600000E+07  0.00000E+00       408  1.096478E+01  1.047129E+01  4.52080E+04
       54  2.600000E+07  2.500000E+07  0.00000E+00       409  1.047129E+01  1.000000E+01  4.16080E+04
       55  2.500000E+07  2.400000E+07  0.00000E+00       410  1.000000E+01  9.549926E+00  4.16080E+04
       56  2.400000E+07  2.300000E+07  0.00000E+00       411  9.549926E+00  9.120108E+00  4.16080E+04
       57  2.300000E+07  2.200000E+07  0.00000E+00       412  9.120108E+00  8.709636E+00  4.16080E+04
       58  2.200000E+07  2.100000E+07  0.00000E+00       413  8.709636E+00  8.317638E+00  4.16080E+04
       59  2.100000E+07  2.000000E+07  0.00000E+00       414  8.317638E+00  7.943282E+00  3.73550E+04
       60  2.000000E+07  1.980000E+07  0.00000E+00       415  7.943282E+00  7.585776E+00  3.73290E+04
       61  1.980000E+07  1.960000E+07  0.00000E+00       416  7.585776E+00  7.244360E+00  3.73290E+04
       62  1.960000E+07  1.940000E+07  0.00000E+00       417  7.244360E+00  6.918310E+00  3.73290E+04
       63  1.940000E+07  1.920000E+07  0.00000E+00       418  6.918310E+00  6.606934E+00  3.73290E+04
       64  1.920000E+07  1.900000E+07  0.00000E+00       419  6.606934E+00  6.309573E+00  3.83870E+04
       65  1.900000E+07  1.880000E+07  0.00000E+00       420  6.309573E+00  6.025596E+00  3.92020E+04
       66  1.880000E+07  1.860000E+07  0.00000E+00       421  6.025596E+00  5.754399E+00  3.92020E+04
       67  1.860000E+07  1.840000E+07  0.00000E+00       422  5.754399E+00  5.495409E+00  3.92010E+04
       68  1.840000E+07  1.820000E+07  0.00000E+00       423  5.495409E+00  5.248075E+00  3.92020E+04
       69  1.820000E+07  1.800000E+07  0.00000E+00       424  5.248075E+00  5.011872E+00  3.97280E+04
       70  1.800000E+07  1.780000E+07  0.00000E+00       425  5.011872E+00  4.786301E+00  4.30590E+04
       71  1.780000E+07  1.760000E+07  0.00000E+00       426  4.786301E+00  4.570882E+00  4.30590E+04
       72  1.760000E+07  1.740000E+07  0.00000E+00       427  4.570882E+00  4.365158E+00  4.30590E+04
       73  1.740000E+07  1.720000E+07  0.00000E+00       428  4.365158E+00  4.168694E+00  4.30590E+04
       74  1.720000E+07  1.700000E+07  0.00000E+00       429  4.168694E+00  3.981072E+00  4.30590E+04
       75  1.700000E+07  1.680000E+07  0.00000E+00       430  3.981072E+00  3.801894E+00  2.95530E+04
       76  1.680000E+07  1.660000E+07  0.00000E+00       431  3.801894E+00  3.630781E+00  2.39780E+04
       77  1.660000E+07  1.640000E+07  0.00000E+00       432  3.630781E+00  3.467369E+00  2.39780E+04
       78  1.640000E+07  1.620000E+07  0.00000E+00       433  3.467369E+00  3.311311E+00  2.39780E+04
       79  1.620000E+07  1.600000E+07  0.00000E+00       434  3.311311E+00  3.162278E+00  2.39780E+04
       80  1.600000E+07  1.580000E+07  0.00000E+00       435  3.162278E+00  3.019952E+00  2.51070E+04
       81  1.580000E+07  1.560000E+07  2.98060E+08       436  3.019952E+00  2.884032E+00  2.80260E+04
       82  1.560000E+07  1.540000E+07  7.23910E+08       437  2.884032E+00  2.754229E+00  2.80260E+04
       83  1.540000E+07  1.520000E+07  7.33380E+08       438  2.754229E+00  2.630268E+00  2.80260E+04
       84  1.520000E+07  1.500000E+07  7.43090E+08       439  2.630268E+00  2.511886E+00  2.80260E+04
       85  1.500000E+07  1.480000E+07  2.13670E+09       440  2.511886E+00  2.398833E+00  2.80250E+04
       86  1.480000E+07  1.460000E+07  3.12980E+09       441  2.398833E+00  2.290868E+00  2.27120E+04
       87  1.460000E+07  1.440000E+07  1.26410E+09       442  2.290868E+00  2.187762E+00  2.17780E+04
       88  1.440000E+07  1.420000E+07  6.39310E+08       443  2.187762E+00  2.089296E+00  2.17780E+04
       89  1.420000E+07  1.400000E+07  6.07550E+07       444  2.089296E+00  1.995262E+00  2.17780E+04
       90  1.400000E+07  1.380000E+07  3.04460E+07       445  1.995262E+00  1.905461E+00  2.17780E+04
       91  1.380000E+07  1.360000E+07  2.16330E+07       446  1.905461E+00  1.819701E+00  2.27530E+04
       92  1.360000E+07  1.340000E+07  1.86850E+07       447  1.819701E+00  1.737801E+00  2.40900E+04
       93  1.340000E+07  1.320000E+07  1.55790E+07       448  1.737801E+00  1.659587E+00  2.40900E+04
       94  1.320000E+07  1.300000E+07  1.58170E+07       449  1.659587E+00  1.584893E+00  2.40900E+04
       95  1.300000E+07  1.280000E+07  1.55570E+07       450  1.584893E+00  1.513561E+00  2.40900E+04
       96  1.280000E+07  1.260000E+07  1.37840E+07       451  1.513561E+00  1.445440E+00  2.40900E+04
       97  1.260000E+07  1.240000E+07  1.23670E+07       452  1.445440E+00  1.380384E+00  1.89540E+04
       98  1.240000E+07  1.220000E+07  1.14500E+07       453  1.380384E+00  1.318257E+00  1.89180E+04
       99  1.220000E+07  1.200000E+07  1.04470E+07       454  1.318257E+00  1.258925E+00  1.89180E+04
      100  1.200000E+07  1.180000E+07  1.06220E+07       455  1.258925E+00  1.202264E+00  1.89180E+04
      101  1.180000E+07  1.160000E+07  1.07420E+07       456  1.202264E+00  1.148154E+00  1.89180E+04
      102  1.160000E+07  1.140000E+07  1.03100E+07       457  1.148154E+00  1.096478E+00  1.74350E+04
      103  1.140000E+07  1.120000E+07  1.04930E+07       458  1.096478E+00  1.047129E+00  1.62890E+04
      104  1.120000E+07  1.100000E+07  1.05760E+07       459  1.047129E+00  1.000000E+00  1.62890E+04
      105  1.100000E+07  1.080000E+07  1.04640E+07       460  1.000000E+00  9.549926E-01  1.62890E+04
      106  1.080000E+07  1.060000E+07  1.06590E+07       461  9.549926E-01  9.120108E-01  1.62890E+04
      107  1.060000E+07  1.040000E+07  1.02510E+07       462  9.120108E-01  8.709636E-01  1.61960E+04
      108  1.040000E+07  1.020000E+07  9.97090E+06       463  8.709636E-01  8.317638E-01  1.56010E+04
      109  1.020000E+07  1.000000E+07  1.01680E+07       464  8.317638E-01  7.943282E-01  1.56010E+04
      110  1.000000E+07  9.549926E+06  2.24300E+07       465  7.943282E-01  7.585776E-01  1.56010E+04
      111  9.549926E+06  9.120108E+06  2.05640E+07       466  7.585776E-01  7.244360E-01  1.56010E+04
      112  9.120108E+06  8.709636E+06  1.95200E+07       467  7.244360E-01  6.918310E-01  1.56010E+04
      113  8.709636E+06  8.317638E+06  1.88520E+07       468  6.918310E-01  6.606934E-01  1.41460E+04
      114  8.317638E+06  7.943282E+06  1.86210E+07       469  6.606934E-01  6.309573E-01  1.35430E+04
      115  7.943282E+06  7.585776E+06  1.88030E+07       470  6.309573E-01  6.025596E-01  1.35430E+04
      116  7.585776E+06  7.244360E+06  1.92120E+07       471  6.025596E-01  5.754399E-01  1.35430E+04
      117  7.244360E+06  6.918310E+06  1.93120E+07       472  5.754399E-01  5.495409E-01  1.35430E+04
      118  6.918310E+06  6.606934E+06  1.86980E+07       473  5.495409E-01  5.248075E-01  1.38190E+04
      119  6.606934E+06  6.309573E+06  1.69030E+07       474  5.248075E-01  5.011872E-01  1.45350E+04
      120  6.309573E+06  6.025596E+06  1.68790E+07       475  5.011872E-01  4.786301E-01  1.45350E+04
      121  6.025596E+06  5.754399E+06  1.71330E+07       476  4.786301E-01  4.570882E-01  1.45350E+04
      122  5.754399E+06  5.495409E+06  1.65290E+07       477  4.570882E-01  4.365158E-01  1.45350E+04
      123  5.495409E+06  5.248075E+06  1.64010E+07       478  4.365158E-01  4.168694E-01  1.45350E+04
      124  5.248075E+06  5.011872E+06  1.61550E+07       479  4.168694E-01  3.981072E-01  1.41090E+04
      125  5.011872E+06  4.786301E+06  1.69950E+07       480  3.981072E-01  3.801894E-01  1.40330E+04
      126  4.786301E+06  4.570882E+06  1.73810E+07       481  3.801894E-01  3.630781E-01  1.40330E+04
      127  4.570882E+06  4.365158E+06  1.69480E+07       482  3.630781E-01  3.467369E-01  1.40330E+04
      128  4.365158E+06  4.168694E+06  1.66520E+07       483  3.467369E-01  3.311311E-01  1.40330E+04
      129  4.168694E+06  3.981072E+06  1.65260E+07       484  3.311311E-01  3.162278E-01  1.40330E+04
      130  3.981072E+06  3.801894E+06  1.63760E+07       485  3.162278E-01  3.019952E-01  1.40330E+04
      131  3.801894E+06  3.630781E+06  1.62830E+07       486  3.019952E-01  2.884032E-01  1.40330E+04
      132  3.630781E+06  3.467369E+06  1.60500E+07       487  2.884032E-01  2.754229E-01  1.40330E+04
      133  3.467369E+06  3.311311E+06  1.59880E+07       488  2.754229E-01  2.630268E-01  1.40330E+04
      134  3.311311E+06  3.162278E+06  1.55120E+07       489  2.630268E-01  2.511886E-01  1.40330E+04
      135  3.162278E+06  3.019952E+06  1.59160E+07       490  2.511886E-01  2.398833E-01  1.40330E+04
      136  3.019952E+06  2.884032E+06  1.56940E+07       491  2.398833E-01  2.290868E-01  1.40330E+04
      137  2.884032E+06  2.754229E+06  1.58050E+07       492  2.290868E-01  2.187762E-01  1.40330E+04
      138  2.754229E+06  2.630268E+06  1.59770E+07       493  2.187762E-01  2.089296E-01  1.40330E+04
      139  2.630268E+06  2.511886E+06  1.58680E+07       494  2.089296E-01  1.995262E-01  1.40330E+04
      140  2.511886E+06  2.398833E+06  1.54890E+07       495  1.995262E-01  1.905461E-01  1.40330E+04
      141  2.398833E+06  2.290868E+06  1.57610E+07       496  1.905461E-01  1.819701E-01  1.40330E+04
      142  2.290868E+06  2.187762E+06  1.54630E+07       497  1.819701E-01  1.737801E-01  1.40330E+04
      143  2.187762E+06  2.089296E+06  1.53400E+07       498  1.737801E-01  1.659587E-01  1.40330E+04
      144  2.089296E+06  1.995262E+06  1.52270E+07       499  1.659587E-01  1.584893E-01  1.40330E+04
      145  1.995262E+06  1.905461E+06  1.50580E+07       500  1.584893E-01  1.513561E-01  1.40330E+04
      146  1.905461E+06  1.819701E+06  1.50310E+07       501  1.513561E-01  1.445440E-01  1.40330E+04
      147  1.819701E+06  1.737801E+06  1.47910E+07       502  1.445440E-01  1.380384E-01  1.40330E+04
      148  1.737801E+06  1.659587E+06  1.44350E+07       503  1.380384E-01  1.318257E-01  1.40330E+04
      149  1.659587E+06  1.584893E+06  1.46730E+07       504  1.318257E-01  1.258925E-01  1.40340E+04
      150  1.584893E+06  1.513561E+06  1.44170E+07       505  1.258925E-01  1.202264E-01  1.40330E+04
      151  1.513561E+06  1.445440E+06  1.40950E+07       506  1.202264E-01  1.148154E-01  1.40330E+04
      152  1.445440E+06  1.380384E+06  1.40440E+07       507  1.148154E-01  1.096478E-01  1.40340E+04
      153  1.380384E+06  1.318257E+06  1.39480E+07       508  1.096478E-01  1.047129E-01  1.40330E+04
      154  1.318257E+06  1.258925E+06  1.35120E+07       509  1.047129E-01  1.000000E-01  1.40330E+04
      155  1.258925E+06  1.202264E+06  1.30970E+07       510  1.000000E-01  9.549926E-02  1.19220E+04
      156  1.202264E+06  1.148154E+06  1.29460E+07       511  9.549926E-02  9.120108E-02  1.19220E+04
      157  1.148154E+06  1.096478E+06  1.27260E+07       512  9.120108E-02  8.709636E-02  1.19220E+04
      158  1.096478E+06  1.047129E+06  1.26140E+07       513  8.709636E-02  8.317638E-02  1.19220E+04
      159  1.047129E+06  1.000000E+06  1.25800E+07       514  8.317638E-02  7.943282E-02  1.19220E+04
      160  1.000000E+06  9.549926E+05  1.19500E+07       515  7.943282E-02  7.585776E-02  1.19220E+04
      161  9.549926E+05  9.120108E+05  1.16050E+07       516  7.585776E-02  7.244360E-02  1.19220E+04
      162  9.120108E+05  8.709636E+05  1.12720E+07       517  7.244360E-02  6.918310E-02  1.19220E+04
      163  8.709636E+05  8.317638E+05  1.09460E+07       518  6.918310E-02  6.606934E-02  1.19220E+04
      164  8.317638E+05  7.943282E+05  1.06040E+07       519  6.606934E-02  6.309573E-02  1.19220E+04
      165  7.943282E+05  7.585776E+05  1.04350E+07       520  6.309573E-02  6.025596E-02  1.19220E+04
      166  7.585776E+05  7.244360E+05  1.00730E+07       521  6.025596E-02  5.754399E-02  1.19220E+04
      167  7.244360E+05  6.918310E+05  9.76170E+06       522  5.754399E-02  5.495409E-02  1.19220E+04
      168  6.918310E+05  6.606934E+05  9.51780E+06       523  5.495409E-02  5.248075E-02  1.19220E+04
      169  6.606934E+05  6.309573E+05  9.06180E+06       524  5.248075E-02  5.011872E-02  1.19220E+04
      170  6.309573E+05  6.025596E+05  8.73000E+06       525  5.011872E-02  4.786301E-02  1.19220E+04
      171  6.025596E+05  5.754399E+05  8.47190E+06       526  4.786301E-02  4.570882E-02  1.19220E+04
      172  5.754399E+05  5.495409E+05  7.92080E+06       527  4.570882E-02  4.365158E-02  1.19220E+04
      173  5.495409E+05  5.248075E+05  7.85390E+06       528  4.365158E-02  4.168694E-02  1.19220E+04
      174  5.248075E+05  5.011872E+05  7.53660E+06       529  4.168694E-02  3.981072E-02  1.19220E+04
      175  5.011872E+05  4.786301E+05  7.20980E+06       530  3.981072E-02  3.801894E-02  1.19220E+04
      176  4.786301E+05  4.570882E+05  7.15810E+06       531  3.801894E-02  3.630781E-02  1.19220E+04
      177  4.570882E+05  4.365158E+05  6.62080E+06       532  3.630781E-02  3.467369E-02  1.19220E+04
      178  4.365158E+05  4.168694E+05  6.37300E+06       533  3.467369E-02  3.311311E-02  1.19220E+04
      179  4.168694E+05  3.981072E+05  6.28840E+06       534  3.311311E-02  3.162278E-02  1.19220E+04
      180  3.981072E+05  3.801894E+05  6.08960E+06       535  3.162278E-02  3.019952E-02  1.19220E+04
      181  3.801894E+05  3.630781E+05  5.86040E+06       536  3.019952E-02  2.884032E-02  1.19220E+04
      182  3.630781E+05  3.467369E+05  5.72490E+06       537  2.884032E-02  2.754229E-02  1.19220E+04
      183  3.467369E+05  3.311311E+05  5.60110E+06       538  2.754229E-02  2.630268E-02  1.19220E+04
      184  3.311311E+05  3.162278E+05  4.99630E+06       539  2.630268E-02  2.511886E-02  1.19220E+04
      185  3.162278E+05  3.019952E+05  4.99640E+06       540  2.511886E-02  2.398833E-02  1.19220E+04
      186  3.019952E+05  2.884032E+05  4.73580E+06       541  2.398833E-02  2.290868E-02  1.19220E+04
      187  2.884032E+05  2.754229E+05  4.57490E+06       542  2.290868E-02  2.187762E-02  1.19220E+04
      188  2.754229E+05  2.630268E+05  4.42320E+06       543  2.187762E-02  2.089296E-02  1.19220E+04
      189  2.630268E+05  2.511886E+05  4.39490E+06       544  2.089296E-02  1.995262E-02  1.19220E+04
      190  2.511886E+05  2.398833E+05  4.01580E+06       545  1.995262E-02  1.905461E-02  1.19220E+04
      191  2.398833E+05  2.290868E+05  3.69670E+06       546  1.905461E-02  1.819701E-02  1.19220E+04
      192  2.290868E+05  2.187762E+05  3.59370E+06       547  1.819701E-02  1.737801E-02  1.19220E+04
      193  2.187762E+05  2.089296E+05  3.45410E+06       548  1.737801E-02  1.659587E-02  1.19220E+04
      194  2.089296E+05  1.995262E+05  3.30240E+06       549  1.659587E-02  1.584893E-02  1.19220E+04
      195  1.995262E+05  1.905461E+05  3.38090E+06       550  1.584893E-02  1.513561E-02  1.19220E+04
      196  1.905461E+05  1.819701E+05  3.30650E+06       551  1.513561E-02  1.445440E-02  1.19220E+04
      197  1.819701E+05  1.737801E+05  2.99410E+06       552  1.445440E-02  1.380384E-02  1.19220E+04
      198  1.737801E+05  1.659587E+05  2.77190E+06       553  1.380384E-02  1.318257E-02  1.19220E+04
      199  1.659587E+05  1.584893E+05  2.32520E+06       554  1.318257E-02  1.258925E-02  1.19230E+04
      200  1.584893E+05  1.513561E+05  2.40910E+06       555  1.258925E-02  1.202264E-02  1.19220E+04
      201  1.513561E+05  1.445440E+05  2.34060E+06       556  1.202264E-02  1.148154E-02  1.19220E+04
      202  1.445440E+05  1.380384E+05  2.52790E+06       557  1.148154E-02  1.096478E-02  1.19230E+04
      203  1.380384E+05  1.318257E+05  2.57400E+06       558  1.096478E-02  1.047129E-02  1.19220E+04
      204  1.318257E+05  1.258925E+05  2.45140E+06       559  1.047129E-02  1.000000E-02  1.19220E+04
      205  1.258925E+05  1.202264E+05  2.17430E+06       560  1.000000E-02  9.549926E-03  0.00000E+00
      206  1.202264E+05  1.148154E+05  1.95980E+06       561  9.549926E-03  9.120108E-03  0.00000E+00
      207  1.148154E+05  1.096478E+05  1.94850E+06       562  9.120108E-03  8.709636E-03  0.00000E+00
      208  1.096478E+05  1.047129E+05  1.85370E+06       563  8.709636E-03  8.317638E-03  0.00000E+00
      209  1.047129E+05  1.000000E+05  1.85370E+06       564  8.317638E-03  7.943282E-03  0.00000E+00
      210  1.000000E+05  9.549926E+04  1.65540E+06       565  7.943282E-03  7.585776E-03  0.00000E+00
      211  9.549926E+04  9.120108E+04  1.50540E+06       566  7.585776E-03  7.244360E-03  0.00000E+00
      212  9.120108E+04  8.709636E+04  1.50540E+06       567  7.244360E-03  6.918310E-03  0.00000E+00
      213  8.709636E+04  8.317638E+04  1.63600E+06       568  6.918310E-03  6.606934E-03  0.00000E+00
      214  8.317638E+04  7.943282E+04  1.67010E+06       569  6.606934E-03  6.309573E-03  0.00000E+00
      215  7.943282E+04  7.585776E+04  1.62300E+06       570  6.309573E-03  6.025596E-03  0.00000E+00
      216  7.585776E+04  7.244360E+04  1.62300E+06       571  6.025596E-03  5.754399E-03  0.00000E+00
      217  7.244360E+04  6.918310E+04  1.43950E+06       572  5.754399E-03  5.495409E-03  0.00000E+00
      218  6.918310E+04  6.606934E+04  1.33680E+06       573  5.495409E-03  5.248075E-03  0.00000E+00
      219  6.606934E+04  6.309573E+04  1.23420E+06       574  5.248075E-03  5.011872E-03  0.00000E+00
      220  6.309573E+04  6.025596E+04  1.23420E+06       575  5.011872E-03  4.786301E-03  0.00000E+00
      221  6.025596E+04  5.754399E+04  1.23420E+06       576  4.786301E-03  4.570882E-03  0.00000E+00
      222  5.754399E+04  5.495409E+04  1.17980E+06       577  4.570882E-03  4.365158E-03  0.00000E+00
      223  5.495409E+04  5.248075E+04  1.14730E+06       578  4.365158E-03  4.168694E-03  0.00000E+00
      224  5.248075E+04  5.011872E+04  1.03200E+06       579  4.168694E-03  3.981072E-03  0.00000E+00
      225  5.011872E+04  4.786301E+04  1.03170E+06       580  3.981072E-03  3.801894E-03  0.00000E+00
      226  4.786301E+04  4.570882E+04  1.02170E+06       581  3.801894E-03  3.630781E-03  0.00000E+00
      227  4.570882E+04  4.365158E+04  9.96290E+05       582  3.630781E-03  3.467369E-03  0.00000E+00
      228  4.365158E+04  4.168694E+04  9.96280E+05       583  3.467369E-03  3.311311E-03  0.00000E+00
      229  4.168694E+04  3.981072E+04  8.86280E+05       584  3.311311E-03  3.162278E-03  0.00000E+00
      230  3.981072E+04  3.801894E+04  8.02950E+05       585  3.162278E-03  3.019952E-03  0.00000E+00
      231  3.801894E+04  3.630781E+04  8.02950E+05       586  3.019952E-03  2.884032E-03  0.00000E+00
      232  3.630781E+04  3.467369E+04  8.02950E+05       587  2.884032E-03  2.754229E-03  0.00000E+00
      233  3.467369E+04  3.311311E+04  9.77400E+05       588  2.754229E-03  2.630268E-03  0.00000E+00
      234  3.311311E+04  3.162278E+04  1.01850E+06       589  2.630268E-03  2.511886E-03  0.00000E+00
      235  3.162278E+04  3.019952E+04  9.48980E+05       590  2.511886E-03  2.398833E-03  0.00000E+00
      236  3.019952E+04  2.884032E+04  9.48980E+05       591  2.398833E-03  2.290868E-03  0.00000E+00
      237  2.884032E+04  2.754229E+04  8.82880E+05       592  2.290868E-03  2.187762E-03  0.00000E+00
      238  2.754229E+04  2.630268E+04  8.18510E+05       593  2.187762E-03  2.089296E-03  0.00000E+00
      239  2.630268E+04  2.511886E+04  7.97640E+05       594  2.089296E-03  1.995262E-03  0.00000E+00
      240  2.511886E+04  2.398833E+04  7.84680E+05       595  1.995262E-03  1.905461E-03  0.00000E+00
      241  2.398833E+04  2.290868E+04  7.83550E+05       596  1.905461E-03  1.819701E-03  0.00000E+00
      242  2.290868E+04  2.187762E+04  7.30700E+05       597  1.819701E-03  1.737801E-03  0.00000E+00
      243  2.187762E+04  2.089296E+04  6.93290E+05       598  1.737801E-03  1.659587E-03  0.00000E+00
      244  2.089296E+04  1.995262E+04  6.93190E+05       599  1.659587E-03  1.584893E-03  0.00000E+00
      245  1.995262E+04  1.905461E+04  6.83160E+05       600  1.584893E-03  1.513561E-03  0.00000E+00
      246  1.905461E+04  1.819701E+04  6.57780E+05       601  1.513561E-03  1.445440E-03  0.00000E+00
      247  1.819701E+04  1.737801E+04  6.57780E+05       602  1.445440E-03  1.380384E-03  0.00000E+00
      248  1.737801E+04  1.659587E+04  6.57780E+05       603  1.380384E-03  1.318257E-03  0.00000E+00
      249  1.659587E+04  1.584893E+04  6.57780E+05       604  1.318257E-03  1.258925E-03  0.00000E+00
      250  1.584893E+04  1.513561E+04  6.57780E+05       605  1.258925E-03  1.202264E-03  0.00000E+00
      251  1.513561E+04  1.445440E+04  5.74730E+05       606  1.202264E-03  1.148154E-03  0.00000E+00
      252  1.445440E+04  1.380384E+04  5.60580E+05       607  1.148154E-03  1.096478E-03  0.00000E+00
      253  1.380384E+04  1.318257E+04  5.60570E+05       608  1.096478E-03  1.047129E-03  0.00000E+00
      254  1.318257E+04  1.258925E+04  5.60580E+05       609  1.047129E-03  1.000000E-03  0.00000E+00
      255  1.258925E+04  1.202264E+04  5.60570E+05       610  1.000000E-03  9.549926E-04  0.00000E+00
      256  1.202264E+04  1.148154E+04  5.56580E+05       611  9.549926E-04  9.120108E-04  0.00000E+00
      257  1.148154E+04  1.096478E+04  5.51230E+05       612  9.120108E-04  8.709636E-04  0.00000E+00
      258  1.096478E+04  1.047129E+04  5.40740E+05       613  8.709636E-04  8.317638E-04  0.00000E+00
      259  1.047129E+04  1.000000E+04  5.10030E+05       614  8.317638E-04  7.943282E-04  0.00000E+00
      260  1.000000E+04  9.549926E+03  5.10020E+05       615  7.943282E-04  7.585776E-04  0.00000E+00
      261  9.549926E+03  9.120108E+03  5.10020E+05       616  7.585776E-04  7.244360E-04  0.00000E+00
      262  9.120108E+03  8.709636E+03  4.74040E+05       617  7.244360E-04  6.918310E-04  0.00000E+00
      263  8.709636E+03  8.317638E+03  4.73930E+05       618  6.918310E-04  6.606934E-04  0.00000E+00
      264  8.317638E+03  7.943282E+03  4.73930E+05       619  6.606934E-04  6.309573E-04  0.00000E+00
      265  7.943282E+03  7.585776E+03  4.73930E+05       620  6.309573E-04  6.025596E-04  0.00000E+00
      266  7.585776E+03  7.244360E+03  4.73930E+05       621  6.025596E-04  5.754399E-04  0.00000E+00
      267  7.244360E+03  6.918310E+03  4.34150E+05       622  5.754399E-04  5.495409E-04  0.00000E+00
      268  6.918310E+03  6.606934E+03  4.03940E+05       623  5.495409E-04  5.248075E-04  0.00000E+00
      269  6.606934E+03  6.309573E+03  4.03930E+05       624  5.248075E-04  5.011872E-04  0.00000E+00
      270  6.309573E+03  6.025596E+03  4.03930E+05       625  5.011872E-04  4.786301E-04  0.00000E+00
      271  6.025596E+03  5.754399E+03  4.03940E+05       626  4.786301E-04  4.570882E-04  0.00000E+00
      272  5.754399E+03  5.495409E+03  4.01630E+05       627  4.570882E-04  4.365158E-04  0.00000E+00
      273  5.495409E+03  5.248075E+03  3.87420E+05       628  4.365158E-04  4.168694E-04  0.00000E+00
      274  5.248075E+03  5.011872E+03  3.87420E+05       629  4.168694E-04  3.981072E-04  0.00000E+00
      275  5.011872E+03  4.786301E+03  3.87420E+05       630  3.981072E-04  3.801894E-04  0.00000E+00
      276  4.786301E+03  4.570882E+03  3.87420E+05       631  3.801894E-04  3.630781E-04  0.00000E+00
      277  4.570882E+03  4.365158E+03  3.87420E+05       632  3.630781E-04  3.467369E-04  0.00000E+00
      278  4.365158E+03  4.168694E+03  3.89880E+05       633  3.467369E-04  3.311311E-04  0.00000E+00
      279  4.168694E+03  3.981072E+03  3.90880E+05       634  3.311311E-04  3.162278E-04  0.00000E+00
      280  3.981072E+03  3.801894E+03  3.90880E+05       635  3.162278E-04  3.019952E-04  0.00000E+00
      281  3.801894E+03  3.630781E+03  3.87140E+05       636  3.019952E-04  2.884032E-04  0.00000E+00
      282  3.630781E+03  3.467369E+03  3.82640E+05       637  2.884032E-04  2.754229E-04  0.00000E+00
      283  3.467369E+03  3.311311E+03  3.60020E+05       638  2.754229E-04  2.630268E-04  0.00000E+00
      284  3.311311E+03  3.162278E+03  3.02480E+05       639  2.630268E-04  2.511886E-04  0.00000E+00
      285  3.162278E+03  3.019952E+03  3.06210E+05       640  2.511886E-04  2.398833E-04  0.00000E+00
      286  3.019952E+03  2.884032E+03  3.36140E+05       641  2.398833E-04  2.290868E-04  0.00000E+00
      287  2.884032E+03  2.754229E+03  3.36140E+05       642  2.290868E-04  2.187762E-04  0.00000E+00
      288  2.754229E+03  2.630268E+03  3.19550E+05       643  2.187762E-04  2.089296E-04  0.00000E+00
      289  2.630268E+03  2.511886E+03  3.31730E+05       644  2.089296E-04  1.995262E-04  0.00000E+00
      290  2.511886E+03  2.398833E+03  3.21730E+05       645  1.995262E-04  1.905461E-04  0.00000E+00
      291  2.398833E+03  2.290868E+03  3.18020E+05       646  1.905461E-04  1.819701E-04  0.00000E+00
      292  2.290868E+03  2.187762E+03  3.09310E+05       647  1.819701E-04  1.737801E-04  0.00000E+00
      293  2.187762E+03  2.089296E+03  3.03420E+05       648  1.737801E-04  1.659587E-04  0.00000E+00
      294  2.089296E+03  1.995262E+03  2.90740E+05       649  1.659587E-04  1.584893E-04  0.00000E+00
      295  1.995262E+03  1.905461E+03  2.73570E+05       650  1.584893E-04  1.513561E-04  0.00000E+00
      296  1.905461E+03  1.819701E+03  2.73570E+05       651  1.513561E-04  1.445440E-04  0.00000E+00
      297  1.819701E+03  1.737801E+03  2.73570E+05       652  1.445440E-04  1.380384E-04  0.00000E+00
      298  1.737801E+03  1.659587E+03  2.73570E+05       653  1.380384E-04  1.318257E-04  0.00000E+00
      299  1.659587E+03  1.584893E+03  2.73570E+05       654  1.318257E-04  1.258925E-04  0.00000E+00
      300  1.584893E+03  1.513561E+03  2.34730E+05       655  1.258925E-04  1.202264E-04  0.00000E+00
      301  1.513561E+03  1.445440E+03  2.34580E+05       656  1.202264E-04  1.148154E-04  0.00000E+00
      302  1.445440E+03  1.380384E+03  2.34580E+05       657  1.148154E-04  1.096478E-04  0.00000E+00
      303  1.380384E+03  1.318257E+03  2.34580E+05       658  1.096478E-04  1.047129E-04  0.00000E+00
      304  1.318257E+03  1.258925E+03  2.34590E+05       659  1.047129E-04  1.000000E-04  0.00000E+00
      305  1.258925E+03  1.202264E+03  2.21670E+05       660  1.000000E-04  9.549926E-05  0.00000E+00
      306  1.202264E+03  1.148154E+03  2.11830E+05       661  9.549926E-05  9.120108E-05  0.00000E+00
      307  1.148154E+03  1.096478E+03  2.11840E+05       662  9.120108E-05  8.709636E-05  0.00000E+00
      308  1.096478E+03  1.047129E+03  2.11830E+05       663  8.709636E-05  8.317638E-05  0.00000E+00
      309  1.047129E+03  1.000000E+03  2.11840E+05       664  8.317638E-05  7.943282E-05  0.00000E+00
      310  1.000000E+03  9.549926E+02  2.09130E+05       665  7.943282E-05  7.585776E-05  0.00000E+00
      311  9.549926E+02  9.120108E+02  1.92340E+05       666  7.585776E-05  7.244360E-05  0.00000E+00
      312  9.120108E+02  8.709636E+02  1.92330E+05       667  7.244360E-05  6.918310E-05  0.00000E+00
      313  8.709636E+02  8.317638E+02  1.92340E+05       668  6.918310E-05  6.606934E-05  0.00000E+00
      314  8.317638E+02  7.943282E+02  1.92340E+05       669  6.606934E-05  6.309573E-05  0.00000E+00
      315  7.943282E+02  7.585776E+02  1.92330E+05       670  6.309573E-05  6.025596E-05  0.00000E+00
      316  7.585776E+02  7.244360E+02  1.78400E+05       671  6.025596E-05  5.754399E-05  0.00000E+00
      317  7.244360E+02  6.918310E+02  1.72710E+05       672  5.754399E-05  5.495409E-05  0.00000E+00
      318  6.918310E+02  6.606934E+02  1.72710E+05       673  5.495409E-05  5.248075E-05  0.00000E+00
      319  6.606934E+02  6.309573E+02  1.72710E+05       674  5.248075E-05  5.011872E-05  0.00000E+00
      320  6.309573E+02  6.025596E+02  1.72710E+05       675  5.011872E-05  4.786301E-05  0.00000E+00
      321  6.025596E+02  5.754399E+02  1.69860E+05       676  4.786301E-05  4.570882E-05  0.00000E+00
      322  5.754399E+02  5.495409E+02  1.62590E+05       677  4.570882E-05  4.365158E-05  0.00000E+00
      323  5.495409E+02  5.248075E+02  1.62590E+05       678  4.365158E-05  4.168694E-05  0.00000E+00
      324  5.248075E+02  5.011872E+02  1.62590E+05       679  4.168694E-05  3.981072E-05  0.00000E+00
      325  5.011872E+02  4.786301E+02  1.62590E+05       680  3.981072E-05  3.801894E-05  0.00000E+00
      326  4.786301E+02  4.570882E+02  1.62590E+05       681  3.801894E-05  3.630781E-05  0.00000E+00
      327  4.570882E+02  4.365158E+02  1.63420E+05       682  3.630781E-05  3.467369E-05  0.00000E+00
      328  4.365158E+02  4.168694E+02  1.63560E+05       683  3.467369E-05  3.311311E-05  0.00000E+00
      329  4.168694E+02  3.981072E+02  1.63560E+05       684  3.311311E-05  3.162278E-05  0.00000E+00
      330  3.981072E+02  3.801894E+02  1.63560E+05       685  3.162278E-05  3.019952E-05  0.00000E+00
      331  3.801894E+02  3.630781E+02  1.63560E+05       686  3.019952E-05  2.884032E-05  0.00000E+00
      332  3.630781E+02  3.467369E+02  1.51750E+05       687  2.884032E-05  2.754229E-05  0.00000E+00
      333  3.467369E+02  3.311311E+02  1.35700E+05       688  2.754229E-05  2.630268E-05  0.00000E+00
      334  3.311311E+02  3.162278E+02  1.35700E+05       689  2.630268E-05  2.511886E-05  0.00000E+00
      335  3.162278E+02  3.019952E+02  1.35700E+05       690  2.511886E-05  2.398833E-05  0.00000E+00
      336  3.019952E+02  2.884032E+02  1.35700E+05       691  2.398833E-05  2.290868E-05  0.00000E+00
      337  2.884032E+02  2.754229E+02  1.35700E+05       692  2.290868E-05  2.187762E-05  0.00000E+00
      338  2.754229E+02  2.630268E+02  1.35540E+05       693  2.187762E-05  2.089296E-05  0.00000E+00
      339  2.630268E+02  2.511886E+02  1.35540E+05       694  2.089296E-05  1.995262E-05  0.00000E+00
      340  2.511886E+02  2.398833E+02  1.35540E+05       695  1.995262E-05  1.905461E-05  0.00000E+00
      341  2.398833E+02  2.290868E+02  1.35540E+05       696  1.905461E-05  1.819701E-05  0.00000E+00
      342  2.290868E+02  2.187762E+02  1.35540E+05       697  1.819701E-05  1.737801E-05  0.00000E+00
      343  2.187762E+02  2.089296E+02  1.31840E+05       698  1.737801E-05  1.659587E-05  0.00000E+00
      344  2.089296E+02  1.995262E+02  1.29020E+05       699  1.659587E-05  1.584893E-05  0.00000E+00
      345  1.995262E+02  1.905461E+02  1.29020E+05       700  1.584893E-05  1.513561E-05  0.00000E+00
      346  1.905461E+02  1.819701E+02  1.29020E+05       701  1.513561E-05  1.445440E-05  0.00000E+00
      347  1.819701E+02  1.737801E+02  1.29020E+05       702  1.445440E-05  1.380384E-05  0.00000E+00
      348  1.737801E+02  1.659587E+02  1.26990E+05       703  1.380384E-05  1.318257E-05  0.00000E+00
      349  1.659587E+02  1.584893E+02  1.14350E+05       704  1.318257E-05  1.258925E-05  0.00000E+00
      350  1.584893E+02  1.513561E+02  1.14350E+05       705  1.258925E-05  1.202264E-05  0.00000E+00
      351  1.513561E+02  1.445440E+02  1.14350E+05       706  1.202264E-05  1.148154E-05  0.00000E+00
      352  1.445440E+02  1.380384E+02  1.14350E+05       707  1.148154E-05  1.096478E-05  0.00000E+00
      353  1.380384E+02  1.318257E+02  1.14350E+05       708  1.096478E-05  1.047129E-05  0.00000E+00
      354  1.318257E+02  1.258925E+02  1.05230E+05       709  1.047129E-05  1.000000E-05  0.00000E+00
      355  1.258925E+02  1.202264E+02  1.01500E+05
0  Spectrum type is CCFE-709
   flux spectrum_identifier is Position #3 Normalization Factor 3.042e+11 TOT=1.11679E+10


fispact run time=                  0.60938     secs


 ------------------------------------------------------------------
 Files that have been opened during this run.
 ------------------------------------------------------------------
 The numbers after the unit names are the internal unit numbers.

 output(38)      printlib3.out
 runlog(48)      printlib3.log
 ------------------------------------------------------------------



     Run timestamp:15:26:57 19 March 2021          

     Current time: 15:26:58 19 March 2021          
