



     ==============================================================================
     |                                                                            |
     |                                                                            |
     |             _____ ___ ____  ____   _    ____ _____    ___ ___              |
     |            |  ___|_ _/ ___||  _ \ / \  / ___|_   _|  |_ _|_ _|             |
     |            | |_   | |\___ \| |_) / _ \| |     | |_____| | | |              |
     |            |  _|  | | ___) |  __/ ___ \ |___  | |_____| | | |              |
     |            |_|   |___|____/|_| /_/   \_\____| |_|    |___|___|             |
     |                                                                            |
     |                            F I S P A C T - I I                             |
     |                            -------------------                             |
     |                                                                            |
     |                  Transmutation-Activation Inventory Code                   |
     |                   United Kingdom Atomic Energy Authority                   |
     |                                                                            |
     |                         Release 5.0 May 2021                               |
     |             Copyright (c) 2009-21, UK Atomic Energy Authority              |
     |                                                                            |
     ==============================================================================



1




     =========================================================================================================
     |                                                                                                       |
     |                      R U N   I D E N T I F I C A T I O N   I N F O R M A T I O N                      |
     |                                                                                                       |
     | INITIAL CROSS SECTION DATA                                                                            |
     | Collapsed library timestamp:                                                                          |
     | EAF source library label:                                                                             |
     | FLUX file label:                                                                                      |
     |                                                                                                       |
     | DECAY DATA                                                                                            |
     | Condensed library timestamp: 17:48:23 17 January 2018                                                 |
     | EAF source library label:    EAF-2010                                                                 |
     |                                                                                                       |
     | THIS RUN                                                                                              |
     | timestamp:                   17:48:23 17 January 2018                                                 |
     | fileroot :                   condense                                                                 |
     | name of FILES file:          files                                                                    |
     | FISPACT title:               * EAF_DEC_990/EAF_351_FLT                                                |
     |                                                                                                       |
     | See the condense.log file                                                                             |
     | and summary details at the end of this file for further information on files used by this run         |
     |                                                                                                       |
     =========================================================================================================


fispact run time=                   1.5700     secs


 ------------------------------------------------------------------
 Files that have been opened during this run.
 ------------------------------------------------------------------
 The numbers after the unit names are the internal unit numbers.

 input( 5)       condense.i
 asscfy( 8)      /nuclear_data/EAF2010data/eaf_n_asscfy_20100
 fissyld( 9)     /nuclear_data/EAF2010data/eaf_n_fis_20100
 arrayx(13)      ARRAYX
 decay(16)       /nuclear_data/EAF2010data/eaf_dec_20100.001
                 /nuclear_data/EAF2010data/eaf_dec_20100.002
                 /nuclear_data/EAF2010data/eaf_dec_20100.003
                 /nuclear_data/EAF2010data/eaf_dec_20100.004
                 /nuclear_data/EAF2010data/eaf_dec_20100.005
                 /nuclear_data/EAF2010data/eaf_dec_20100.006
                 /nuclear_data/EAF2010data/eaf_dec_20100.007
                 /nuclear_data/EAF2010data/eaf_dec_20100.008
                 /nuclear_data/EAF2010data/eaf_dec_20100.009
                 /nuclear_data/EAF2010data/eaf_dec_20100.010
 ind_nuc(18)     /nuclear_data/EAF2010data/eaf_index_20100
 output(38)      condense.out
 runlog(48)      condense.log
 ------------------------------------------------------------------



     Run timestamp:17:48:23 17 January 2018        

     Current time: 17:48:25 17 January 2018        
