



     ==============================================================================
     |                                                                            |
     |                                                                            |
     |             _____ ___ ____  ____   _    ____ _____    ___ ___              |
     |            |  ___|_ _/ ___||  _ \ / \  / ___|_   _|  |_ _|_ _|             |
     |            | |_   | |\___ \| |_) / _ \| |     | |_____| | | |              |
     |            |  _|  | | ___) |  __/ ___ \ |___  | |_____| | | |              |
     |            |_|   |___|____/|_| /_/   \_\____| |_|    |___|___|             |
     |                                                                            |
     |                            F I S P A C T - I I                             |
     |                            -------------------                             |
     |                                                                            |
     |                  Transmutation-Activation Inventory Code                   |
     |                   United Kingdom Atomic Energy Authority                   |
     |                                                                            |
     |                         Release 5.0 May 2021                               |
     |             Copyright (c) 2009-21, UK Atomic Energy Authority              |
     |                                                                            |
     ==============================================================================



1




     =========================================================================================================
     |                                                                                                       |
     |                      R U N   I D E N T I F I C A T I O N   I N F O R M A T I O N                      |
     |                                                                                                       |
     | INITIAL CROSS SECTION DATA                                                                            |
     | Collapsed library timestamp: 15:18:08 19 March 2021                                                   |
     | EAF source library label:                                                                             |
     | FLUX file label:                                                                                      |
     |                                                                                                       |
     | DECAY DATA                                                                                            |
     | Condensed library timestamp: 15:18:08 19 March 2021                                                   |
     | EAF source library label:                                                                             |
     |                                                                                                       |
     | THIS RUN                                                                                              |
     | timestamp:                   15:18:08 19 March 2021                                                   |
     | fileroot :                   spectra                                                                  |
     | name of FILES file:          files.spectra                                                            |
     | FISPACT title:               * SPECTRAL MODIFICATION  211 Vit-J to TRIPOLI                            |
     |                                                                                                       |
     | See the spectra.log file                                                                              |
     | and summary details at the end of this file for further information on files used by this run         |
     |                                                                                                       |
     =========================================================================================================


  CONVERSION OF ARBITRARY FLUX INTO STANDARD GROUP STRUCTURE

  Number of input arbitrary energy groups  =  211
  Number of output standard energy groups  =  351

 Fraction 1.0000 of input group   1 included in output group   1
 Fraction 1.0000 of input group   2 included in output group   2
 Fraction 1.0000 of input group   3 included in output group   3
 Fraction 1.0000 of input group   4 included in output group   4
 Fraction 1.0000 of input group   5 included in output group   5
 Fraction 1.0000 of input group   6 included in output group   6
 Fraction 1.0000 of input group   7 included in output group   7
 Fraction 1.0000 of input group   8 included in output group   8
 Fraction 1.0000 of input group   9 included in output group   9
 Fraction 1.0000 of input group  10 included in output group  10
 Fraction 1.0000 of input group  11 included in output group  11
 Fraction 1.0000 of input group  12 included in output group  12
 Fraction 1.0000 of input group  13 included in output group  13
 Fraction 1.0000 of input group  14 included in output group  14
 Fraction 1.0000 of input group  15 included in output group  15
 Fraction 1.0000 of input group  16 included in output group  16
 Fraction 1.0000 of input group  17 included in output group  17
 Fraction 1.0000 of input group  18 included in output group  18
 Fraction 1.0000 of input group  19 included in output group  19
 Fraction 1.0000 of input group  20 included in output group  20
 Fraction 1.0000 of input group  21 included in output group  21
 Fraction 1.0000 of input group  22 included in output group  22
 Fraction 1.0000 of input group  23 included in output group  23
 Fraction 1.0000 of input group  24 included in output group  24
 Fraction 1.0000 of input group  25 included in output group  25
 Fraction 1.0000 of input group  26 included in output group  26
 Fraction 1.0000 of input group  27 included in output group  27
 Fraction 1.0000 of input group  28 included in output group  28
 Fraction 1.0000 of input group  29 included in output group  29
 Fraction 1.0000 of input group  30 included in output group  30
 Fraction 1.0000 of input group  31 included in output group  31
 Fraction 1.0000 of input group  32 included in output group  32
 Fraction 1.0000 of input group  33 included in output group  33
 Fraction 1.0000 of input group  34 included in output group  34
 Fraction 1.0000 of input group  35 included in output group  35
 Fraction 1.0000 of input group  36 included in output group  36
 Fraction 0.0001 of input group  37 included in output group  36
 Fraction 0.9999 of input group  37 included in output group  37
 Fraction 0.0058 of input group  38 included in output group  37
 Fraction 0.9815 of input group  38 included in output group  38
 Fraction 0.0128 of input group  38 included in output group  39
 Fraction 0.9932 of input group  39 included in output group  39
 Fraction 0.0068 of input group  39 included in output group  40
 Fraction 1.0000 of input group  40 included in output group  40
 Fraction 0.0040 of input group  41 included in output group  40
 Fraction 0.9936 of input group  41 included in output group  41
 Fraction 0.0024 of input group  41 included in output group  42
 Fraction 0.9997 of input group  42 included in output group  42
 Fraction 0.0003 of input group  42 included in output group  43
 Fraction 1.0000 of input group  43 included in output group  43
 Fraction 0.0020 of input group  44 included in output group  43
 Fraction 0.9980 of input group  44 included in output group  44
 Fraction 0.0009 of input group  45 included in output group  44
 Fraction 0.9950 of input group  45 included in output group  45
 Fraction 0.0041 of input group  45 included in output group  46
 Fraction 1.0000 of input group  46 included in output group  46
 Fraction 0.0009 of input group  47 included in output group  46
 Fraction 0.9991 of input group  47 included in output group  47
 Fraction 1.0000 of input group  48 included in output group  47
 Fraction 0.0066 of input group  49 included in output group  47
 Fraction 0.9905 of input group  49 included in output group  48
 Fraction 0.0029 of input group  49 included in output group  49
 Fraction 1.0000 of input group  50 included in output group  49
 Fraction 0.0031 of input group  51 included in output group  49
 Fraction 0.9969 of input group  51 included in output group  50
 Fraction 0.0051 of input group  52 included in output group  50
 Fraction 0.9949 of input group  52 included in output group  51
 Fraction 1.0000 of input group  53 included in output group  52
 Fraction 0.0006 of input group  54 included in output group  52
 Fraction 0.9994 of input group  54 included in output group  53
 Fraction 0.0008 of input group  55 included in output group  53
 Fraction 0.9992 of input group  55 included in output group  54
 Fraction 0.0002 of input group  56 included in output group  54
 Fraction 0.9998 of input group  56 included in output group  55
 Fraction 0.0008 of input group  57 included in output group  55
 Fraction 0.9992 of input group  57 included in output group  56
 Fraction 0.0000 of input group  58 included in output group  56
 Fraction 1.0000 of input group  58 included in output group  57
 Fraction 0.0005 of input group  59 included in output group  57
 Fraction 0.9992 of input group  59 included in output group  58
 Fraction 0.0003 of input group  59 included in output group  59
 Fraction 1.0000 of input group  60 included in output group  59
 Fraction 0.0018 of input group  61 included in output group  59
 Fraction 0.9982 of input group  61 included in output group  60
 Fraction 0.0019 of input group  62 included in output group  60
 Fraction 0.9981 of input group  62 included in output group  61
 Fraction 0.0009 of input group  63 included in output group  61
 Fraction 0.9991 of input group  63 included in output group  62
 Fraction 0.0010 of input group  64 included in output group  62
 Fraction 0.9990 of input group  64 included in output group  63
 Fraction 0.0017 of input group  65 included in output group  63
 Fraction 0.9983 of input group  65 included in output group  64
 Fraction 0.0004 of input group  66 included in output group  64
 Fraction 0.9996 of input group  66 included in output group  65
 Fraction 0.0018 of input group  67 included in output group  65
 Fraction 0.9976 of input group  67 included in output group  66
 Fraction 0.0006 of input group  67 included in output group  67
 Fraction 0.9986 of input group  68 included in output group  67
 Fraction 0.0014 of input group  68 included in output group  68
 Fraction 1.0000 of input group  69 included in output group  68
 Fraction 0.0006 of input group  70 included in output group  68
 Fraction 0.9986 of input group  70 included in output group  69
 Fraction 0.0007 of input group  70 included in output group  70
 Fraction 0.9994 of input group  71 included in output group  70
 Fraction 0.0006 of input group  71 included in output group  71
 Fraction 0.9991 of input group  72 included in output group  71
 Fraction 0.0009 of input group  72 included in output group  72
 Fraction 1.0000 of input group  73 included in output group  72
 Fraction 0.0023 of input group  74 included in output group  72
 Fraction 0.9973 of input group  74 included in output group  73
 Fraction 0.0004 of input group  74 included in output group  74
 Fraction 1.0000 of input group  75 included in output group  74
 Fraction 0.0003 of input group  76 included in output group  74
 Fraction 0.9997 of input group  76 included in output group  75
 Fraction 0.0023 of input group  77 included in output group  75
 Fraction 0.9977 of input group  77 included in output group  76
 Fraction 0.0031 of input group  78 included in output group  76
 Fraction 0.9967 of input group  78 included in output group  77
 Fraction 0.0002 of input group  78 included in output group  78
 Fraction 1.0000 of input group  79 included in output group  78
 Fraction 0.0065 of input group  80 included in output group  78
 Fraction 0.9935 of input group  80 included in output group  79
 Fraction 0.0167 of input group  81 included in output group  79
 Fraction 0.9679 of input group  81 included in output group  80
 Fraction 0.0153 of input group  81 included in output group  81
 Fraction 0.9982 of input group  82 included in output group  81
 Fraction 0.0018 of input group  82 included in output group  82
 Fraction 1.0000 of input group  83 included in output group  82
 Fraction 0.0027 of input group  84 included in output group  82
 Fraction 0.9973 of input group  84 included in output group  83
 Fraction 0.0045 of input group  85 included in output group  83
 Fraction 0.9952 of input group  85 included in output group  84
 Fraction 0.0003 of input group  85 included in output group  85
 Fraction 0.9948 of input group  86 included in output group  85
 Fraction 0.0052 of input group  86 included in output group  86
 Fraction 0.9982 of input group  87 included in output group  86
 Fraction 0.0018 of input group  87 included in output group  87
 Fraction 0.9970 of input group  88 included in output group  87
 Fraction 0.0030 of input group  88 included in output group  88
 Fraction 0.9999 of input group  89 included in output group  88
 Fraction 0.0001 of input group  89 included in output group  89
 Fraction 1.0000 of input group  90 included in output group  89
 Fraction 0.0047 of input group  91 included in output group  89
 Fraction 0.9911 of input group  91 included in output group  90
 Fraction 0.0041 of input group  91 included in output group  91
 Fraction 0.9963 of input group  92 included in output group  91
 Fraction 0.0037 of input group  92 included in output group  92
 Fraction 1.0000 of input group  93 included in output group  92
 Fraction 0.0052 of input group  94 included in output group  92
 Fraction 0.9948 of input group  94 included in output group  93
 Fraction 0.0054 of input group  95 included in output group  93
 Fraction 0.9874 of input group  95 included in output group  94
 Fraction 0.0072 of input group  95 included in output group  95
 Fraction 0.9973 of input group  96 included in output group  95
 Fraction 0.0027 of input group  96 included in output group  96
 Fraction 1.0000 of input group  97 included in output group  96
 Fraction 0.0003 of input group  98 included in output group  96
 Fraction 0.9956 of input group  98 included in output group  97
 Fraction 0.0041 of input group  98 included in output group  98
 Fraction 1.0000 of input group  99 included in output group  98
 Fraction 0.0013 of input group 100 included in output group  98
 Fraction 0.9983 of input group 100 included in output group  99
 Fraction 0.0004 of input group 100 included in output group 100
 Fraction 1.0000 of input group 101 included in output group 100
 Fraction 0.0008 of input group 102 included in output group 100
 Fraction 0.9979 of input group 102 included in output group 101
 Fraction 0.0012 of input group 102 included in output group 102
 Fraction 1.0000 of input group 103 included in output group 102
 Fraction 0.0004 of input group 104 included in output group 102
 Fraction 0.9996 of input group 104 included in output group 103
 Fraction 0.0010 of input group 105 included in output group 103
 Fraction 0.9990 of input group 105 included in output group 104
 Fraction 0.0003 of input group 106 included in output group 104
 Fraction 0.9983 of input group 106 included in output group 105
 Fraction 0.0013 of input group 106 included in output group 106
 Fraction 0.9993 of input group 107 included in output group 106
 Fraction 0.0007 of input group 107 included in output group 107
 Fraction 1.0000 of input group 108 included in output group 107
 Fraction 0.0000 of input group 109 included in output group 107
 Fraction 1.0000 of input group 109 included in output group 108
 Fraction 0.0015 of input group 110 included in output group 108
 Fraction 0.9985 of input group 110 included in output group 109
 Fraction 0.0012 of input group 111 included in output group 109
 Fraction 0.9987 of input group 111 included in output group 110
 Fraction 0.0001 of input group 111 included in output group 111
 Fraction 1.0000 of input group 112 included in output group 111
 Fraction 0.9998 of input group 113 included in output group 111
 Fraction 0.0002 of input group 113 included in output group 112
 Fraction 1.0000 of input group 114 included in output group 112
 Fraction 0.0011 of input group 115 included in output group 112
 Fraction 0.9989 of input group 115 included in output group 113
 Fraction 0.0022 of input group 116 included in output group 113
 Fraction 0.9978 of input group 116 included in output group 114
 Fraction 0.0009 of input group 117 included in output group 114
 Fraction 0.9991 of input group 117 included in output group 115
 Fraction 0.0010 of input group 118 included in output group 115
 Fraction 0.9982 of input group 118 included in output group 116
 Fraction 0.0009 of input group 118 included in output group 117
 Fraction 0.9974 of input group 119 included in output group 117
 Fraction 0.0026 of input group 119 included in output group 118
 Fraction 1.0000 of input group 120 included in output group 118
 Fraction 0.0041 of input group 121 included in output group 118
 Fraction 0.9959 of input group 121 included in output group 119
 Fraction 0.0024 of input group 122 included in output group 119
 Fraction 0.9900 of input group 122 included in output group 120
 Fraction 0.0075 of input group 122 included in output group 121
 Fraction 1.0000 of input group 123 included in output group 121
 Fraction 0.0014 of input group 124 included in output group 121
 Fraction 0.9986 of input group 124 included in output group 122
 Fraction 0.0028 of input group 125 included in output group 122
 Fraction 0.9952 of input group 125 included in output group 123
 Fraction 0.0020 of input group 125 included in output group 124
 Fraction 1.0000 of input group 126 included in output group 124
 Fraction 0.0007 of input group 127 included in output group 124
 Fraction 0.9990 of input group 127 included in output group 125
 Fraction 0.0003 of input group 127 included in output group 126
 Fraction 1.0000 of input group 128 included in output group 126
 Fraction 0.0019 of input group 129 included in output group 126
 Fraction 0.9981 of input group 129 included in output group 127
 Fraction 0.0049 of input group 130 included in output group 127
 Fraction 0.9903 of input group 130 included in output group 128
 Fraction 0.0048 of input group 130 included in output group 129
 Fraction 1.0000 of input group 131 included in output group 129
 Fraction 0.0028 of input group 132 included in output group 129
 Fraction 0.9972 of input group 132 included in output group 130
 Fraction 0.0033 of input group 133 included in output group 130
 Fraction 0.9967 of input group 133 included in output group 131
 Fraction 0.0056 of input group 134 included in output group 131
 Fraction 0.9885 of input group 134 included in output group 132
 Fraction 0.0059 of input group 134 included in output group 133
 Fraction 1.0000 of input group 135 included in output group 133
 Fraction 0.0059 of input group 136 included in output group 133
 Fraction 0.9920 of input group 136 included in output group 134
 Fraction 0.0021 of input group 136 included in output group 135
 Fraction 0.9950 of input group 137 included in output group 135
 Fraction 0.0050 of input group 137 included in output group 136
 Fraction 0.9956 of input group 138 included in output group 136
 Fraction 0.0044 of input group 138 included in output group 137
 Fraction 0.9976 of input group 139 included in output group 137
 Fraction 0.0024 of input group 139 included in output group 138
 Fraction 0.9982 of input group 140 included in output group 138
 Fraction 0.0018 of input group 140 included in output group 139
 Fraction 0.9997 of input group 141 included in output group 139
 Fraction 0.0003 of input group 141 included in output group 140
 Fraction 0.9997 of input group 142 included in output group 140
 Fraction 0.0003 of input group 142 included in output group 141
 Fraction 1.0000 of input group 143 included in output group 141
 Fraction 0.0011 of input group 144 included in output group 141
 Fraction 0.0654 of input group 144 included in output group 142
 Fraction 0.9330 of input group 144 included in output group 143
 Fraction 0.0004 of input group 144 included in output group 144
 Fraction 0.5913 of input group 145 included in output group 144
 Fraction 0.4087 of input group 145 included in output group 145
 Fraction 0.0051 of input group 146 included in output group 145
 Fraction 0.9948 of input group 146 included in output group 146
 Fraction 0.0001 of input group 146 included in output group 147
 Fraction 0.5004 of input group 147 included in output group 147
 Fraction 0.4996 of input group 147 included in output group 148
 Fraction 0.0005 of input group 148 included in output group 148
 Fraction 0.3318 of input group 148 included in output group 149
 Fraction 0.6665 of input group 148 included in output group 150
 Fraction 0.0012 of input group 148 included in output group 151
 Fraction 0.4847 of input group 149 included in output group 151
 Fraction 0.5151 of input group 149 included in output group 152
 Fraction 0.0001 of input group 149 included in output group 153
 Fraction 0.4841 of input group 150 included in output group 153
 Fraction 0.5154 of input group 150 included in output group 154
 Fraction 0.0005 of input group 150 included in output group 155
 Fraction 0.5712 of input group 151 included in output group 155
 Fraction 0.4282 of input group 151 included in output group 156
 Fraction 0.0005 of input group 151 included in output group 157
 Fraction 0.9991 of input group 152 included in output group 157
 Fraction 0.0009 of input group 152 included in output group 158
 Fraction 0.0593 of input group 153 included in output group 158
 Fraction 0.2586 of input group 153 included in output group 159
 Fraction 0.2632 of input group 153 included in output group 160
 Fraction 0.2586 of input group 153 included in output group 161
 Fraction 0.1603 of input group 153 included in output group 162
 Fraction 0.0007 of input group 154 included in output group 162
 Fraction 0.2087 of input group 154 included in output group 163
 Fraction 0.5323 of input group 154 included in output group 164
 Fraction 0.2583 of input group 154 included in output group 165
 Fraction 0.0001 of input group 155 included in output group 165
 Fraction 0.4098 of input group 155 included in output group 166
 Fraction 0.5883 of input group 155 included in output group 167
 Fraction 0.0017 of input group 155 included in output group 168
 Fraction 0.1606 of input group 156 included in output group 168
 Fraction 0.5729 of input group 156 included in output group 169
 Fraction 0.2645 of input group 156 included in output group 170
 Fraction 0.0020 of input group 156 included in output group 171
 Fraction 0.6139 of input group 157 included in output group 171
 Fraction 0.3787 of input group 157 included in output group 172
 Fraction 0.0074 of input group 157 included in output group 173
 Fraction 0.9976 of input group 158 included in output group 173
 Fraction 0.0024 of input group 158 included in output group 174
 Fraction 0.3081 of input group 159 included in output group 174
 Fraction 0.3816 of input group 159 included in output group 175
 Fraction 0.3103 of input group 159 included in output group 176
 Fraction 0.0018 of input group 160 included in output group 176
 Fraction 0.2754 of input group 160 included in output group 177
 Fraction 0.2266 of input group 160 included in output group 178
 Fraction 0.2332 of input group 160 included in output group 179
 Fraction 0.2608 of input group 160 included in output group 180
 Fraction 0.0023 of input group 160 included in output group 181
 Fraction 0.3291 of input group 161 included in output group 181
 Fraction 0.2699 of input group 161 included in output group 182
 Fraction 0.1898 of input group 161 included in output group 183
 Fraction 0.2113 of input group 161 included in output group 184
 Fraction 0.0012 of input group 162 included in output group 184
 Fraction 0.3328 of input group 162 included in output group 185
 Fraction 0.3315 of input group 162 included in output group 186
 Fraction 0.3341 of input group 162 included in output group 187
 Fraction 0.0004 of input group 162 included in output group 188
 Fraction 0.4980 of input group 163 included in output group 188
 Fraction 0.5020 of input group 163 included in output group 189
 Fraction 0.3319 of input group 164 included in output group 189
 Fraction 0.6679 of input group 164 included in output group 190
 Fraction 0.0001 of input group 164 included in output group 191
 Fraction 0.4000 of input group 165 included in output group 191
 Fraction 0.3999 of input group 165 included in output group 192
 Fraction 0.1999 of input group 165 included in output group 193
 Fraction 0.0001 of input group 165 included in output group 194
 Fraction 0.5002 of input group 166 included in output group 194
 Fraction 0.4997 of input group 166 included in output group 195
 Fraction 0.0001 of input group 166 included in output group 196
 Fraction 0.4004 of input group 167 included in output group 196
 Fraction 0.2995 of input group 167 included in output group 197
 Fraction 0.3001 of input group 167 included in output group 198
 Fraction 0.0007 of input group 168 included in output group 198
 Fraction 0.5247 of input group 168 included in output group 199
 Fraction 0.4746 of input group 168 included in output group 200
 Fraction 0.0012 of input group 169 included in output group 200
 Fraction 0.4384 of input group 169 included in output group 201
 Fraction 0.5593 of input group 169 included in output group 202
 Fraction 0.0011 of input group 169 included in output group 203
 Fraction 0.5914 of input group 170 included in output group 203
 Fraction 0.4086 of input group 170 included in output group 204
 Fraction 0.0013 of input group 171 included in output group 204
 Fraction 0.7419 of input group 171 included in output group 205
 Fraction 0.2552 of input group 171 included in output group 206
 Fraction 0.0017 of input group 171 included in output group 207
 Fraction 0.6328 of input group 172 included in output group 207
 Fraction 0.3641 of input group 172 included in output group 208
 Fraction 0.0031 of input group 172 included in output group 209
 Fraction 1.0000 of input group 173 included in output group 209
 Fraction 0.0007 of input group 174 included in output group 209
 Fraction 0.4696 of input group 174 included in output group 210
 Fraction 0.5283 of input group 174 included in output group 211
 Fraction 0.0015 of input group 174 included in output group 212
 Fraction 0.6223 of input group 175 included in output group 212
 Fraction 0.3761 of input group 175 included in output group 213
 Fraction 0.0016 of input group 175 included in output group 214
 Fraction 0.4991 of input group 176 included in output group 214
 Fraction 0.4999 of input group 176 included in output group 215
 Fraction 0.0010 of input group 176 included in output group 216
 Fraction 0.2009 of input group 177 included in output group 216
 Fraction 0.3988 of input group 177 included in output group 217
 Fraction 0.4003 of input group 177 included in output group 218
 Fraction 0.0003 of input group 178 included in output group 218
 Fraction 0.3985 of input group 178 included in output group 219
 Fraction 0.4028 of input group 178 included in output group 220
 Fraction 0.1984 of input group 178 included in output group 221
 Fraction 0.0001 of input group 179 included in output group 221
 Fraction 0.4998 of input group 179 included in output group 222
 Fraction 0.5001 of input group 179 included in output group 223
 Fraction 0.0001 of input group 180 included in output group 223
 Fraction 0.2231 of input group 180 included in output group 224
 Fraction 0.1768 of input group 180 included in output group 225
 Fraction 0.2832 of input group 180 included in output group 226
 Fraction 0.3165 of input group 180 included in output group 227
 Fraction 0.0004 of input group 180 included in output group 228
 Fraction 0.4996 of input group 181 included in output group 228
 Fraction 0.5004 of input group 181 included in output group 229
 Fraction 0.0000 of input group 181 included in output group 230
 Fraction 0.5256 of input group 182 included in output group 230
 Fraction 0.4741 of input group 182 included in output group 231
 Fraction 0.0003 of input group 182 included in output group 232
 Fraction 0.6003 of input group 183 included in output group 232
 Fraction 0.3992 of input group 183 included in output group 233
 Fraction 0.0005 of input group 183 included in output group 234
 Fraction 0.5001 of input group 184 included in output group 234
 Fraction 0.4990 of input group 184 included in output group 235
 Fraction 0.0009 of input group 184 included in output group 236
 Fraction 0.1999 of input group 185 included in output group 236
 Fraction 0.5498 of input group 185 included in output group 237
 Fraction 0.2503 of input group 185 included in output group 238
 Fraction 0.0004 of input group 186 included in output group 238
 Fraction 0.2090 of input group 186 included in output group 239
 Fraction 0.5919 of input group 186 included in output group 240
 Fraction 0.1979 of input group 186 included in output group 241
 Fraction 0.0008 of input group 186 included in output group 242
 Fraction 0.5913 of input group 187 included in output group 242
 Fraction 0.4087 of input group 187 included in output group 243
 Fraction 0.0000 of input group 188 included in output group 243
 Fraction 0.4000 of input group 188 included in output group 244
 Fraction 0.2886 of input group 188 included in output group 245
 Fraction 0.3114 of input group 188 included in output group 246
 Fraction 0.0002 of input group 189 included in output group 246
 Fraction 0.4333 of input group 189 included in output group 247
 Fraction 0.1667 of input group 189 included in output group 248
 Fraction 0.2933 of input group 189 included in output group 249
 Fraction 0.1065 of input group 189 included in output group 250
 Fraction 0.0001 of input group 190 included in output group 250
 Fraction 0.4002 of input group 190 included in output group 251
 Fraction 0.4143 of input group 190 included in output group 252
 Fraction 0.1853 of input group 190 included in output group 253
 Fraction 0.0001 of input group 191 included in output group 253
 Fraction 0.1997 of input group 191 included in output group 254
 Fraction 0.5361 of input group 191 included in output group 255
 Fraction 0.2637 of input group 191 included in output group 256
 Fraction 0.0004 of input group 191 included in output group 257
 Fraction 0.3799 of input group 192 included in output group 257
 Fraction 0.4203 of input group 192 included in output group 258
 Fraction 0.1755 of input group 192 included in output group 259
 Fraction 0.0243 of input group 192 included in output group 260
 Fraction 0.1550 of input group 193 included in output group 260
 Fraction 0.4451 of input group 193 included in output group 261
 Fraction 0.3999 of input group 193 included in output group 262
 Fraction 0.0006 of input group 194 included in output group 262
 Fraction 0.3999 of input group 194 included in output group 263
 Fraction 0.2879 of input group 194 included in output group 264
 Fraction 0.3117 of input group 194 included in output group 265
 Fraction 0.0008 of input group 195 included in output group 265
 Fraction 0.2004 of input group 195 included in output group 266
 Fraction 0.3781 of input group 195 included in output group 267
 Fraction 0.4206 of input group 195 included in output group 268
 Fraction 0.0001 of input group 195 included in output group 269
 Fraction 0.3408 of input group 196 included in output group 269
 Fraction 0.4608 of input group 196 included in output group 270
 Fraction 0.1973 of input group 196 included in output group 271
 Fraction 0.0011 of input group 196 included in output group 272
 Fraction 0.2620 of input group 197 included in output group 272
 Fraction 0.3379 of input group 197 included in output group 273
 Fraction 0.1224 of input group 197 included in output group 274
 Fraction 0.2777 of input group 197 included in output group 275
 Fraction 0.0001 of input group 198 included in output group 275
 Fraction 0.1831 of input group 198 included in output group 276
 Fraction 0.2168 of input group 198 included in output group 277
 Fraction 0.2439 of input group 198 included in output group 278
 Fraction 0.3561 of input group 198 included in output group 279
 Fraction 0.0000 of input group 198 included in output group 280
 Fraction 0.2001 of input group 199 included in output group 280
 Fraction 0.3648 of input group 199 included in output group 281
 Fraction 0.4351 of input group 199 included in output group 282
 Fraction 0.0004 of input group 200 included in output group 282
 Fraction 0.3074 of input group 200 included in output group 283
 Fraction 0.1751 of input group 200 included in output group 284
 Fraction 0.3174 of input group 200 included in output group 285
 Fraction 0.1996 of input group 200 included in output group 286
 Fraction 0.0001 of input group 200 included in output group 287
 Fraction 0.5997 of input group 201 included in output group 287
 Fraction 0.4003 of input group 201 included in output group 288
 Fraction 0.0000 of input group 202 included in output group 288
 Fraction 0.3999 of input group 202 included in output group 289
 Fraction 0.6001 of input group 202 included in output group 290
 Fraction 0.0174 of input group 203 included in output group 290
 Fraction 0.0203 of input group 203 included in output group 291
 Fraction 0.4102 of input group 203 included in output group 292
 Fraction 0.2121 of input group 203 included in output group 293
 Fraction 0.1823 of input group 203 included in output group 294
 Fraction 0.1577 of input group 203 included in output group 295
 Fraction 0.0008 of input group 204 included in output group 295
 Fraction 0.0325 of input group 204 included in output group 296
 Fraction 0.1892 of input group 204 included in output group 297
 Fraction 0.1986 of input group 204 included in output group 298
 Fraction 0.1964 of input group 204 included in output group 299
 Fraction 0.2065 of input group 204 included in output group 300
 Fraction 0.1760 of input group 204 included in output group 301
 Fraction 0.0001 of input group 204 included in output group 302
 Fraction 0.0138 of input group 205 included in output group 302
 Fraction 0.1993 of input group 205 included in output group 303
 Fraction 0.1944 of input group 205 included in output group 304
 Fraction 0.2205 of input group 205 included in output group 305
 Fraction 0.2163 of input group 205 included in output group 306
 Fraction 0.1556 of input group 205 included in output group 307
 Fraction 0.0012 of input group 206 included in output group 307
 Fraction 0.0537 of input group 206 included in output group 308
 Fraction 0.0727 of input group 206 included in output group 309
 Fraction 0.0369 of input group 206 included in output group 310
 Fraction 0.0372 of input group 206 included in output group 311
 Fraction 0.1330 of input group 206 included in output group 312
 Fraction 0.0978 of input group 206 included in output group 313
 Fraction 0.0962 of input group 206 included in output group 314
 Fraction 0.2339 of input group 206 included in output group 315
 Fraction 0.2373 of input group 206 included in output group 316
 Fraction 0.0001 of input group 207 included in output group 316
 Fraction 0.0756 of input group 207 included in output group 317
 Fraction 0.3396 of input group 207 included in output group 318
 Fraction 0.4553 of input group 207 included in output group 319
 Fraction 0.1292 of input group 207 included in output group 320
 Fraction 0.0002 of input group 207 included in output group 321
 Fraction 0.3524 of input group 208 included in output group 321
 Fraction 0.5847 of input group 208 included in output group 322
 Fraction 0.0627 of input group 208 included in output group 323
 Fraction 0.0002 of input group 208 included in output group 324
 Fraction 0.3668 of input group 209 included in output group 324
 Fraction 0.4536 of input group 209 included in output group 325
 Fraction 0.1795 of input group 209 included in output group 326
 Fraction 0.0001 of input group 209 included in output group 327
 Fraction 0.0402 of input group 210 included in output group 327
 Fraction 0.0740 of input group 210 included in output group 328
 Fraction 0.0793 of input group 210 included in output group 329
 Fraction 0.0755 of input group 210 included in output group 330
 Fraction 0.0917 of input group 210 included in output group 331
 Fraction 0.0843 of input group 210 included in output group 332
 Fraction 0.1069 of input group 210 included in output group 333
 Fraction 0.1172 of input group 210 included in output group 334
 Fraction 0.1248 of input group 210 included in output group 335
 Fraction 0.1076 of input group 210 included in output group 336
 Fraction 0.0984 of input group 210 included in output group 337
 Fraction 0.0000 of input group 211 included in output group 337
 Fraction 0.0056 of input group 211 included in output group 338
 Fraction 0.0228 of input group 211 included in output group 339
 Fraction 0.0289 of input group 211 included in output group 340
 Fraction 0.0343 of input group 211 included in output group 341
 Fraction 0.0308 of input group 211 included in output group 342
 Fraction 0.0013 of input group 211 included in output group 343
 Fraction 0.0070 of input group 211 included in output group 344
 Fraction 0.0440 of input group 211 included in output group 345
 Fraction 0.0312 of input group 211 included in output group 346
 Fraction 0.0440 of input group 211 included in output group 347
 Fraction 0.0649 of input group 211 included in output group 348
 Fraction 0.0658 of input group 211 included in output group 349
 Fraction 0.3589 of input group 211 included in output group 350
 Fraction 0.2603 of input group 211 included in output group 351
1   INPUT GROUP STRUCTURE AND DATA

  GROUP      UPPER       LOWER         LETHARGY         DATA        DATA/LETHARGY

     1     5.5000E+07  5.4000E+07     1.8349E-02     1.4884E+08     8.1116E+09
     2     5.4000E+07  5.3000E+07     1.8692E-02     1.2333E+10     6.5980E+11
     3     5.3000E+07  5.2000E+07     1.9048E-02     1.2567E+10     6.5975E+11
     4     5.2000E+07  5.1000E+07     1.9418E-02     4.9163E+10     2.5318E+12
     5     5.1000E+07  5.0000E+07     1.9803E-02     5.0137E+10     2.5318E+12
     6     5.0000E+07  4.9000E+07     2.0203E-02     8.8400E+10     4.3757E+12
     7     4.9000E+07  4.8000E+07     2.0619E-02     1.3100E+11     6.3533E+12
     8     4.8000E+07  4.7000E+07     2.1053E-02     1.6100E+11     7.6472E+12
     9     4.7000E+07  4.6000E+07     2.1506E-02     2.0600E+11     9.5786E+12
    10     4.6000E+07  4.5000E+07     2.1979E-02     2.4100E+11     1.0965E+13
    11     4.5000E+07  4.4000E+07     2.2473E-02     2.9400E+11     1.3082E+13
    12     4.4000E+07  4.3000E+07     2.2990E-02     3.1800E+11     1.3832E+13
    13     4.3000E+07  4.2000E+07     2.3530E-02     3.7800E+11     1.6064E+13
    14     4.2000E+07  4.1000E+07     2.4098E-02     4.1000E+11     1.7014E+13
    15     4.1000E+07  4.0000E+07     2.4693E-02     4.7400E+11     1.9196E+13
    16     4.0000E+07  3.9000E+07     2.5318E-02     5.1600E+11     2.0381E+13
    17     3.9000E+07  3.8000E+07     2.5975E-02     5.7700E+11     2.2213E+13
    18     3.8000E+07  3.7000E+07     2.6668E-02     6.1200E+11     2.2949E+13
    19     3.7000E+07  3.6000E+07     2.7399E-02     6.8200E+11     2.4891E+13
    20     3.6000E+07  3.5000E+07     2.8171E-02     7.5100E+11     2.6659E+13
    21     3.5000E+07  3.4000E+07     2.8988E-02     8.5200E+11     2.9392E+13
    22     3.4000E+07  3.3000E+07     2.9853E-02     9.7700E+11     3.2727E+13
    23     3.3000E+07  3.2000E+07     3.0772E-02     1.1100E+12     3.6072E+13
    24     3.2000E+07  3.1000E+07     3.1749E-02     1.2500E+12     3.9372E+13
    25     3.1000E+07  3.0000E+07     3.2790E-02     1.4400E+12     4.3916E+13
    26     3.0000E+07  2.9000E+07     3.3902E-02     1.6700E+12     4.9260E+13
    27     2.9000E+07  2.8000E+07     3.5091E-02     1.9000E+12     5.4144E+13
    28     2.8000E+07  2.7000E+07     3.6368E-02     2.2300E+12     6.1318E+13
    29     2.7000E+07  2.6000E+07     3.7740E-02     2.5800E+12     6.8362E+13
    30     2.6000E+07  2.5000E+07     3.9221E-02     2.9100E+12     7.4195E+13
    31     2.5000E+07  2.4000E+07     4.0822E-02     3.3000E+12     8.0839E+13
    32     2.4000E+07  2.3000E+07     4.2560E-02     3.7000E+12     8.6937E+13
    33     2.3000E+07  2.2000E+07     4.4452E-02     4.1900E+12     9.4259E+13
    34     2.2000E+07  2.1000E+07     4.6520E-02     4.7200E+12     1.0146E+14
    35     2.1000E+07  2.0000E+07     4.8790E-02     5.3100E+12     1.0883E+14
    36     2.0000E+07  1.9640E+07     1.8149E-02     2.1200E+12     1.1681E+14
    37     1.9640E+07  1.7332E+07     1.2500E-01     1.5700E+13     1.2560E+14
    38     1.7332E+07  1.6905E+07     2.4998E-02     3.4000E+12     1.3601E+14
    39     1.6905E+07  1.6487E+07     2.5001E-02     3.3000E+12     1.3199E+14
    40     1.6487E+07  1.5683E+07     5.0001E-02     6.9100E+12     1.3820E+14
    41     1.5683E+07  1.4918E+07     5.0002E-02     6.9700E+12     1.3940E+14
    42     1.4918E+07  1.4550E+07     2.4998E-02     3.5400E+12     1.4161E+14
    43     1.4550E+07  1.4191E+07     2.4997E-02     3.5900E+12     1.4362E+14
    44     1.4191E+07  1.3840E+07     2.5002E-02     3.6200E+12     1.4479E+14
    45     1.3840E+07  1.3499E+07     2.4999E-02     3.6600E+12     1.4641E+14
    46     1.3499E+07  1.2840E+07     4.9997E-02     7.2900E+12     1.4581E+14
    47     1.2840E+07  1.2523E+07     2.5006E-02     3.7500E+12     1.4997E+14
    48     1.2523E+07  1.2214E+07     2.5000E-02     3.7300E+12     1.4920E+14
    49     1.2214E+07  1.1618E+07     5.0001E-02     7.4500E+12     1.4900E+14
    50     1.1618E+07  1.1052E+07     4.9997E-02     7.6000E+12     1.5201E+14
    51     1.1052E+07  1.0513E+07     5.0000E-02     7.6300E+12     1.5260E+14
    52     1.0513E+07  1.0000E+07     4.9999E-02     7.5900E+12     1.5180E+14
    53     1.0000E+07  9.5123E+06     5.0000E-02     7.6100E+12     1.5220E+14
    54     9.5123E+06  9.0484E+06     5.0000E-02     7.4900E+12     1.4980E+14
    55     9.0484E+06  8.6071E+06     5.0000E-02     7.2300E+12     1.4460E+14
    56     8.6071E+06  8.1873E+06     5.0000E-02     6.7900E+12     1.3580E+14
    57     8.1873E+06  7.7880E+06     5.0000E-02     6.4400E+12     1.2880E+14
    58     7.7880E+06  7.4082E+06     5.0001E-02     6.2300E+12     1.2460E+14
    59     7.4082E+06  7.0469E+06     5.0000E-02     6.0500E+12     1.2100E+14
    60     7.0469E+06  6.7032E+06     5.0000E-02     5.9400E+12     1.1880E+14
    61     6.7032E+06  6.5924E+06     1.6666E-02     2.0000E+12     1.2000E+14
    62     6.5924E+06  6.3763E+06     3.3334E-02     3.9300E+12     1.1790E+14
    63     6.3763E+06  6.0653E+06     4.9999E-02     5.9900E+12     1.1980E+14
    64     6.0653E+06  5.7695E+06     5.0000E-02     6.0000E+12     1.2000E+14
    65     5.7695E+06  5.4881E+06     5.0000E-02     6.0900E+12     1.2180E+14
    66     5.4881E+06  5.2205E+06     5.0000E-02     6.1900E+12     1.2380E+14
    67     5.2205E+06  4.9658E+06     5.0001E-02     6.3000E+12     1.2600E+14
    68     4.9658E+06  4.7237E+06     4.9998E-02     6.2500E+12     1.2500E+14
    69     4.7237E+06  4.4933E+06     5.0001E-02     6.4400E+12     1.2880E+14
    70     4.4933E+06  4.0657E+06     9.9999E-02     1.3300E+13     1.3300E+14
    71     4.0657E+06  3.6788E+06     1.0000E-01     1.4200E+13     1.4200E+14
    72     3.6788E+06  3.3287E+06     9.9999E-02     1.5000E+13     1.5000E+14
    73     3.3287E+06  3.1664E+06     4.9999E-02     7.8700E+12     1.5740E+14
    74     3.1664E+06  3.0119E+06     5.0001E-02     8.1100E+12     1.6220E+14
    75     3.0119E+06  2.8650E+06     4.9999E-02     8.6000E+12     1.7200E+14
    76     2.8650E+06  2.7253E+06     5.0000E-02     8.9000E+12     1.7800E+14
    77     2.7253E+06  2.5924E+06     5.0002E-02     9.3500E+12     1.8699E+14
    78     2.5924E+06  2.4660E+06     4.9999E-02     9.2200E+12     1.8440E+14
    79     2.4660E+06  2.3851E+06     3.3332E-02     6.4700E+12     1.9411E+14
    80     2.3851E+06  2.3653E+06     8.3361E-03     1.6800E+12     2.0153E+14
    81     2.3653E+06  2.3457E+06     8.3337E-03     1.6900E+12     2.0279E+14
    82     2.3457E+06  2.3069E+06     1.6666E-02     3.1500E+12     1.8900E+14
    83     2.3069E+06  2.2313E+06     3.3333E-02     6.5400E+12     1.9620E+14
    84     2.2313E+06  2.1225E+06     4.9999E-02     9.7100E+12     1.9420E+14
    85     2.1225E+06  2.0190E+06     4.9998E-02     9.5100E+12     1.9021E+14
    86     2.0190E+06  1.9205E+06     5.0002E-02     9.4300E+12     1.8859E+14
    87     1.9205E+06  1.8268E+06     4.9998E-02     9.5100E+12     1.9021E+14
    88     1.8268E+06  1.7377E+06     5.0002E-02     1.0300E+13     2.0599E+14
    89     1.7377E+06  1.6530E+06     5.0000E-02     1.0500E+13     2.1000E+14
    90     1.6530E+06  1.5724E+06     5.0002E-02     1.0100E+13     2.0199E+14
    91     1.5724E+06  1.4957E+06     4.9996E-02     9.9400E+12     1.9881E+14
    92     1.4957E+06  1.4227E+06     5.0003E-02     9.7300E+12     1.9459E+14
    93     1.4227E+06  1.3534E+06     5.0002E-02     9.9600E+12     1.9919E+14
    94     1.3534E+06  1.2874E+06     4.9997E-02     1.0300E+13     2.0601E+14
    95     1.2874E+06  1.2246E+06     5.0004E-02     9.5500E+12     1.9098E+14
    96     1.2246E+06  1.1648E+06     4.9998E-02     1.1300E+13     2.2601E+14
    97     1.1648E+06  1.1080E+06     5.0000E-02     1.0400E+13     2.0800E+14
    98     1.1080E+06  1.0026E+06     9.9997E-02     1.8600E+13     1.8601E+14
    99     1.0026E+06  9.6167E+05     4.1668E-02     7.4700E+12     1.7927E+14
   100     9.6167E+05  9.0718E+05     5.8333E-02     1.0900E+13     1.8686E+14
   101     9.0718E+05  8.6294E+05     5.0000E-02     8.0700E+12     1.6140E+14
   102     8.6294E+05  8.2085E+05     5.0000E-02     8.1800E+12     1.6360E+14
   103     8.2085E+05  7.8082E+05     5.0000E-02     7.7200E+12     1.5440E+14
   104     7.8082E+05  7.4274E+05     5.0000E-02     7.6000E+12     1.5200E+14
   105     7.4274E+05  7.0651E+05     5.0000E-02     8.4700E+12     1.6940E+14
   106     7.0651E+05  6.7206E+05     5.0000E-02     8.5800E+12     1.7160E+14
   107     6.7206E+05  6.3928E+05     4.9999E-02     8.7900E+12     1.7580E+14
   108     6.3928E+05  6.0810E+05     5.0000E-02     8.3100E+12     1.6620E+14
   109     6.0810E+05  5.7844E+05     5.0001E-02     6.7900E+12     1.3580E+14
   110     5.7844E+05  5.5023E+05     5.0000E-02     5.3900E+12     1.0780E+14
   111     5.5023E+05  5.2340E+05     5.0000E-02     5.2300E+12     1.0460E+14
   112     5.2340E+05  4.9787E+05     4.9999E-02     4.9100E+12     9.8201E+13
   113     4.9787E+05  4.5049E+05     1.0000E-01     9.6400E+12     9.6399E+13
   114     4.5049E+05  4.0762E+05     1.0000E-01     7.6200E+12     7.6200E+13
   115     4.0762E+05  3.8774E+05     5.0000E-02     3.6200E+12     7.2400E+13
   116     3.8774E+05  3.6883E+05     4.9999E-02     4.8200E+12     9.6402E+13
   117     3.6883E+05  3.3373E+05     1.0000E-01     7.9800E+12     7.9800E+13
   118     3.3373E+05  3.0197E+05     1.0000E-01     6.0100E+12     6.0100E+13
   119     3.0197E+05  2.9849E+05     1.1601E-02     7.4300E+11     6.4045E+13
   120     2.9849E+05  2.9721E+05     4.2975E-03     2.6600E+11     6.1897E+13
   121     2.9721E+05  2.9452E+05     9.1022E-03     5.0600E+11     5.5591E+13
   122     2.9452E+05  2.8725E+05     2.5001E-02     9.9000E+11     3.9598E+13
   123     2.8725E+05  2.7324E+05     4.9999E-02     1.6700E+12     3.3400E+13
   124     2.7324E+05  2.4724E+05     1.0000E-01     3.8400E+12     3.8400E+13
   125     2.4724E+05  2.3518E+05     5.0001E-02     1.8800E+12     3.7599E+13
   126     2.3518E+05  2.2371E+05     4.9997E-02     1.6200E+12     3.2402E+13
   127     2.2371E+05  2.1280E+05     5.0003E-02     1.9800E+12     3.9598E+13
   128     2.1280E+05  2.0242E+05     4.9999E-02     1.7400E+12     3.4801E+13
   129     2.0242E+05  1.9255E+05     5.0000E-02     1.3600E+12     2.7200E+13
   130     1.9255E+05  1.8316E+05     5.0002E-02     1.7400E+12     3.4799E+13
   131     1.8316E+05  1.7422E+05     4.9996E-02     2.3500E+12     4.7003E+13
   132     1.7422E+05  1.6573E+05     5.0000E-02     1.5900E+12     3.1800E+13
   133     1.6573E+05  1.5764E+05     5.0003E-02     1.6600E+12     3.3198E+13
   134     1.5764E+05  1.4996E+05     4.9997E-02     1.1800E+12     2.3601E+13
   135     1.4996E+05  1.4264E+05     5.0004E-02     8.2800E+11     1.6559E+13
   136     1.4264E+05  1.3569E+05     4.9995E-02     1.5100E+12     3.0203E+13
   137     1.3569E+05  1.2907E+05     5.0004E-02     1.4000E+12     2.7998E+13
   138     1.2907E+05  1.2277E+05     5.0002E-02     1.3500E+12     2.6999E+13
   139     1.2277E+05  1.1679E+05     4.9994E-02     9.7900E+11     1.9582E+13
   140     1.1679E+05  1.1109E+05     5.0003E-02     8.9400E+11     1.7879E+13
   141     1.1109E+05  9.8036E+04     1.2500E-01     1.7200E+12     1.3760E+13
   142     9.8036E+04  8.6517E+04     1.2500E-01     1.5800E+12     1.2640E+13
   143     8.6517E+04  8.2503E+04     4.7501E-02     4.2100E+11     8.8629E+12
   144     8.2503E+04  7.9499E+04     3.7099E-02     8.9300E+11     2.4071E+13
   145     7.9499E+04  7.2024E+04     9.8734E-02     1.0500E+12     1.0635E+13
   146     7.2024E+04  6.7380E+04     6.6666E-02     8.6300E+11     1.2945E+13
   147     6.7380E+04  5.6562E+04     1.7500E-01     1.4300E+12     8.1714E+12
   148     5.6562E+04  5.2475E+04     7.5000E-02     4.5700E+11     6.0933E+12
   149     5.2475E+04  4.6309E+04     1.2500E-01     8.2000E+11     6.5600E+12
   150     4.6309E+04  4.0868E+04     1.2500E-01     7.5500E+11     6.0400E+12
   151     4.0868E+04  3.4307E+04     1.7500E-01     8.2600E+11     4.7200E+12
   152     3.4307E+04  3.1828E+04     7.5001E-02     2.6600E+11     3.5466E+12
   153     3.1828E+04  2.8501E+04     1.1040E-01     2.3000E+11     2.0834E+12
   154     2.8501E+04  2.7000E+04     5.4102E-02     5.5300E+10     1.0221E+12
   155     2.7000E+04  2.6058E+04     3.5500E-02     2.1000E+11     5.9154E+12
   156     2.6058E+04  2.4788E+04     5.0001E-02     5.5300E+11     1.1060E+13
   157     2.4788E+04  2.4176E+04     2.5000E-02     2.0400E+11     8.1601E+12
   158     2.4176E+04  2.3579E+04     2.5000E-02     1.2200E+11     4.8800E+12
   159     2.3579E+04  2.1875E+04     7.5000E-02     2.0500E+11     2.7333E+12
   160     2.1875E+04  1.9304E+04     1.2500E-01     2.4900E+11     1.9920E+12
   161     1.9304E+04  1.5034E+04     2.5000E-01     4.3500E+11     1.7400E+12
   162     1.5034E+04  1.1709E+04     2.5000E-01     3.8600E+11     1.5440E+12
   163     1.1709E+04  1.0595E+04     9.9996E-02     1.4700E+11     1.4701E+12
   164     1.0595E+04  9.1188E+03     1.5000E-01     1.9600E+11     1.3066E+12
   165     9.1188E+03  7.1017E+03     2.5000E-01     2.1600E+11     8.6400E+11
   166     7.1017E+03  5.5308E+03     2.5000E-01     3.4500E+11     1.3800E+12
   167     5.5308E+03  4.3074E+03     2.5000E-01     3.1700E+11     1.2680E+12
   168     4.3074E+03  3.7074E+03     1.5000E-01     1.4100E+11     9.4002E+11
   169     3.7074E+03  3.3546E+03     1.0000E-01     1.0000E+11     1.0000E+12
   170     3.3546E+03  3.0354E+03     1.0000E-01     9.3300E+10     9.3299E+11
   171     3.0354E+03  2.7465E+03     9.9998E-02     7.7900E+10     7.7902E+11
   172     2.7465E+03  2.6126E+03     5.0000E-02     3.4700E+10     6.9400E+11
   173     2.6126E+03  2.4852E+03     5.0001E-02     3.3000E+10     6.5999E+11
   174     2.4852E+03  2.2487E+03     1.0000E-01     5.9000E+10     5.8999E+11
   175     2.2487E+03  2.0347E+03     1.0000E-01     5.1900E+10     5.1900E+11
   176     2.0347E+03  1.5846E+03     2.5000E-01     1.0300E+11     4.1200E+11
   177     1.5846E+03  1.2341E+03     2.5000E-01     7.6100E+10     3.0440E+11
   178     1.2341E+03  9.6112E+02     2.5000E-01     4.7300E+10     1.8920E+11
   179     9.6112E+02  7.4852E+02     2.5000E-01     4.3700E+10     1.7480E+11
   180     7.4852E+02  5.8295E+02     2.5000E-01     3.6100E+10     1.4440E+11
   181     5.8295E+02  4.5400E+02     2.5000E-01     3.3100E+10     1.3240E+11
   182     4.5400E+02  3.5357E+02     2.5000E-01     2.5200E+10     1.0080E+11
   183     3.5357E+02  2.7536E+02     2.5000E-01     2.2100E+10     8.8399E+10
   184     2.7536E+02  2.1445E+02     2.5000E-01     2.0200E+10     8.0800E+10
   185     2.1445E+02  1.6702E+02     2.5000E-01     1.7000E+10     6.8000E+10
   186     1.6702E+02  1.3007E+02     2.5000E-01     1.4200E+10     5.6800E+10
   187     1.3007E+02  1.0130E+02     2.5000E-01     1.2100E+10     4.8400E+10
   188     1.0130E+02  7.8893E+01     2.5000E-01     1.2300E+10     4.9200E+10
   189     7.8893E+01  6.1442E+01     2.5000E-01     1.1300E+10     4.5200E+10
   190     6.1442E+01  4.7851E+01     2.5000E-01     9.6100E+09     3.8440E+10
   191     4.7851E+01  3.7267E+01     2.5000E-01     7.5900E+09     3.0360E+10
   192     3.7267E+01  2.9023E+01     2.5000E-01     8.0600E+09     3.2240E+10
   193     2.9023E+01  2.2603E+01     2.5000E-01     6.2300E+09     2.4920E+10
   194     2.2603E+01  1.7604E+01     2.5000E-01     3.8400E+09     1.5360E+10
   195     1.7604E+01  1.3710E+01     2.5000E-01     2.3800E+09     9.5199E+09
   196     1.3710E+01  1.0677E+01     2.5000E-01     2.8900E+09     1.1560E+10
   197     1.0677E+01  8.3153E+00     2.5000E-01     3.8000E+09     1.5200E+10
   198     8.3153E+00  6.4760E+00     2.5000E-01     5.7300E+09     2.2920E+10
   199     6.4760E+00  5.0435E+00     2.5000E-01     5.6600E+09     2.2640E+10
   200     5.0435E+00  3.9279E+00     2.5000E-01     2.6600E+09     1.0640E+10
   201     3.9279E+00  3.0590E+00     2.5000E-01     1.3400E+09     5.3600E+09
   202     3.0590E+00  2.3824E+00     2.5000E-01     1.8500E+09     7.4000E+09
   203     2.3824E+00  1.8554E+00     2.5000E-01     2.2700E+09     9.0800E+09
   204     1.8554E+00  1.4450E+00     2.5000E-01     2.9300E+09     1.1720E+10
   205     1.4450E+00  1.1254E+00     2.5000E-01     2.0100E+09     8.0400E+09
   206     1.1254E+00  8.7643E-01     2.5000E-01     1.7400E+09     6.9600E+09
   207     8.7643E-01  6.8256E-01     2.5000E-01     1.4300E+09     5.7200E+09
   208     6.8256E-01  5.3158E-01     2.5000E-01     4.0700E+08     1.6280E+09
   209     5.3158E-01  4.1399E-01     2.5000E-01     1.1600E+09     4.6400E+09
   210     4.1399E-01  1.0000E-01     1.4207E+00     2.9100E+09     2.0483E+09
   211     1.0000E-01  1.0000E-05     9.2104E+00     0.0000E+00     0.0000E+00
  TOTAL                                              7.1211E+14
1  OUTPUT GROUP STRUCTURE AND DATA

  GROUP      UPPER       LOWER         LETHARGY         DATA        DATA/LETHARGY

     1     5.5000E+07  5.4000E+07     1.8349E-02     1.4884E+08     8.1116E+09
     2     5.4000E+07  5.3000E+07     1.8692E-02     1.2333E+10     6.5980E+11
     3     5.3000E+07  5.2000E+07     1.9048E-02     1.2567E+10     6.5975E+11
     4     5.2000E+07  5.1000E+07     1.9418E-02     4.9163E+10     2.5318E+12
     5     5.1000E+07  5.0000E+07     1.9803E-02     5.0137E+10     2.5318E+12
     6     5.0000E+07  4.9000E+07     2.0203E-02     8.8400E+10     4.3757E+12
     7     4.9000E+07  4.8000E+07     2.0619E-02     1.3100E+11     6.3533E+12
     8     4.8000E+07  4.7000E+07     2.1053E-02     1.6100E+11     7.6472E+12
     9     4.7000E+07  4.6000E+07     2.1506E-02     2.0600E+11     9.5786E+12
    10     4.6000E+07  4.5000E+07     2.1979E-02     2.4100E+11     1.0965E+13
    11     4.5000E+07  4.4000E+07     2.2473E-02     2.9400E+11     1.3082E+13
    12     4.4000E+07  4.3000E+07     2.2990E-02     3.1800E+11     1.3832E+13
    13     4.3000E+07  4.2000E+07     2.3530E-02     3.7800E+11     1.6064E+13
    14     4.2000E+07  4.1000E+07     2.4098E-02     4.1000E+11     1.7014E+13
    15     4.1000E+07  4.0000E+07     2.4693E-02     4.7400E+11     1.9196E+13
    16     4.0000E+07  3.9000E+07     2.5318E-02     5.1600E+11     2.0381E+13
    17     3.9000E+07  3.8000E+07     2.5975E-02     5.7700E+11     2.2213E+13
    18     3.8000E+07  3.7000E+07     2.6668E-02     6.1200E+11     2.2949E+13
    19     3.7000E+07  3.6000E+07     2.7399E-02     6.8200E+11     2.4891E+13
    20     3.6000E+07  3.5000E+07     2.8171E-02     7.5100E+11     2.6659E+13
    21     3.5000E+07  3.4000E+07     2.8988E-02     8.5200E+11     2.9392E+13
    22     3.4000E+07  3.3000E+07     2.9853E-02     9.7700E+11     3.2727E+13
    23     3.3000E+07  3.2000E+07     3.0772E-02     1.1100E+12     3.6072E+13
    24     3.2000E+07  3.1000E+07     3.1749E-02     1.2500E+12     3.9372E+13
    25     3.1000E+07  3.0000E+07     3.2790E-02     1.4400E+12     4.3916E+13
    26     3.0000E+07  2.9000E+07     3.3902E-02     1.6700E+12     4.9260E+13
    27     2.9000E+07  2.8000E+07     3.5091E-02     1.9000E+12     5.4144E+13
    28     2.8000E+07  2.7000E+07     3.6368E-02     2.2300E+12     6.1318E+13
    29     2.7000E+07  2.6000E+07     3.7740E-02     2.5800E+12     6.8362E+13
    30     2.6000E+07  2.5000E+07     3.9221E-02     2.9100E+12     7.4195E+13
    31     2.5000E+07  2.4000E+07     4.0822E-02     3.3000E+12     8.0839E+13
    32     2.4000E+07  2.3000E+07     4.2560E-02     3.7000E+12     8.6937E+13
    33     2.3000E+07  2.2000E+07     4.4452E-02     4.1900E+12     9.4259E+13
    34     2.2000E+07  2.1000E+07     4.6520E-02     4.7200E+12     1.0146E+14
    35     2.1000E+07  2.0000E+07     4.8790E-02     5.3100E+12     1.0883E+14
    36     2.0000E+07  1.9640E+07     1.8164E-02     2.1219E+12     1.1682E+14
    37     1.9640E+07  1.7330E+07     1.2513E-01     1.5718E+13     1.2561E+14
    38     1.7330E+07  1.6910E+07     2.4534E-02     3.3369E+12     1.3601E+14
    39     1.6910E+07  1.6490E+07     2.5151E-02     3.3210E+12     1.3204E+14
    40     1.6490E+07  1.5680E+07     5.0368E-02     6.9600E+12     1.3818E+14
    41     1.5680E+07  1.4920E+07     4.9683E-02     6.9256E+12     1.3940E+14
    42     1.4920E+07  1.4550E+07     2.5112E-02     3.5558E+12     1.4160E+14
    43     1.4550E+07  1.4190E+07     2.5054E-02     3.5981E+12     1.4362E+14
    44     1.4190E+07  1.3840E+07     2.4975E-02     3.6160E+12     1.4479E+14
    45     1.3840E+07  1.3500E+07     2.4873E-02     3.6416E+12     1.4641E+14
    46     1.3500E+07  1.2840E+07     5.0124E-02     7.3087E+12     1.4581E+14
    47     1.2840E+07  1.2210E+07     5.0310E-02     7.5253E+12     1.4958E+14
    48     1.2210E+07  1.1620E+07     4.9528E-02     7.3794E+12     1.4900E+14
    49     1.1620E+07  1.1050E+07     5.0297E-02     7.6453E+12     1.5200E+14
    50     1.1050E+07  1.0510E+07     5.0103E-02     7.6455E+12     1.5260E+14
    51     1.0510E+07  1.0000E+07     4.9742E-02     7.5510E+12     1.5180E+14
    52     1.0000E+07  9.5120E+06     5.0031E-02     7.6146E+12     1.5220E+14
    53     9.5120E+06  9.0480E+06     5.0010E-02     7.4913E+12     1.4980E+14
    54     9.0480E+06  8.6070E+06     4.9968E-02     7.2253E+12     1.4460E+14
    55     8.6070E+06  8.1870E+06     5.0028E-02     6.7936E+12     1.3580E+14
    56     8.1870E+06  7.7880E+06     4.9963E-02     6.4353E+12     1.2880E+14
    57     7.7880E+06  7.4080E+06     5.0024E-02     6.2328E+12     1.2460E+14
    58     7.4080E+06  7.0470E+06     4.9959E-02     6.0450E+12     1.2100E+14
    59     7.0470E+06  6.7030E+06     5.0047E-02     5.9456E+12     1.1880E+14
    60     6.7030E+06  6.5920E+06     1.6698E-02     2.0038E+12     1.2000E+14
    61     6.5920E+06  6.3760E+06     3.3316E-02     3.9279E+12     1.1790E+14
    62     6.3760E+06  6.0650E+06     5.0006E-02     5.9909E+12     1.1980E+14
    63     6.0650E+06  5.7690E+06     5.0036E-02     6.0044E+12     1.2000E+14
    64     5.7690E+06  5.4880E+06     4.9935E-02     6.0822E+12     1.2180E+14
    65     5.4880E+06  5.2200E+06     5.0066E-02     6.1984E+12     1.2380E+14
    66     5.2200E+06  4.9660E+06     4.9883E-02     6.2851E+12     1.2600E+14
    67     4.9660E+06  4.7240E+06     4.9959E-02     6.2451E+12     1.2500E+14
    68     4.7240E+06  4.4930E+06     5.0135E-02     6.4573E+12     1.2880E+14
    69     4.4930E+06  4.0660E+06     9.9861E-02     1.3282E+13     1.3300E+14
    70     4.0660E+06  3.6790E+06     1.0002E-01     1.4202E+13     1.4199E+14
    71     3.6790E+06  3.3290E+06     9.9969E-02     1.4995E+13     1.5000E+14
    72     3.3290E+06  3.1660E+06     5.0203E-02     7.9020E+12     1.5740E+14
    73     3.1660E+06  3.0120E+06     4.9865E-02     8.0878E+12     1.6220E+14
    74     3.0120E+06  2.8650E+06     5.0036E-02     8.6063E+12     1.7200E+14
    75     2.8650E+06  2.7250E+06     5.0100E-02     8.9189E+12     1.7802E+14
    76     2.7250E+06  2.5920E+06     5.0039E-02     9.3565E+12     1.8699E+14
    77     2.5920E+06  2.4660E+06     4.9832E-02     9.1893E+12     1.8440E+14
    78     2.4660E+06  2.3850E+06     3.3398E-02     6.4832E+12     1.9412E+14
    79     2.3850E+06  2.3650E+06     8.4211E-03     1.6973E+12     2.0155E+14
    80     2.3650E+06  2.3460E+06     8.0663E-03     1.6358E+12     2.0279E+14
    81     2.3460E+06  2.3070E+06     1.6764E-02     3.1702E+12     1.8911E+14
    82     2.3070E+06  2.2310E+06     3.3498E-02     6.5718E+12     1.9619E+14
    83     2.2310E+06  2.1220E+06     5.0091E-02     9.7269E+12     1.9419E+14
    84     2.1220E+06  2.0190E+06     4.9757E-02     9.4642E+12     1.9021E+14
    85     2.0190E+06  1.9210E+06     4.9756E-02     9.3837E+12     1.8859E+14
    86     1.9210E+06  1.8270E+06     5.0171E-02     9.5424E+12     1.9020E+14
    87     1.8270E+06  1.7380E+06     4.9940E-02     1.0286E+13     2.0596E+14
    88     1.7380E+06  1.6530E+06     5.0143E-02     1.0530E+13     2.0999E+14
    89     1.6530E+06  1.5720E+06     5.0243E-02     1.0148E+13     2.0198E+14
    90     1.5720E+06  1.4960E+06     4.9554E-02     9.8520E+12     1.9881E+14
    91     1.4960E+06  1.4230E+06     5.0028E-02     9.7356E+12     1.9461E+14
    92     1.4230E+06  1.3530E+06     5.0443E-02     1.0049E+13     1.9921E+14
    93     1.3530E+06  1.2870E+06     5.0010E-02     1.0299E+13     2.0593E+14
    94     1.2870E+06  1.2250E+06     4.9373E-02     9.4295E+12     1.9098E+14
    95     1.2250E+06  1.1650E+06     5.0220E-02     1.1338E+13     2.2576E+14
    96     1.1650E+06  1.1080E+06     5.0164E-02     1.0436E+13     2.0804E+14
    97     1.1080E+06  1.0030E+06     9.9561E-02     1.8519E+13     1.8601E+14
    98     1.0030E+06  9.6160E+05     4.2152E-02     7.5600E+12     1.7935E+14
    99     9.6160E+05  9.0720E+05     5.8236E-02     1.0882E+13     1.8686E+14
   100     9.0720E+05  8.6290E+05     5.0064E-02     8.0809E+12     1.6141E+14
   101     8.6290E+05  8.2090E+05     4.9898E-02     8.1632E+12     1.6360E+14
   102     8.2090E+05  7.8080E+05     5.0082E-02     7.7333E+12     1.5441E+14
   103     7.8080E+05  7.4270E+05     5.0027E-02     7.6049E+12     1.5202E+14
   104     7.4270E+05  7.0650E+05     4.9969E-02     8.4647E+12     1.6940E+14
   105     7.0650E+05  6.7210E+05     4.9916E-02     8.5656E+12     1.7160E+14
   106     6.7210E+05  6.3930E+05     5.0033E-02     8.7957E+12     1.7580E+14
   107     6.3930E+05  6.0810E+05     5.0034E-02     8.3160E+12     1.6621E+14
   108     6.0810E+05  5.7840E+05     5.0074E-02     6.7978E+12     1.3576E+14
   109     5.7840E+05  5.5020E+05     4.9984E-02     5.3881E+12     1.0780E+14
   110     5.5020E+05  5.2340E+05     4.9936E-02     5.2233E+12     1.0460E+14
   111     5.2340E+05  4.5050E+05     1.4999E-01     1.4549E+13     9.7000E+13
   112     4.5050E+05  4.0760E+05     1.0007E-01     7.6256E+12     7.6202E+13
   113     4.0760E+05  3.8770E+05     5.0054E-02     3.6265E+12     7.2452E+13
   114     3.8770E+05  3.6880E+05     4.9977E-02     4.8165E+12     9.6373E+13
   115     3.6880E+05  3.3370E+05     1.0001E-01     7.9790E+12     7.9781E+13
   116     3.3370E+05  3.0200E+05     9.9815E-02     5.9989E+12     6.0100E+13
   117     3.0200E+05  2.9850E+05     1.1657E-02     7.4624E+11     6.4016E+13
   118     2.9850E+05  2.9720E+05     4.3646E-03     2.6999E+11     6.1858E+13
   119     2.9720E+05  2.9450E+05     9.1263E-03     5.0636E+11     5.5484E+13
   120     2.9450E+05  2.8730E+05     2.4752E-02     9.8014E+11     3.9598E+13
   121     2.8730E+05  2.7320E+05     5.0323E-02     1.6826E+12     3.3437E+13
   122     2.7320E+05  2.4720E+05     1.0001E-01     3.8401E+12     3.8399E+13
   123     2.4720E+05  2.3520E+05     4.9762E-02     1.8710E+12     3.7599E+13
   124     2.3520E+05  2.2370E+05     5.0130E-02     1.6251E+12     3.2417E+13
   125     2.2370E+05  2.1280E+05     4.9953E-02     1.9780E+12     3.9598E+13
   126     2.1280E+05  2.0240E+05     5.0107E-02     1.7431E+12     3.4788E+13
   127     2.0240E+05  1.9250E+05     5.0150E-02     1.3659E+12     2.7237E+13
   128     1.9250E+05  1.8320E+05     4.9518E-02     1.7231E+12     3.4799E+13
   129     1.8320E+05  1.7420E+05     5.0374E-02     2.3627E+12     4.6904E+13
   130     1.7420E+05  1.6570E+05     5.0025E-02     1.5910E+12     3.1805E+13
   131     1.6570E+05  1.5760E+05     5.0119E-02     1.6612E+12     3.3145E+13
   132     1.5760E+05  1.5000E+05     4.9425E-02     1.1665E+12     2.3601E+13
   133     1.5000E+05  1.4260E+05     5.0592E-02     8.4382E+11     1.6679E+13
   134     1.4260E+05  1.3570E+05     4.9597E-02     1.4980E+12     3.0203E+13
   135     1.3570E+05  1.2910E+05     4.9859E-02     1.3962E+12     2.8002E+13
   136     1.2910E+05  1.2280E+05     5.0030E-02     1.3510E+12     2.7004E+13
   137     1.2280E+05  1.1680E+05     5.0094E-02     9.8259E+11     1.9615E+13
   138     1.1680E+05  1.1110E+05     5.0032E-02     8.9474E+11     1.7883E+13
   139     1.1110E+05  9.8040E+04     1.2506E-01     1.7211E+12     1.3763E+13
   140     9.8040E+04  8.6520E+04     1.2500E-01     1.5801E+12     1.2640E+13
   141     8.6520E+04  8.2500E+04     4.7577E-02     4.2243E+11     8.8788E+12
   142     8.2500E+04  8.2300E+04     2.4272E-03     5.8424E+10     2.4071E+13
   143     8.2300E+04  7.9500E+04     3.4614E-02     8.3319E+11     2.4071E+13
   144     7.9500E+04  7.4990E+04     5.8402E-02     6.2130E+11     1.0638E+13
   145     7.4990E+04  7.2000E+04     4.0689E-02     4.3349E+11     1.0654E+13
   146     7.2000E+04  6.7380E+04     6.6318E-02     8.5850E+11     1.2945E+13
   147     6.7380E+04  6.1730E+04     8.7578E-02     7.1567E+11     8.1718E+12
   148     6.1730E+04  5.6560E+04     8.7468E-02     7.1466E+11     8.1705E+12
   149     5.6560E+04  5.5170E+04     2.4883E-02     1.5162E+11     6.0933E+12
   150     5.5170E+04  5.2480E+04     4.9987E-02     3.0459E+11     6.0933E+12
   151     5.2480E+04  4.9390E+04     6.0684E-02     3.9805E+11     6.5593E+12
   152     4.9390E+04  4.6310E+04     6.4390E-02     4.2240E+11     6.5600E+12
   153     4.6310E+04  4.3590E+04     6.0530E-02     3.6561E+11     6.0401E+12
   154     4.3590E+04  4.0870E+04     6.4431E-02     3.8916E+11     6.0400E+12
   155     4.0870E+04  3.6980E+04     1.0002E-01     4.7217E+11     4.7208E+12
   156     3.6980E+04  3.4310E+04     7.4940E-02     3.5372E+11     4.7200E+12
   157     3.4310E+04  3.1830E+04     7.5028E-02     2.6621E+11     3.5481E+12
   158     3.1830E+04  3.1620E+04     6.6194E-03     1.3892E+10     2.0987E+12
   159     3.1620E+04  3.0730E+04     2.8550E-02     5.9481E+10     2.0834E+12
   160     3.0730E+04  2.9850E+04     2.9055E-02     6.0532E+10     2.0834E+12
   161     2.9850E+04  2.9010E+04     2.8544E-02     5.9469E+10     2.0834E+12
   162     2.9010E+04  2.8500E+04     1.7737E-02     3.6911E+10     2.0811E+12
   163     2.8500E+04  2.8180E+04     1.1292E-02     1.1542E+10     1.0221E+12
   164     2.8180E+04  2.7380E+04     2.8800E-02     2.9437E+10     1.0221E+12
   165     2.7380E+04  2.7000E+04     1.3976E-02     1.4304E+10     1.0234E+12
   166     2.7000E+04  2.6610E+04     1.4550E-02     8.6068E+10     5.9154E+12
   167     2.6610E+04  2.6060E+04     2.0886E-02     1.2355E+11     5.9154E+12
   168     2.6060E+04  2.5850E+04     8.0910E-03     8.9169E+10     1.1021E+13
   169     2.5850E+04  2.5120E+04     2.8646E-02     3.1682E+11     1.1060E+13
   170     2.5120E+04  2.4790E+04     1.3224E-02     1.4626E+11     1.1060E+13
   171     2.4790E+04  2.4410E+04     1.5447E-02     1.2634E+11     8.1790E+12
   172     2.4410E+04  2.4180E+04     9.4670E-03     7.7252E+10     8.1601E+12
   173     2.4180E+04  2.3580E+04     2.5127E-02     1.2323E+11     4.9043E+12
   174     2.3580E+04  2.3040E+04     2.3167E-02     6.3451E+10     2.7388E+12
   175     2.3040E+04  2.2390E+04     2.8617E-02     7.8221E+10     2.7333E+12
   176     2.2390E+04  2.1870E+04     2.3499E-02     6.4064E+10     2.7263E+12
   177     2.1870E+04  2.1130E+04     3.4422E-02     6.8568E+10     1.9920E+12
   178     2.1130E+04  2.0540E+04     2.8320E-02     5.6412E+10     1.9920E+12
   179     2.0540E+04  1.9950E+04     2.9145E-02     5.8056E+10     1.9920E+12
   180     1.9950E+04  1.9310E+04     3.2606E-02     6.4950E+10     1.9920E+12
   181     1.9310E+04  1.7780E+04     8.2549E-02     1.4371E+11     1.7409E+12
   182     1.7780E+04  1.6620E+04     6.7467E-02     1.1739E+11     1.7400E+12
   183     1.6620E+04  1.5850E+04     4.7437E-02     8.2542E+10     1.7400E+12
   184     1.5850E+04  1.5030E+04     5.3121E-02     9.2375E+10     1.7389E+12
   185     1.5030E+04  1.3830E+04     8.3208E-02     1.2847E+11     1.5440E+12
   186     1.3830E+04  1.2730E+04     8.2879E-02     1.2796E+11     1.5440E+12
   187     1.2730E+04  1.1710E+04     8.3518E-02     1.2895E+11     1.5440E+12
   188     1.1710E+04  1.1140E+04     4.9901E-02     7.3365E+10     1.4702E+12
   189     1.1140E+04  1.0080E+04     9.9989E-02     1.3885E+11     1.3887E+12
   190     1.0080E+04  9.1190E+03     1.0019E-01     1.3092E+11     1.3066E+12
   191     9.1190E+03  8.2510E+03     1.0003E-01     8.6431E+10     8.6409E+11
   192     8.2510E+03  7.4660E+03     9.9975E-02     8.6378E+10     8.6400E+11
   193     7.4660E+03  7.1020E+03     4.9983E-02     4.3185E+10     8.6400E+11
   194     7.1020E+03  6.2670E+03     1.2508E-01     1.7259E+11     1.3798E+12
   195     6.2670E+03  5.5310E+03     1.2493E-01     1.7240E+11     1.3800E+12
   196     5.5310E+03  5.0040E+03     1.0013E-01     1.2697E+11     1.2680E+12
   197     5.0040E+03  4.6430E+03     7.4877E-02     9.4944E+10     1.2680E+12
   198     4.6430E+03  4.3070E+03     7.5119E-02     9.5219E+10     1.2676E+12
   199     4.3070E+03  3.9810E+03     7.8709E-02     7.3987E+10     9.4002E+11
   200     3.9810E+03  3.7070E+03     7.1310E-02     6.7040E+10     9.4012E+11
   201     3.7070E+03  3.5480E+03     4.3839E-02     4.3839E+10     1.0000E+12
   202     3.5480E+03  3.3550E+03     5.5932E-02     5.5932E+10     1.0000E+12
   203     3.3550E+03  3.1620E+03     5.9247E-02     5.5284E+10     9.3311E+11
   204     3.1620E+03  3.0350E+03     4.0993E-02     3.8226E+10     9.3250E+11
   205     3.0350E+03  2.8180E+03     7.4184E-02     5.7791E+10     7.7902E+11
   206     2.8180E+03  2.7470E+03     2.5518E-02     1.9879E+10     7.7902E+11
   207     2.7470E+03  2.6610E+03     3.1807E-02     2.2089E+10     6.9445E+11
   208     2.6610E+03  2.6130E+03     1.8203E-02     1.2633E+10     6.9400E+11
   209     2.6130E+03  2.4850E+03     5.0226E-02     3.3149E+10     6.6000E+11
   210     2.4850E+03  2.3710E+03     4.6961E-02     2.7706E+10     5.8999E+11
   211     2.3710E+03  2.2490E+03     5.2826E-02     3.1167E+10     5.8999E+11
   212     2.2490E+03  2.1130E+03     6.2377E-02     3.2384E+10     5.1917E+11
   213     2.1130E+03  2.0350E+03     3.7613E-02     1.9521E+10     5.1900E+11
   214     2.0350E+03  1.7960E+03     1.2493E-01     5.1490E+10     4.1213E+11
   215     1.7960E+03  1.5850E+03     1.2498E-01     5.1491E+10     4.1200E+11
   216     1.5850E+03  1.5070E+03     5.0463E-02     1.5388E+10     3.0493E+11
   217     1.5070E+03  1.3640E+03     9.9699E-02     3.0349E+10     3.0440E+11
   218     1.3640E+03  1.2340E+03     1.0016E-01     3.0480E+10     3.0431E+11
   219     1.2340E+03  1.1170E+03     9.9614E-02     1.8847E+10     1.8920E+11
   220     1.1170E+03  1.0100E+03     1.0070E-01     1.9052E+10     1.8920E+11
   221     1.0100E+03  9.6110E+02     4.9627E-02     9.3892E+09     1.8919E+11
   222     9.6110E+02  8.4820E+02     1.2496E-01     2.1843E+10     1.7480E+11
   223     8.4820E+02  7.4850E+02     1.2505E-01     2.1857E+10     1.7479E+11
   224     7.4850E+02  7.0790E+02     5.5768E-02     8.0530E+09     1.4440E+11
   225     7.0790E+02  6.7730E+02     4.4189E-02     6.3809E+09     1.4440E+11
   226     6.7730E+02  6.3100E+02     7.0808E-02     1.0225E+10     1.4440E+11
   227     6.3100E+02  5.8300E+02     7.9119E-02     1.1425E+10     1.4440E+11
   228     5.8300E+02  5.1450E+02     1.2499E-01     1.6550E+10     1.3241E+11
   229     5.1450E+02  4.5400E+02     1.2510E-01     1.6563E+10     1.3240E+11
   230     4.5400E+02  3.9810E+02     1.3139E-01     1.3245E+10     1.0080E+11
   231     3.9810E+02  3.5360E+02     1.1854E-01     1.1949E+10     1.0080E+11
   232     3.5360E+02  3.0430E+02     1.5015E-01     1.3274E+10     8.8405E+10
   233     3.0430E+02  2.7540E+02     9.9789E-02     8.8213E+09     8.8399E+10
   234     2.7540E+02  2.4300E+02     1.2516E-01     1.0114E+10     8.0808E+10
   235     2.4300E+02  2.1450E+02     1.2475E-01     1.0080E+10     8.0800E+10
   236     2.1450E+02  2.0400E+02     5.0190E-02     3.4157E+09     6.8055E+10
   237     2.0400E+02  1.7780E+02     1.3746E-01     9.3473E+09     6.8000E+10
   238     1.7780E+02  1.6700E+02     6.2666E-02     4.2601E+09     6.7982E+10
   239     1.6700E+02  1.5850E+02     5.2239E-02     2.9672E+09     5.6800E+10
   240     1.5850E+02  1.3670E+02     1.4797E-01     8.4045E+09     5.6800E+10
   241     1.3670E+02  1.3010E+02     4.9485E-02     2.8108E+09     5.6800E+10
   242     1.3010E+02  1.1220E+02     1.4802E-01     7.1659E+09     4.8412E+10
   243     1.1220E+02  1.0130E+02     1.0220E-01     4.9463E+09     4.8400E+10
   244     1.0130E+02  9.1660E+01     1.0000E-01     4.9200E+09     4.9200E+10
   245     9.1660E+01  8.5280E+01     7.2146E-02     3.5496E+09     4.9200E+10
   246     8.5280E+01  7.8890E+01     7.7885E-02     3.8318E+09     4.9198E+10
   247     7.8890E+01  7.0790E+01     1.0834E-01     4.8968E+09     4.5200E+10
   248     7.0790E+01  6.7900E+01     4.1682E-02     1.8840E+09     4.5200E+10
   249     6.7900E+01  6.3100E+01     7.3315E-02     3.3139E+09     4.5200E+10
   250     6.3100E+01  6.1440E+01     2.6660E-02     1.2048E+09     4.5191E+10
   251     6.1440E+01  5.5590E+01     1.0006E-01     3.8462E+09     3.8440E+10
   252     5.5590E+01  5.0120E+01     1.0358E-01     3.9818E+09     3.8440E+10
   253     5.0120E+01  4.7850E+01     4.6349E-02     1.7815E+09     3.8436E+10
   254     4.7850E+01  4.5520E+01     4.9919E-02     1.5155E+09     3.0360E+10
   255     4.5520E+01  3.9810E+01     1.3403E-01     4.0692E+09     3.0360E+10
   256     3.9810E+01  3.7270E+01     6.5929E-02     2.0016E+09     3.0360E+10
   257     3.7270E+01  3.3890E+01     9.5069E-02     3.0648E+09     3.2238E+10
   258     3.3890E+01  3.0510E+01     1.0507E-01     3.3873E+09     3.2240E+10
   259     3.0510E+01  2.9200E+01     4.3886E-02     1.4149E+09     3.2240E+10
   260     2.9200E+01  2.7920E+01     4.4825E-02     1.1615E+09     2.5912E+10
   261     2.7920E+01  2.4980E+01     1.1127E-01     2.7728E+09     2.4920E+10
   262     2.4980E+01  2.2600E+01     1.0013E-01     2.4937E+09     2.4906E+10
   263     2.2600E+01  2.0450E+01     9.9967E-02     1.5355E+09     1.5360E+10
   264     2.0450E+01  1.9030E+01     7.1966E-02     1.1054E+09     1.5360E+10
   265     1.9030E+01  1.7600E+01     7.8118E-02     1.1987E+09     1.5345E+10
   266     1.7600E+01  1.6740E+01     5.0098E-02     4.7693E+08     9.5199E+09
   267     1.6740E+01  1.5230E+01     9.4534E-02     8.9996E+08     9.5199E+09
   268     1.5230E+01  1.3710E+01     1.0514E-01     1.0009E+09     9.5199E+09
   269     1.3710E+01  1.2590E+01     8.5223E-02     9.8510E+08     1.1559E+10
   270     1.2590E+01  1.1220E+01     1.1520E-01     1.3317E+09     1.1560E+10
   271     1.1220E+01  1.0680E+01     4.9325E-02     5.7019E+08     1.1560E+10
   272     1.0680E+01  1.0000E+01     6.5788E-02     9.9897E+08     1.5185E+10
   273     1.0000E+01  9.1900E+00     8.4469E-02     1.2840E+09     1.5200E+10
   274     9.1900E+00  8.9130E+00     3.0605E-02     4.6520E+08     1.5200E+10
   275     8.9130E+00  8.3150E+00     6.9450E-02     1.0559E+09     1.5204E+10
   276     8.3150E+00  7.9430E+00     4.5770E-02     1.0490E+09     2.2920E+10
   277     7.9430E+00  7.5240E+00     5.4193E-02     1.2421E+09     2.2920E+10
   278     7.5240E+00  7.0790E+00     6.0965E-02     1.3973E+09     2.2920E+10
   279     7.0790E+00  6.4760E+00     8.9030E-02     2.0406E+09     2.2920E+10
   280     6.4760E+00  6.1600E+00     5.0026E-02     1.1326E+09     2.2640E+10
   281     6.1600E+00  5.6230E+00     9.1211E-02     2.0650E+09     2.2640E+10
   282     5.6230E+00  5.0430E+00     1.0886E-01     2.4636E+09     2.2630E+10
   283     5.0430E+00  4.6700E+00     7.6842E-02     8.1759E+08     1.0640E+10
   284     4.6700E+00  4.4700E+00     4.3771E-02     4.6572E+08     1.0640E+10
   285     4.4700E+00  4.1290E+00     7.9353E-02     8.4431E+08     1.0640E+10
   286     4.1290E+00  3.9280E+00     4.9905E-02     5.3098E+08     1.0640E+10
   287     3.9280E+00  3.3810E+00     1.4996E-01     8.0397E+08     5.3613E+09
   288     3.3810E+00  3.0590E+00     1.0008E-01     5.3646E+08     5.3601E+09
   289     3.0590E+00  2.7680E+00     9.9963E-02     7.3973E+08     7.4000E+09
   290     2.7680E+00  2.3720E+00     1.5439E-01     1.1498E+09     7.4475E+09
   291     2.3720E+00  2.3600E+00     5.0719E-03     4.6053E+07     9.0800E+09
   292     2.3600E+00  2.1300E+00     1.0254E-01     9.3106E+08     9.0800E+09
   293     2.1300E+00  2.0200E+00     5.3025E-02     4.8146E+08     9.0800E+09
   294     2.0200E+00  1.9300E+00     4.5578E-02     4.1384E+08     9.0800E+09
   295     1.9300E+00  1.8550E+00     3.9635E-02     3.6044E+08     9.0940E+09
   296     1.8550E+00  1.8400E+00     8.1191E-03     9.5156E+07     1.1720E+10
   297     1.8400E+00  1.7550E+00     4.7297E-02     5.5432E+08     1.1720E+10
   298     1.7550E+00  1.6700E+00     4.9645E-02     5.8184E+08     1.1720E+10
   299     1.6700E+00  1.5900E+00     4.9090E-02     5.7533E+08     1.1720E+10
   300     1.5900E+00  1.5100E+00     5.1624E-02     6.0504E+08     1.1720E+10
   301     1.5100E+00  1.4450E+00     4.4000E-02     5.1568E+08     1.1720E+10
   302     1.4450E+00  1.4400E+00     3.4662E-03     2.7919E+07     8.0547E+09
   303     1.4400E+00  1.3700E+00     4.9832E-02     4.0065E+08     8.0400E+09
   304     1.3700E+00  1.3050E+00     4.8608E-02     3.9080E+08     8.0400E+09
   305     1.3050E+00  1.2350E+00     5.5132E-02     4.4326E+08     8.0400E+09
   306     1.2350E+00  1.1700E+00     5.4067E-02     4.3470E+08     8.0400E+09
   307     1.1700E+00  1.1250E+00     3.9221E-02     3.1500E+08     8.0314E+09
   308     1.1250E+00  1.1100E+00     1.3423E-02     9.3425E+07     6.9600E+09
   309     1.1100E+00  1.0900E+00     1.8182E-02     1.2655E+08     6.9600E+09
   310     1.0900E+00  1.0800E+00     9.2166E-03     6.4148E+07     6.9600E+09
   311     1.0800E+00  1.0700E+00     9.3024E-03     6.4745E+07     6.9600E+09
   312     1.0700E+00  1.0350E+00     3.3257E-02     2.3147E+08     6.9600E+09
   313     1.0350E+00  1.0100E+00     2.4451E-02     1.7018E+08     6.9600E+09
   314     1.0100E+00  9.8600E-01     2.4049E-02     1.6738E+08     6.9600E+09
   315     9.8600E-01  9.3000E-01     5.8472E-02     4.0697E+08     6.9600E+09
   316     9.3000E-01  8.7640E-01     5.9362E-02     4.1313E+08     6.9595E+09
   317     8.7640E-01  8.6000E-01     1.8890E-02     1.0805E+08     5.7200E+09
   318     8.6000E-01  7.9000E-01     8.4899E-02     4.8562E+08     5.7200E+09
   319     7.9000E-01  7.0500E-01     1.1384E-01     6.5114E+08     5.7200E+09
   320     7.0500E-01  6.8260E-01     3.2289E-02     1.8469E+08     5.7200E+09
   321     6.8260E-01  6.2500E-01     8.8157E-02     1.4376E+08     1.6307E+09
   322     6.2500E-01  5.4000E-01     1.4618E-01     2.3799E+08     1.6280E+09
   323     5.4000E-01  5.3160E-01     1.5678E-02     2.5524E+07     1.6280E+09
   324     5.3160E-01  4.8500E-01     9.1742E-02     4.2557E+08     4.6387E+09
   325     4.8500E-01  4.3300E-01     1.1341E-01     5.2623E+08     4.6400E+09
   326     4.3300E-01  4.1400E-01     4.4872E-02     2.0820E+08     4.6400E+09
   327     4.1400E-01  3.9100E-01     5.7158E-02     1.1712E+08     2.0490E+09
   328     3.9100E-01  3.5200E-01     1.0508E-01     2.1523E+08     2.0483E+09
   329     3.5200E-01  3.1450E-01     1.1265E-01     2.3074E+08     2.0483E+09
   330     3.1450E-01  2.8250E-01     1.0731E-01     2.1980E+08     2.0483E+09
   331     2.8250E-01  2.4800E-01     1.3025E-01     2.6679E+08     2.0483E+09
   332     2.4800E-01  2.2000E-01     1.1980E-01     2.4539E+08     2.0483E+09
   333     2.2000E-01  1.8900E-01     1.5188E-01     3.1110E+08     2.0483E+09
   334     1.8900E-01  1.6000E-01     1.6657E-01     3.4120E+08     2.0483E+09
   335     1.6000E-01  1.3400E-01     1.7733E-01     3.6324E+08     2.0483E+09
   336     1.3400E-01  1.1500E-01     1.5291E-01     3.1320E+08     2.0483E+09
   337     1.1500E-01  1.0000E-01     1.3976E-01     2.8626E+08     2.0482E+09
   338     1.0000E-01  9.5000E-02     5.1293E-02     0.0000E+00     0.0000E+00
   339     9.5000E-02  7.7000E-02     2.1007E-01     0.0000E+00     0.0000E+00
   340     7.7000E-02  5.9000E-02     2.6627E-01     0.0000E+00     0.0000E+00
   341     5.9000E-02  4.3000E-02     3.1634E-01     0.0000E+00     0.0000E+00
   342     4.3000E-02  3.2380E-02     2.8366E-01     0.0000E+00     0.0000E+00
   343     3.2380E-02  3.2000E-02     1.1805E-02     0.0000E+00     0.0000E+00
   344     3.2000E-02  3.0000E-02     6.4539E-02     0.0000E+00     0.0000E+00
   345     3.0000E-02  2.0000E-02     4.0547E-01     0.0000E+00     0.0000E+00
   346     2.0000E-02  1.5000E-02     2.8768E-01     0.0000E+00     0.0000E+00
   347     1.5000E-02  1.0000E-02     4.0547E-01     0.0000E+00     0.0000E+00
   348     1.0000E-02  5.5000E-03     5.9784E-01     0.0000E+00     0.0000E+00
   349     5.5000E-03  3.0000E-03     6.0614E-01     0.0000E+00     0.0000E+00
   350     3.0000E-03  1.1000E-04     3.3059E+00     0.0000E+00     0.0000E+00
   351     1.1000E-04  1.0000E-05     2.3979E+00     0.0000E+00     0.0000E+00
  TOTAL                                              7.1211E+14
fispact run time=                   0.0000     secs


 ------------------------------------------------------------------
 Files that have been opened during this run.
 ------------------------------------------------------------------
 The numbers after the unit names are the internal unit numbers.

 output(38)      spectra.out
 runlog(48)      spectra.log
 ------------------------------------------------------------------



     Run timestamp:15:18:08 19 March 2021          

     Current time: 15:18:08 19 March 2021          
