



     ==============================================================================
     |                                                                            |
     |                                                                            |
     |             _____ ___ ____  ____   _    ____ _____    ___ ___              |
     |            |  ___|_ _/ ___||  _ \ / \  / ___|_   _|  |_ _|_ _|             |
     |            | |_   | |\___ \| |_) / _ \| |     | |_____| | | |              |
     |            |  _|  | | ___) |  __/ ___ \ |___  | |_____| | | |              |
     |            |_|   |___|____/|_| /_/   \_\____| |_|    |___|___|             |
     |                                                                            |
     |                            F I S P A C T - I I                             |
     |                            -------------------                             |
     |                                                                            |
     |                  Transmutation-Activation Inventory Code                   |
     |                   United Kingdom Atomic Energy Authority                   |
     |                                                                            |
     |                         Release 5.0 May 2021                               |
     |             Copyright (c) 2009-21, UK Atomic Energy Authority              |
     |                                                                            |
     ==============================================================================



1




     =========================================================================================================
     |                                                                                                       |
     |                      R U N   I D E N T I F I C A T I O N   I N F O R M A T I O N                      |
     |                                                                                                       |
     | INITIAL CROSS SECTION DATA                                                                            |
     | Collapsed library timestamp: 14:01:58 20 February 2018                                                |
     | EAF source library label:                                                                             |
     | FLUX file label:             FBR-Na End of Cycle heavy fuel s                                         |
     |                                                                                                       |
     | DECAY DATA                                                                                            |
     | Condensed library timestamp: 14:02:00 20 February 2018                                                |
     | EAF source library label:    Decay input from separate files                                          |
     |                                                                                                       |
     | THIS RUN                                                                                              |
     | timestamp:                   14:02:09 20 February 2018                                                |
     | fileroot :                   simple_case                                                              |
     | name of FILES file:          files                                                                    |
     | FISPACT title:               * Fe simulation                                                          |
     |                                                                                                       |
     | See the simple_case.log file                                                                          |
     | and summary details at the end of this file for further information on files used by this run         |
     |                                                                                                       |
     =========================================================================================================






                                   -------------------------------------------------------------------------------
                                   | NB: IN FOLLOWING TABLES                                                     |
                                   |                         ? MEANS CONVERGENCE NOT REACHED FOR NUCLIDE         |
                                   |                         & MEANS GAMMA SPECTRUM IS APPROXIMATELY CALCULATED  |
                                   |                         # MEANS NUCLIDE IS STABLE                           |
                                   |                         > MEANS NUCLIDE WAS PRESENT BEFORE IRRADIATION      |
                                   -------------------------------------------------------------------------------
                                   |                                                                             |
                                   |                                                                             |
                                   V                                                                             V
1 * * * TIME INTERVAL   1 * * * * * * * TIME IS   0.0000E+00 SECS * * * ELAPSED TIME IS   0.000ps   * * * FLUX AMP IS  1.0000E+10 /cm^2/s  * * * * * * * * * * * * * *
  NUCLIDE        ATOMS         GRAMS        Bq       b-Energy    a-Energy   g-Energy    DOSE RATE                                                            
                                                        kW          kW         kW         Sv/hr                                                              

  U 235     > 1.00000E+24   3.903E+02   3.121E+07   2.534E-10   2.23E-08   8.181E-10   4.517E-05                                                            
  U 238     > 1.00000E+24   3.953E+02   4.916E+06   8.040E-12   3.35E-09   8.665E-13   8.304E-08                                                            
0  TOTAL NUMBER OF NUCLIDES PRINTED IN INVENTORY =    2
0  TOTAL CURIES   TOTAL ALPHA   TOTAL BETA    TOTAL GAMMA
                  CURIE-MeV     CURIE-MeV     CURIE-MeV
   9.76340E-04   4.33162E-03   4.40966E-05   1.38152E-04
0  ALPHA BECQUERELS = 3.612458E+07  BETA BECQUERELS = 0.000000E+00  GAMMA BECQUERELS = 0.000000E+00
0  TOTAL ACTIVITY FOR ALL MATERIALS     3.61246E+07 Bq
                                        1.24281E-06 Ci/cc           DENSITY   1.00E+00 gm/cc
   TOTAL ACTIVITY EXCLUDING TRITIUM     3.61246E+07 Bq
                                        1.24281E-06 Ci/cc
0  TOTAL ALPHA HEAT PRODUCTION          2.56781E-08 kW
   TOTAL BETA  HEAT PRODUCTION          2.61407E-10 kW
   TOTAL GAMMA HEAT PRODUCTION          8.18972E-10 kW              TOTAL HEAT PRODUCTION 2.67585E-08 kW
0  INITIAL TOTAL MASS OF MATERIAL       7.85593E-01 kg              TOTAL HEAT EX TRITIUM 2.67585E-08 kW
0  TOTAL MASS OF MATERIAL               7.85593E-01 kg
   ALPHA    FLUX DURING INTERVAL        1.00000E+10 a/cm^2/s
0  NUMBER OF FISSIONS                   0.00000E+00                 BURN-UP OF ACTINIDES  0.00000E+00 %
0  GAS   RATE (a decay) =  3.61246E+07 atoms per sec =  1.80623E-11 appm/sec



                                               COMPOSITION  OF  MATERIAL  BY  ELEMENT
                                               --------------------------------------
0                                                             BETA                     GAMMA                     ALPHA
                      ATOMS      GRAM-ATOMS     GRAMS      CURIES-MeV      kW        CURIES-MeV      kW        CURIES-MeV      kW

   92       U       2.0000E+24   3.3211E+00   7.8559E+02   4.4097E-05   2.6141E-10   1.3815E-04   8.1897E-10   4.3316E-03   2.5678E-08
1 * * * TIME INTERVAL   2 * * * * * * * TIME IS   2.5200E+04 SECS OR  7.0000E+00 HOURS * * * ELAPSED TIME IS   7.000 h   * * * FLUX AMP IS  1.0000E+10 /cm^2/s  * * *
  NUCLIDE        ATOMS         GRAMS        Bq       b-Energy    a-Energy   g-Energy    DOSE RATE                                                            
                                                        kW          kW         kW         Sv/hr                                                              

  He  4    #  9.10339E+11   6.051E-12   0.000E+00   0.000E+00   0.00E+00   0.000E+00   0.000E+00                                                            
  Ac227       4.15883E+02   1.568E-19   4.195E-07   9.956E-25   4.66E-24   3.780E-26   3.766E-21                                                            
  Th231       7.16371E+11   2.748E-10   5.405E+06   1.428E-10   0.00E+00   2.235E-11   1.390E-06                                                            
  Th234       1.23367E+11   4.795E-11   4.108E+04   3.986E-13   0.00E+00   5.793E-14   2.523E-09                                                            
  Pa231       7.00830E+10   2.689E-11   4.699E-02   3.937E-19   3.81E-17   2.915E-19   7.090E-14                                                            
  Pa234       6.12738E+05   2.381E-16   1.740E+01   1.076E-15   0.00E+00   3.999E-15   5.136E-09                                                            
  Pa234m      4.14421E+06   1.611E-15   4.092E+04   5.353E-12   0.00E+00   1.294E-13   1.716E-07                                                            
  U 234       5.13566E+08   1.996E-13   4.591E-05   1.040E-22   3.56E-20   1.067E-23   1.013E-18                                                            
  U 235     > 1.00000E+24   3.903E+02   3.121E+07   2.534E-10   2.23E-08   8.181E-10   4.517E-05                                                            
  U 238     > 1.00000E+24   3.953E+02   4.916E+06   8.040E-12   3.35E-09   8.665E-13   8.304E-08                                                            
0  TOTAL NUMBER OF NUCLIDES PRINTED IN INVENTORY =   10
0  TOTAL CURIES   TOTAL ALPHA   TOTAL BETA    TOTAL GAMMA
                  CURIE-MeV     CURIE-MeV     CURIE-MeV
   1.12463E-03   4.33162E-03   6.91612E-05   1.41955E-04
0  ALPHA BECQUERELS = 3.612458E+07  BETA BECQUERELS = 5.486770E+06  GAMMA BECQUERELS = 6.137929E+01
0  TOTAL ACTIVITY FOR ALL MATERIALS     4.16114E+07 Bq
                                        1.43157E-06 Ci/cc           DENSITY   1.00E+00 gm/cc
   TOTAL ACTIVITY EXCLUDING TRITIUM     4.16114E+07 Bq
                                        1.43157E-06 Ci/cc
0  TOTAL ALPHA HEAT PRODUCTION          2.56781E-08 kW
   TOTAL BETA  HEAT PRODUCTION          4.09991E-10 kW
   TOTAL GAMMA HEAT PRODUCTION          8.41517E-10 kW              TOTAL HEAT PRODUCTION 2.69296E-08 kW
0  INITIAL TOTAL MASS OF MATERIAL       7.85593E-01 kg              TOTAL HEAT EX TRITIUM 2.69296E-08 kW
0  TOTAL MASS OF MATERIAL               7.85593E-01 kg
   ALPHA    FLUX DURING INTERVAL        1.00000E+10 a/cm^2/s
0  NUMBER OF FISSIONS                   0.00000E+00                 BURN-UP OF ACTINIDES  0.00000E+00 %
0  GAS   RATE (a decay) =  3.61246E+07 atoms per sec =  1.80623E-11 appm/sec
0  APPM OF He  4    =  4.5517E-07



                                               COMPOSITION  OF  MATERIAL  BY  ELEMENT
                                               --------------------------------------
0                                                             BETA                     GAMMA                     ALPHA
                      ATOMS      GRAM-ATOMS     GRAMS      CURIES-MeV      kW        CURIES-MeV      kW        CURIES-MeV      kW

    2       He      9.1034E+11   1.5117E-12   6.0506E-12   0.0000E+00   0.0000E+00   0.0000E+00   0.0000E+00   0.0000E+00   0.0000E+00
   89       Ac      4.1588E+02   6.9059E-22   1.5678E-19   1.6795E-19   9.9562E-25   6.3766E-21   3.7801E-26   7.8616E-19   4.6604E-24
   90       Th      8.3974E+11   1.3944E-12   3.2278E-10   2.4161E-05   1.4323E-10   3.7807E-06   2.2412E-11   0.0000E+00   0.0000E+00
   91       Pa      7.0088E+10   1.1638E-13   2.6889E-11   9.0318E-07   5.3541E-12   2.2505E-08   1.3341E-13   6.4276E-12   3.8103E-17
   92       U       2.0000E+24   3.3211E+00   7.8559E+02   4.4097E-05   2.6141E-10   1.3815E-04   8.1897E-10   4.3316E-03   2.5678E-08



                                               GAMMA SPECTRUM AND ENERGIES/SECOND
                                               ----------------------------------

     NEUTRONS PER SECOND ARISING FROM SPONTANEOUS FISSION                    5.37256E+00    Entered density (g/cc)       1.00
     POWER FROM ALPHA PARTICLES (MeV per Second)                             1.60270E+08
     POWER FROM BETA  PARTICLES (MeV per Second)                             2.55896E+06
     TOTAL GAMMA POWER FROM ACTIVATION  (MeV per Second)                     5.25234E+06    Total gammas (per cc per second)      6.21375E+04
     GAMMA RAY POWER FROM ACTIVATION DECAY  MeV/s    (  0.000-  0.010 MeV)   1.40432E+04    Gammas per group (per cc per second)  3.57518E+03
                                                     (  0.010-  0.020 MeV)   1.59541E+05                                          1.35389E+04
                                                     (  0.020-  0.050 MeV)   2.17667E+04                                          7.91640E+02
                                                     (  0.050-  0.100 MeV)   3.31403E+05                                          5.62467E+03
                                                     (  0.100-  0.200 MeV)   4.29118E+06                                          3.64156E+04
                                                     (  0.200-  0.300 MeV)   4.22263E+05                                          2.15004E+03
                                                     (  0.300-  0.400 MeV)   1.07474E+04                                          3.90875E+01
                                                     (  0.400-  0.600 MeV)   6.04202E+02                                          1.53821E+00
                                                     (  0.600-  0.800 MeV)   1.64557E+02                                          2.99240E-01
                                                     (  0.800-  1.000 MeV)   4.24753E+01                                          6.00753E-02
                                                     (  1.000-  1.220 MeV)   3.55912E+02                                          4.08152E-01
                                                     (  1.220-  1.440 MeV)   1.34519E+01                                          1.28747E-02
                                                     (  1.440-  1.660 MeV)   2.14583E+01                                          1.76225E-02
                                                     (  1.660-  2.000 MeV)   6.62779E+01                                          4.61020E-02
                                                     (  2.000-  2.500 MeV)   1.17537E-03                                          6.64960E-07
                                                     (  2.500-  3.000 MeV)   0.00000E+00                                          0.00000E+00
                                                     (  3.000-  4.000 MeV)   0.00000E+00                                          0.00000E+00
                                                     (  4.000-  5.000 MeV)   0.00000E+00                                          0.00000E+00
                                                     (  5.000-  6.500 MeV)   0.00000E+00                                          0.00000E+00
                                                     (  6.500-  8.000 MeV)   0.00000E+00                                          0.00000E+00
                                                     (  8.000- 10.000 MeV)   0.00000E+00                                          0.00000E+00
                                                     ( 10.000- 12.000 MeV)   0.00000E+00                                          0.00000E+00
                                                     ( 12.000- 14.000 MeV)   0.00000E+00                                          0.00000E+00
                                                     ( 14.000- 20.000 MeV)   0.00000E+00                                          0.00000E+00

    DOSE RATE (PLANE SOURCE) FROM GAMMAS WITH ENERGY 0-20 MeV IS            4.68220E-05 Sieverts/hour   ( 4.68220E-03 Rems/hour)




                                               DOMINANT NUCLIDES
                                               -----------------

      NUCLIDE   ACTIVITY    PERCENT  NUCLIDE     HEAT      PERCENT  NUCLIDE  DOSE RATE    PERCENT 
                  (Bq)      ACTIVITY             (kW)       HEAT              (Sv/hr)    DOSE RATE
       Total   4.1611E+07             Total   2.6930E-08             Total   4.6822E-05
    1  U 235   3.1209E+07  75.00E+00  U 235   2.3395E-08  86.88E+00  U 235   4.5170E-05  96.47E+00
    2  Th231   5.4048E+06  12.99E+00  U 238   3.3633E-09  12.49E+00  Th231   1.3898E-06  29.68E-01
    3  U 238   4.9161E+06  11.81E+00  Th231   1.6519E-10  61.34E-02  Pa234m  1.7156E-07  36.64E-02
    4  Th234   4.1084E+04  98.73E-03  Pa234m  5.4824E-12  20.36E-03  U 238   8.3040E-08  17.74E-02
    5  Pa234m  4.0920E+04  98.34E-03  Th234   4.5653E-13  16.95E-04  Pa234   5.1364E-09  10.97E-03
    6  Pa234   1.7401E+01  41.82E-06  Pa234   5.0754E-15  18.85E-06  Th234   2.5227E-09  53.88E-04
    7  Pa231   4.6988E-02  11.29E-08  Pa231   3.8789E-17  14.40E-08  Pa231   7.0901E-14  15.14E-08
    8  U 234   4.5911E-05  11.03E-11  U 234   3.5731E-20  13.27E-11  U 234   1.0131E-18  21.64E-13
    9  Ac227   4.1954E-07  10.08E-13  Ac227   5.6938E-24  21.14E-15  Ac227   3.7660E-21  80.43E-16

      NUCLIDE  GAMMA HEAT   PERCENT  NUCLIDE   BETA HEAT   PERCENT 
                  (kW)       GAMMA               (kW)       BETA
       Total   8.4152E-10             Total   4.0999E-10
    1  U 235   8.1811E-10  97.22E+00  U 235   2.5337E-10  61.80E+00
    2  Th231   2.2354E-11  26.56E-01  Th231   1.4283E-10  34.84E+00
    3  U 238   8.6654E-13  10.30E-02  U 238   8.0405E-12  19.61E-01
    4  Pa234m  1.2941E-13  15.38E-03  Pa234m  5.3530E-12  13.06E-01
    5  Th234   5.7934E-14  68.84E-04  Th234   3.9860E-13  97.22E-03
    6  Pa234   3.9995E-15  47.53E-05  Pa234   1.0759E-15  26.24E-05
    7  Pa231   2.9154E-19  34.65E-09  Pa231   3.9371E-19  96.03E-09
    8  U 234   1.0667E-23  12.68E-13  U 234   1.0404E-22  25.38E-12
    9  Ac227   3.7801E-26  44.92E-16  Ac227   9.9562E-25  24.28E-14
1                                                            Summary Output

0           Time       Cumulative   Activity               Dose rate             Heat output           Ingestion dose        Inhalation dose        Tritium activity
           (step)       (Years)      (Bq)                   (Sv/h)                (kW)                    (Sv)                   (Sv)                  (Bq)
 -----Irradiation Phase-----
 Irradn     7.000 h     7.99E-04   4.16E+07               4.68E-05               2.69E-08               0.00E+00               0.00E+00               0.00E+00
0 Mass of material input =  7.8559E-01 kg.    Material density =  1.00 g/cc

  Total irradiation time =  2.520000E+04 s
  Total fluence          =  2.520000E+14 a/cm2
  Mean flux              =  1.000000E+10 a/cm2/s
  Number of on-times     =    1

fispact run time=                  0.36000     secs


 ------------------------------------------------------------------
 Files that have been opened during this run.
 ------------------------------------------------------------------
 The numbers after the unit names are the internal unit numbers.

 input( 5)       simple_case.i
 collapxi(12)    COLLAPX
 arrayx(13)      ARRAYX
 ind_nuc(18)     /nuclear_data//TENDL2017data/tendl17_decay12_index
 output(38)      simple_case.out
 absorp(39)      /nuclear_data//decay/abs_2012
 runlog(48)      simple_case.log
 enbins(57)      /nuclear_data//ebins/ebins_162
 ------------------------------------------------------------------



     Run timestamp:14:02:09 20 February 2018       

     Current time: 14:02:09 20 February 2018       
