



     ==============================================================================
     |                                                                            |
     |                                                                            |
     |             _____ ___ ____  ____   _    ____ _____    ___ ___              |
     |            |  ___|_ _/ ___||  _ \ / \  / ___|_   _|  |_ _|_ _|             |
     |            | |_   | |\___ \| |_) / _ \| |     | |_____| | | |              |
     |            |  _|  | | ___) |  __/ ___ \ |___  | |_____| | | |              |
     |            |_|   |___|____/|_| /_/   \_\____| |_|    |___|___|             |
     |                                                                            |
     |                            F I S P A C T - I I                             |
     |                            -------------------                             |
     |                                                                            |
     |                  Transmutation-Activation Inventory Code                   |
     |                   United Kingdom Atomic Energy Authority                   |
     |                                                                            |
     |                         Release 5.0 May 2021                               |
     |             Copyright (c) 2009-21, UK Atomic Energy Authority              |
     |                                                                            |
     ==============================================================================



1




     =========================================================================================================
     |                                                                                                       |
     |                      R U N   I D E N T I F I C A T I O N   I N F O R M A T I O N                      |
     |                                                                                                       |
     | INITIAL CROSS SECTION DATA                                                                            |
     | Collapsed library timestamp: 16:17:29 19 March 2021                                                   |
     | EAF source library label:                                                                             |
     | FLUX file label:             EEF FW NORM. 1MW M2 VIT-J TOT=4.                                         |
     |                                                                                                       |
     | DECAY DATA                                                                                            |
     | Condensed library timestamp: 16:17:29 19 March 2021                                                   |
     | EAF source library label:                                                                             |
     |                                                                                                       |
     | THIS RUN                                                                                              |
     | timestamp:                   16:17:29 19 March 2021                                                   |
     | fileroot :                   extractxs_endf                                                           |
     | name of FILES file:          files                                                                    |
     | FISPACT title:               * extractxs test ENDF                                                    |
     |                                                                                                       |
     | See the extractxs_endf.log file                                                                       |
     | and summary details at the end of this file for further information on files used by this run         |
     |                                                                                                       |
     =========================================================================================================


fispact run time=                  0.92188     secs


 ------------------------------------------------------------------
 Files that have been opened during this run.
 ------------------------------------------------------------------
 The numbers after the unit names are the internal unit numbers.

 output(38)      extractxs_endf.out
 runlog(48)      extractxs_endf.log
 ------------------------------------------------------------------



     Run timestamp:16:17:29 19 March 2021          

     Current time: 16:17:30 19 March 2021          
