



     ==============================================================================
     |                                                                            |
     |                                                                            |
     |             _____ ___ ____  ____   _    ____ _____    ___ ___              |
     |            |  ___|_ _/ ___||  _ \ / \  / ___|_   _|  |_ _|_ _|             |
     |            | |_   | |\___ \| |_) / _ \| |     | |_____| | | |              |
     |            |  _|  | | ___) |  __/ ___ \ |___  | |_____| | | |              |
     |            |_|   |___|____/|_| /_/   \_\____| |_|    |___|___|             |
     |                                                                            |
     |                            F I S P A C T - I I                             |
     |                            -------------------                             |
     |                                                                            |
     |                  Transmutation-Activation Inventory Code                   |
     |                   United Kingdom Atomic Energy Authority                   |
     |                                                                            |
     |                         Release 5.0 May 2021                               |
     |             Copyright (c) 2009-21, UK Atomic Energy Authority              |
     |                                                                            |
     ==============================================================================



1




     =========================================================================================================
     |                                                                                                       |
     |                      R U N   I D E N T I F I C A T I O N   I N F O R M A T I O N                      |
     |                                                                                                       |
     | INITIAL CROSS SECTION DATA                                                                            |
     | Collapsed library timestamp: 13:07:02 29 January 2018                                                 |
     | EAF source library label:    EAF-2010 172Gp THE EUROPEAN ACTI                                         |
     | FLUX file label:             PQY PALUEL 14000 MWD/Te XMAS TOT                                         |
     |                                                                                                       |
     | DECAY DATA                                                                                            |
     | Condensed library timestamp:                                                                          |
     | EAF source library label:                                                                             |
     |                                                                                                       |
     | THIS RUN                                                                                              |
     | timestamp:                   13:07:02 29 January 2018                                                 |
     | fileroot :                   collapse                                                                 |
     | name of FILES file:          files                                                                    |
     | FISPACT title:               * COLLAPSE 172FIS_99 WITH PWR PALUEL                                     |
     |                                                                                                       |
     | See the collapse.log file                                                                             |
     | and summary details at the end of this file for further information on files used by this run         |
     |                                                                                                       |
     =========================================================================================================


  CONVERSION OF ARBITRARY FLUX INTO STANDARD GROUP STRUCTURE

  Number of input arbitrary energy groups  =   99
  Number of output standard energy groups  =  172

 Fraction 1.0000 of input group   1 included in output group   6
 Fraction 0.0000 of input group   1 included in output group   7
 Fraction 1.0000 of input group   2 included in output group   7
 Fraction 0.5000 of input group   3 included in output group   8
 Fraction 0.5000 of input group   3 included in output group   9
 Fraction 0.0000 of input group   3 included in output group  10
 Fraction 1.0000 of input group   4 included in output group  10
 Fraction 0.0000 of input group   5 included in output group  10
 Fraction 1.0000 of input group   5 included in output group  11
 Fraction 0.0000 of input group   6 included in output group  11
 Fraction 0.9999 of input group   6 included in output group  12
 Fraction 0.0001 of input group   6 included in output group  13
 Fraction 1.0000 of input group   7 included in output group  13
 Fraction 0.0001 of input group   8 included in output group  13
 Fraction 0.5000 of input group   8 included in output group  14
 Fraction 0.4999 of input group   8 included in output group  15
 Fraction 0.0001 of input group   9 included in output group  15
 Fraction 0.9999 of input group   9 included in output group  16
 Fraction 0.0000 of input group  10 included in output group  16
 Fraction 1.0000 of input group  10 included in output group  17
 Fraction 0.0002 of input group  11 included in output group  17
 Fraction 0.4998 of input group  11 included in output group  18
 Fraction 0.4998 of input group  11 included in output group  19
 Fraction 0.0001 of input group  11 included in output group  20
 Fraction 0.4999 of input group  12 included in output group  20
 Fraction 0.5001 of input group  12 included in output group  21
 Fraction 0.2500 of input group  13 included in output group  22
 Fraction 0.7500 of input group  13 included in output group  23
 Fraction 0.0000 of input group  13 included in output group  24
 Fraction 0.2500 of input group  14 included in output group  24
 Fraction 0.2500 of input group  14 included in output group  25
 Fraction 0.2500 of input group  14 included in output group  26
 Fraction 0.2500 of input group  14 included in output group  27
 Fraction 0.0000 of input group  14 included in output group  28
 Fraction 0.7500 of input group  15 included in output group  28
 Fraction 0.2500 of input group  15 included in output group  29
 Fraction 0.0000 of input group  16 included in output group  29
 Fraction 0.2500 of input group  16 included in output group  30
 Fraction 0.7500 of input group  16 included in output group  31
 Fraction 0.0001 of input group  17 included in output group  31
 Fraction 0.9999 of input group  17 included in output group  32
 Fraction 0.0001 of input group  17 included in output group  33
 Fraction 0.2500 of input group  18 included in output group  33
 Fraction 0.7500 of input group  18 included in output group  34
 Fraction 0.0000 of input group  19 included in output group  34
 Fraction 0.5000 of input group  19 included in output group  35
 Fraction 0.5000 of input group  19 included in output group  36
 Fraction 0.0000 of input group  20 included in output group  36
 Fraction 0.7500 of input group  20 included in output group  37
 Fraction 0.2500 of input group  20 included in output group  38
 Fraction 0.0000 of input group  21 included in output group  38
 Fraction 0.5833 of input group  21 included in output group  39
 Fraction 0.1667 of input group  21 included in output group  40
 Fraction 0.2500 of input group  21 included in output group  41
 Fraction 0.0001 of input group  22 included in output group  41
 Fraction 0.9999 of input group  22 included in output group  42
 Fraction 0.0001 of input group  23 included in output group  42
 Fraction 0.2500 of input group  23 included in output group  43
 Fraction 0.7499 of input group  23 included in output group  44
 Fraction 0.0000 of input group  24 included in output group  44
 Fraction 0.5000 of input group  24 included in output group  45
 Fraction 0.5000 of input group  24 included in output group  46
 Fraction 0.0000 of input group  25 included in output group  46
 Fraction 0.7500 of input group  25 included in output group  47
 Fraction 0.2500 of input group  25 included in output group  48
 Fraction 0.0000 of input group  25 included in output group  49
 Fraction 0.8750 of input group  26 included in output group  49
 Fraction 0.1250 of input group  26 included in output group  50
 Fraction 0.0000 of input group  26 included in output group  51
 Fraction 1.0000 of input group  27 included in output group  51
 Fraction 0.0000 of input group  28 included in output group  51
 Fraction 0.2500 of input group  28 included in output group  52
 Fraction 0.7499 of input group  28 included in output group  53
 Fraction 0.0000 of input group  28 included in output group  54
 Fraction 0.1250 of input group  29 included in output group  54
 Fraction 0.3750 of input group  29 included in output group  55
 Fraction 0.5000 of input group  29 included in output group  56
 Fraction 0.0000 of input group  30 included in output group  56
 Fraction 0.2500 of input group  30 included in output group  57
 Fraction 0.5000 of input group  30 included in output group  58
 Fraction 0.2500 of input group  30 included in output group  59
 Fraction 0.0000 of input group  31 included in output group  59
 Fraction 1.0000 of input group  31 included in output group  60
 Fraction 0.0000 of input group  32 included in output group  60
 Fraction 0.5000 of input group  32 included in output group  61
 Fraction 0.5000 of input group  32 included in output group  62
 Fraction 0.0000 of input group  32 included in output group  63
 Fraction 1.0000 of input group  33 included in output group  63
 Fraction 0.0001 of input group  34 included in output group  63
 Fraction 0.7916 of input group  34 included in output group  64
 Fraction 0.2083 of input group  34 included in output group  65
 Fraction 0.0000 of input group  34 included in output group  66
 Fraction 1.0000 of input group  35 included in output group  66
 Fraction 0.0000 of input group  36 included in output group  66
 Fraction 0.6389 of input group  36 included in output group  67
 Fraction 0.3611 of input group  36 included in output group  68
 Fraction 0.0000 of input group  36 included in output group  69
 Fraction 1.0000 of input group  37 included in output group  69
 Fraction 0.0000 of input group  37 included in output group  70
 Fraction 0.3750 of input group  38 included in output group  70
 Fraction 0.3333 of input group  38 included in output group  71
 Fraction 0.2917 of input group  38 included in output group  72
 Fraction 0.0000 of input group  38 included in output group  73
 Fraction 0.6250 of input group  39 included in output group  73
 Fraction 0.3750 of input group  39 included in output group  74
 Fraction 0.0001 of input group  40 included in output group  74
 Fraction 0.5000 of input group  40 included in output group  75
 Fraction 0.4999 of input group  40 included in output group  76
 Fraction 0.0000 of input group  40 included in output group  77
 Fraction 0.5000 of input group  41 included in output group  77
 Fraction 0.5000 of input group  41 included in output group  78
 Fraction 0.0001 of input group  42 included in output group  78
 Fraction 0.4999 of input group  42 included in output group  79
 Fraction 0.5000 of input group  42 included in output group  80
 Fraction 0.2500 of input group  43 included in output group  80
 Fraction 0.7500 of input group  43 included in output group  81
 Fraction 0.2500 of input group  44 included in output group  81
 Fraction 0.7500 of input group  44 included in output group  82
 Fraction 0.0001 of input group  45 included in output group  82
 Fraction 0.9996 of input group  45 included in output group  83
 Fraction 0.0002 of input group  45 included in output group  84
 Fraction 0.6249 of input group  46 included in output group  84
 Fraction 0.3751 of input group  46 included in output group  85
 Fraction 0.0000 of input group  46 included in output group  86
 Fraction 0.5000 of input group  47 included in output group  86
 Fraction 0.5000 of input group  47 included in output group  87
 Fraction 0.0000 of input group  48 included in output group  87
 Fraction 1.0000 of input group  48 included in output group  88
 Fraction 0.0000 of input group  48 included in output group  89
 Fraction 0.7083 of input group  49 included in output group  89
 Fraction 0.2917 of input group  49 included in output group  90
 Fraction 0.0000 of input group  50 included in output group  90
 Fraction 1.0000 of input group  50 included in output group  91
 Fraction 0.0001 of input group  51 included in output group  91
 Fraction 0.1590 of input group  51 included in output group  92
 Fraction 0.8409 of input group  51 included in output group  93
 Fraction 0.0001 of input group  51 included in output group  94
 Fraction 0.1208 of input group  52 included in output group  94
 Fraction 0.8792 of input group  52 included in output group  95
 Fraction 0.0000 of input group  52 included in output group  96
 Fraction 0.1095 of input group  53 included in output group  96
 Fraction 0.2830 of input group  53 included in output group  97
 Fraction 0.1218 of input group  53 included in output group  98
 Fraction 0.4857 of input group  53 included in output group  99
 Fraction 0.0000 of input group  54 included in output group  99
 Fraction 1.0000 of input group  54 included in output group 100
 Fraction 0.0000 of input group  54 included in output group 101
 Fraction 0.2675 of input group  55 included in output group 101
 Fraction 0.7325 of input group  55 included in output group 102
 Fraction 0.0000 of input group  56 included in output group 102
 Fraction 1.0000 of input group  56 included in output group 103
 Fraction 0.0000 of input group  57 included in output group 103
 Fraction 1.0000 of input group  57 included in output group 104
 Fraction 0.0000 of input group  57 included in output group 105
 Fraction 1.0000 of input group  58 included in output group 105
 Fraction 0.0000 of input group  59 included in output group 105
 Fraction 1.0000 of input group  59 included in output group 106
 Fraction 0.0000 of input group  60 included in output group 106
 Fraction 1.0000 of input group  60 included in output group 107
 Fraction 0.0000 of input group  60 included in output group 108
 Fraction 1.0000 of input group  61 included in output group 108
 Fraction 0.1400 of input group  62 included in output group 108
 Fraction 0.3541 of input group  62 included in output group 109
 Fraction 0.4332 of input group  62 included in output group 110
 Fraction 0.0727 of input group  62 included in output group 111
 Fraction 1.0000 of input group  63 included in output group 111
 Fraction 0.0000 of input group  63 included in output group 112
 Fraction 0.4939 of input group  64 included in output group 112
 Fraction 0.5061 of input group  64 included in output group 113
 Fraction 0.0696 of input group  65 included in output group 113
 Fraction 0.9304 of input group  65 included in output group 114
 Fraction 0.0000 of input group  65 included in output group 115
 Fraction 1.0000 of input group  66 included in output group 115
 Fraction 0.0000 of input group  67 included in output group 115
 Fraction 0.3275 of input group  67 included in output group 116
 Fraction 0.4116 of input group  67 included in output group 117
 Fraction 0.2609 of input group  67 included in output group 118
 Fraction 0.0000 of input group  67 included in output group 119
 Fraction 0.3210 of input group  68 included in output group 119
 Fraction 0.6536 of input group  68 included in output group 120
 Fraction 0.0255 of input group  68 included in output group 121
 Fraction 0.7109 of input group  69 included in output group 121
 Fraction 0.2891 of input group  69 included in output group 122
 Fraction 0.0000 of input group  70 included in output group 122
 Fraction 0.3011 of input group  70 included in output group 123
 Fraction 0.4910 of input group  70 included in output group 124
 Fraction 0.2079 of input group  70 included in output group 125
 Fraction 0.0002 of input group  71 included in output group 125
 Fraction 0.2446 of input group  71 included in output group 126
 Fraction 0.3915 of input group  71 included in output group 127
 Fraction 0.3637 of input group  71 included in output group 128
 Fraction 0.0001 of input group  72 included in output group 128
 Fraction 0.2778 of input group  72 included in output group 129
 Fraction 0.7220 of input group  72 included in output group 130
 Fraction 0.0001 of input group  73 included in output group 130
 Fraction 0.1378 of input group  73 included in output group 131
 Fraction 0.8621 of input group  73 included in output group 132
 Fraction 0.0001 of input group  74 included in output group 132
 Fraction 0.1119 of input group  74 included in output group 133
 Fraction 0.8880 of input group  74 included in output group 134
 Fraction 0.0000 of input group  75 included in output group 134
 Fraction 1.0000 of input group  75 included in output group 135
 Fraction 0.0001 of input group  76 included in output group 135
 Fraction 0.9999 of input group  76 included in output group 136
 Fraction 0.0002 of input group  77 included in output group 136
 Fraction 0.7165 of input group  77 included in output group 137
 Fraction 0.2834 of input group  77 included in output group 138
 Fraction 0.0002 of input group  78 included in output group 138
 Fraction 0.9998 of input group  78 included in output group 139
 Fraction 0.0000 of input group  79 included in output group 139
 Fraction 0.7772 of input group  79 included in output group 140
 Fraction 0.2228 of input group  79 included in output group 141
 Fraction 0.0002 of input group  80 included in output group 141
 Fraction 0.9998 of input group  80 included in output group 142
 Fraction 0.0506 of input group  81 included in output group 142
 Fraction 0.7955 of input group  81 included in output group 143
 Fraction 0.1539 of input group  81 included in output group 144
 Fraction 0.0000 of input group  81 included in output group 145
 Fraction 0.4399 of input group  82 included in output group 145
 Fraction 0.5601 of input group  82 included in output group 146
 Fraction 0.0682 of input group  83 included in output group 146
 Fraction 0.9318 of input group  83 included in output group 147
 Fraction 0.0000 of input group  84 included in output group 147
 Fraction 1.0000 of input group  84 included in output group 148
 Fraction 0.0000 of input group  85 included in output group 148
 Fraction 1.0000 of input group  85 included in output group 149
 Fraction 0.0000 of input group  86 included in output group 149
 Fraction 0.2929 of input group  86 included in output group 150
 Fraction 0.7071 of input group  86 included in output group 151
 Fraction 0.0000 of input group  87 included in output group 151
 Fraction 0.7530 of input group  87 included in output group 152
 Fraction 0.2470 of input group  87 included in output group 153
 Fraction 0.0000 of input group  87 included in output group 154
 Fraction 1.0000 of input group  88 included in output group 154
 Fraction 0.0000 of input group  88 included in output group 155
 Fraction 0.7315 of input group  89 included in output group 155
 Fraction 0.2685 of input group  89 included in output group 156
 Fraction 0.0000 of input group  90 included in output group 156
 Fraction 0.8181 of input group  90 included in output group 157
 Fraction 0.1819 of input group  90 included in output group 158
 Fraction 0.0000 of input group  91 included in output group 158
 Fraction 0.5225 of input group  91 included in output group 159
 Fraction 0.4775 of input group  91 included in output group 160
 Fraction 0.0541 of input group  92 included in output group 160
 Fraction 0.4692 of input group  92 included in output group 161
 Fraction 0.4768 of input group  92 included in output group 162
 Fraction 0.0654 of input group  93 included in output group 162
 Fraction 0.5064 of input group  93 included in output group 163
 Fraction 0.4282 of input group  93 included in output group 164
 Fraction 0.0000 of input group  94 included in output group 164
 Fraction 0.4497 of input group  94 included in output group 165
 Fraction 0.5503 of input group  94 included in output group 166
 Fraction 0.0000 of input group  95 included in output group 166
 Fraction 1.0000 of input group  95 included in output group 167
 Fraction 0.0000 of input group  96 included in output group 167
 Fraction 1.0000 of input group  96 included in output group 168
 Fraction 0.0000 of input group  97 included in output group 168
 Fraction 0.6207 of input group  97 included in output group 169
 Fraction 0.3793 of input group  97 included in output group 170
 Fraction 0.1573 of input group  98 included in output group 170
 Fraction 0.8427 of input group  98 included in output group 171
 Fraction 0.0000 of input group  98 included in output group 172
 Fraction 1.0000 of input group  99 included in output group 172
1   INPUT GROUP STRUCTURE AND DATA

  GROUP      UPPER       LOWER         LETHARGY         DATA        DATA/LETHARGY

     1     1.0000E+07  8.1873E+06     2.0000E-01     1.2073E-03     6.0363E-03
     2     8.1873E+06  6.7032E+06     2.0000E-01     3.2270E-03     1.6135E-02
     3     6.7032E+06  5.4881E+06     2.0000E-01     6.6632E-03     3.3315E-02
     4     5.4881E+06  4.4933E+06     1.9999E-01     1.0787E-02     5.3935E-02
     5     4.4933E+06  3.6788E+06     2.0000E-01     1.3486E-02     6.7429E-02
     6     3.6788E+06  3.0119E+06     2.0002E-01     1.7471E-02     8.7349E-02
     7     3.0119E+06  2.4660E+06     1.9997E-01     2.5037E-02     1.2520E-01
     8     2.4660E+06  2.0190E+06     2.0000E-01     2.5107E-02     1.2554E-01
     9     2.0190E+06  1.6530E+06     2.0001E-01     2.1610E-02     1.0805E-01
    10     1.6530E+06  1.3534E+06     1.9997E-01     2.3193E-02     1.1598E-01
    11     1.3534E+06  1.1080E+06     2.0006E-01     2.0485E-02     1.0239E-01
    12     1.1080E+06  9.0718E+05     1.9997E-01     1.9482E-02     9.7425E-02
    13     9.0718E+05  6.0810E+05     4.0000E-01     4.9056E-02     1.2264E-01
    14     6.0810E+05  4.0762E+05     4.0000E-01     3.4376E-02     8.5939E-02
    15     4.0762E+05  2.7324E+05     3.9998E-01     3.1787E-02     7.9470E-02
    16     2.7324E+05  1.8316E+05     3.9999E-01     2.5874E-02     6.4688E-02
    17     1.8316E+05  1.2277E+05     4.0005E-01     2.1219E-02     5.3042E-02
    18     1.2277E+05  8.2298E+04     3.9997E-01     1.8230E-02     4.5579E-02
    19     8.2298E+04  5.5166E+04     4.0000E-01     1.6074E-02     4.0185E-02
    20     5.5166E+04  3.6979E+04     4.0000E-01     1.4385E-02     3.5962E-02
    21     3.6979E+04  2.4788E+04     3.9999E-01     1.3149E-02     3.2873E-02
    22     2.4788E+04  1.6616E+04     3.9999E-01     1.2351E-02     3.0878E-02
    23     1.6616E+04  1.1138E+04     4.0000E-01     1.1807E-02     2.9518E-02
    24     1.1138E+04  7.4659E+03     4.0002E-01     1.1437E-02     2.8591E-02
    25     7.4659E+03  5.0045E+03     4.0001E-01     1.1211E-02     2.8027E-02
    26     5.0045E+03  3.3546E+03     4.0000E-01     1.1029E-02     2.7572E-02
    27     3.3546E+03  2.2487E+03     3.9998E-01     1.0896E-02     2.7242E-02
    28     2.2487E+03  1.5073E+03     4.0003E-01     1.0782E-02     2.6953E-02
    29     1.5073E+03  1.0104E+03     3.9997E-01     1.0637E-02     2.6593E-02
    30     1.0104E+03  6.7729E+02     4.0000E-01     1.0454E-02     2.6135E-02
    31     6.7729E+02  4.5400E+02     4.0000E-01     1.0309E-02     2.5772E-02
    32     4.5400E+02  3.0432E+02     4.0002E-01     1.0205E-02     2.5512E-02
    33     3.0432E+02  2.0400E+02     3.9996E-01     9.8268E-03     2.4570E-02
    34     2.0400E+02  1.3674E+02     4.0004E-01     9.7559E-03     2.4387E-02
    35     1.3674E+02  9.1661E+01     3.9998E-01     9.3673E-03     2.3419E-02
    36     9.1661E+01  6.7904E+01     3.0000E-01     6.9772E-03     2.3257E-02
    37     6.7904E+01  5.5595E+01     2.0000E-01     4.3745E-03     2.1872E-02
    38     5.5595E+01  4.5517E+01     2.0001E-01     4.5495E-03     2.2747E-02
    39     4.5517E+01  3.7267E+01     1.9998E-01     4.3112E-03     2.1559E-02
    40     3.7267E+01  3.0511E+01     2.0002E-01     3.9220E-03     1.9608E-02
    41     3.0511E+01  2.4981E+01     1.9997E-01     4.3474E-03     2.1740E-02
    42     2.4981E+01  2.0452E+01     2.0003E-01     3.6019E-03     1.8006E-02
    43     2.0452E+01  1.6745E+01     1.9998E-01     3.9409E-03     1.9706E-02
    44     1.6745E+01  1.3710E+01     1.9997E-01     3.9658E-03     1.9831E-02
    45     1.3710E+01  1.1224E+01     2.0007E-01     4.0026E-03     2.0006E-02
    46     1.1224E+01  9.1898E+00     1.9996E-01     4.0166E-03     2.0087E-02
    47     9.1898E+00  7.5240E+00     2.0000E-01     3.8175E-03     1.9088E-02
    48     7.5240E+00  6.1601E+00     2.0000E-01     2.6675E-03     1.3337E-02
    49     6.1601E+00  5.0435E+00     1.9999E-01     3.1870E-03     1.5935E-02
    50     5.0435E+00  4.1293E+00     1.9999E-01     3.5799E-03     1.7900E-02
    51     4.1293E+00  3.3807E+00     2.0003E-01     3.6533E-03     1.8264E-02
    52     3.3807E+00  2.7679E+00     1.9999E-01     3.6546E-03     1.8273E-02
    53     2.7679E+00  2.3600E+00     1.5943E-01     2.4938E-03     1.5642E-02
    54     2.3600E+00  2.1300E+00     1.0254E-01     2.0113E-03     1.9615E-02
    55     2.1300E+00  2.0200E+00     5.3024E-02     1.0245E-03     1.9321E-02
    56     2.0200E+00  1.9300E+00     4.5578E-02     8.9356E-04     1.9605E-02
    57     1.9300E+00  1.8400E+00     4.7754E-02     9.4719E-04     1.9835E-02
    58     1.8400E+00  1.7550E+00     4.7297E-02     9.4048E-04     1.9885E-02
    59     1.7550E+00  1.6700E+00     4.9645E-02     9.9048E-04     1.9951E-02
    60     1.6700E+00  1.5900E+00     4.9090E-02     9.8036E-04     1.9971E-02
    61     1.5900E+00  1.5100E+00     5.1624E-02     1.0332E-03     2.0014E-02
    62     1.5100E+00  1.4400E+00     4.7467E-02     9.4463E-04     1.9901E-02
    63     1.4400E+00  1.3700E+00     4.9832E-02     9.8962E-04     1.9859E-02
    64     1.3700E+00  1.3050E+00     4.8608E-02     9.5111E-04     1.9567E-02
    65     1.3050E+00  1.2350E+00     5.5132E-02     1.0582E-03     1.9194E-02
    66     1.2350E+00  1.1700E+00     5.4067E-02     1.0046E-03     1.8581E-02
    67     1.1700E+00  1.1100E+00     5.2644E-02     8.7182E-04     1.6561E-02
    68     1.1100E+00  1.0700E+00     3.6701E-02     4.6036E-04     1.2543E-02
    69     1.0700E+00  1.0350E+00     3.3257E-02     3.7782E-04     1.1361E-02
    70     1.0350E+00  9.8601E-01     4.8490E-02     6.3568E-04     1.3109E-02
    71     9.8601E-01  9.3001E-01     5.8471E-02     9.8890E-04     1.6913E-02
    72     9.3001E-01  8.6001E-01     7.8251E-02     1.4279E-03     1.8247E-02
    73     8.6001E-01  7.9001E-01     8.4898E-02     1.6005E-03     1.8852E-02
    74     7.9001E-01  7.0500E-01     1.1385E-01     2.1997E-03     1.9321E-02
    75     7.0500E-01  6.2501E-01     1.2043E-01     2.3786E-03     1.9751E-02
    76     6.2501E-01  5.4001E-01     1.4618E-01     2.9479E-03     2.0166E-02
    77     5.4001E-01  4.8501E-01     1.0742E-01     2.1931E-03     2.0416E-02
    78     4.8501E-01  4.3300E-01     1.1343E-01     2.3513E-03     2.0729E-02
    79     4.3300E-01  3.9101E-01     1.0200E-01     2.1356E-03     2.0936E-02
    80     3.9101E-01  3.5200E-01     1.0510E-01     2.1977E-03     2.0910E-02
    81     3.5200E-01  3.1450E-01     1.1265E-01     2.3169E-03     2.0568E-02
    82     3.1450E-01  2.8250E-01     1.0731E-01     2.2602E-03     2.1063E-02
    83     2.8250E-01  2.4800E-01     1.3025E-01     3.1818E-03     2.4428E-02
    84     2.4800E-01  2.2000E-01     1.1980E-01     3.5367E-03     2.9521E-02
    85     2.2000E-01  1.8900E-01     1.5188E-01     5.3173E-03     3.5010E-02
    86     1.8900E-01  1.6000E-01     1.6657E-01     6.7420E-03     4.0475E-02
    87     1.6000E-01  1.3400E-01     1.7733E-01     7.8847E-03     4.4463E-02
    88     1.3400E-01  1.1500E-01     1.5291E-01     7.0312E-03     4.5983E-02
    89     1.1500E-01  9.5000E-02     1.9106E-01     8.6221E-03     4.5129E-02
    90     9.5000E-02  7.7001E-02     2.1006E-01     8.7339E-03     4.1579E-02
    91     7.7001E-02  5.9001E-02     2.6626E-01     9.3683E-03     3.5184E-02
    92     5.9001E-02  4.3000E-02     3.1635E-01     8.3503E-03     2.6396E-02
    93     4.3000E-02  3.0000E-02     3.6000E-01     6.2288E-03     1.7302E-02
    94     3.0000E-02  2.0000E-02     4.0547E-01     3.9984E-03     9.8614E-03
    95     2.0000E-02  1.5000E-02     2.8768E-01     1.5979E-03     5.5543E-03
    96     1.5000E-02  1.0000E-02     4.0547E-01     1.2335E-03     3.0423E-03
    97     1.0000E-02  5.5001E-03     5.9782E-01     7.3594E-04     1.2310E-03
    98     5.5001E-03  3.0000E-03     6.0615E-01     2.3612E-04     3.8954E-04
    99     3.0000E-03  1.0000E-05     5.7038E+00     2.1373E-04     3.7471E-05
  TOTAL                                              7.5716E-01
1  OUTPUT GROUP STRUCTURE AND DATA

  GROUP      UPPER       LOWER         LETHARGY         DATA        DATA/LETHARGY

     1     1.9640E+07  1.7332E+07     1.2500E-01     0.0000E+00     0.0000E+00
     2     1.7332E+07  1.4918E+07     1.4999E-01     0.0000E+00     0.0000E+00
     3     1.4918E+07  1.3840E+07     7.5004E-02     0.0000E+00     0.0000E+00
     4     1.3840E+07  1.1618E+07     1.7500E-01     0.0000E+00     0.0000E+00
     5     1.1618E+07  1.0000E+07     1.5000E-01     0.0000E+00     0.0000E+00
     6     1.0000E+07  8.1873E+06     2.0000E-01     1.2073E-03     6.0363E-03
     7     8.1873E+06  6.7032E+06     2.0000E-01     3.2270E-03     1.6135E-02
     8     6.7032E+06  6.0653E+06     9.9999E-02     3.3315E-03     3.3315E-02
     9     6.0653E+06  5.4881E+06     1.0000E-01     3.3315E-03     3.3315E-02
    10     5.4881E+06  4.4933E+06     2.0000E-01     1.0787E-02     5.3935E-02
    11     4.4933E+06  3.6788E+06     2.0000E-01     1.3486E-02     6.7430E-02
    12     3.6788E+06  3.0119E+06     2.0000E-01     1.7470E-02     8.7349E-02
    13     3.0119E+06  2.4660E+06     2.0000E-01     2.5040E-02     1.2520E-01
    14     2.4660E+06  2.2313E+06     1.0000E-01     1.2554E-02     1.2554E-01
    15     2.2313E+06  2.0190E+06     9.9997E-02     1.2553E-02     1.2553E-01
    16     2.0190E+06  1.6530E+06     2.0000E-01     2.1609E-02     1.0805E-01
    17     1.6530E+06  1.3534E+06     2.0000E-01     2.3197E-02     1.1598E-01
    18     1.3534E+06  1.2246E+06     1.0000E-01     1.0239E-02     1.0239E-01
    19     1.2246E+06  1.1080E+06     9.9998E-02     1.0239E-02     1.0239E-01
    20     1.1080E+06  1.0026E+06     9.9997E-02     9.7423E-03     9.7426E-02
    21     1.0026E+06  9.0718E+05     1.0000E-01     9.7426E-03     9.7425E-02
    22     9.0718E+05  8.2085E+05     1.0000E-01     1.2264E-02     1.2264E-01
    23     8.2085E+05  6.0810E+05     3.0000E-01     3.6792E-02     1.2264E-01
    24     6.0810E+05  5.5023E+05     1.0000E-01     8.5940E-03     8.5939E-02
    25     5.5023E+05  4.9787E+05     9.9999E-02     8.5938E-03     8.5939E-02
    26     4.9787E+05  4.5049E+05     1.0000E-01     8.5939E-03     8.5939E-02
    27     4.5049E+05  4.0762E+05     1.0000E-01     8.5939E-03     8.5939E-02
    28     4.0762E+05  3.0197E+05     3.0000E-01     2.3841E-02     7.9470E-02
    29     3.0197E+05  2.7324E+05     1.0000E-01     7.9469E-03     7.9468E-02
    30     2.7324E+05  2.4724E+05     1.0000E-01     6.4688E-03     6.4688E-02
    31     2.4724E+05  1.8316E+05     3.0000E-01     1.9406E-02     6.4687E-02
    32     1.8316E+05  1.2277E+05     4.0000E-01     2.1217E-02     5.3042E-02
    33     1.2277E+05  1.1109E+05     9.9996E-02     4.5579E-03     4.5581E-02
    34     1.1109E+05  8.2298E+04     3.0000E-01     1.3674E-02     4.5579E-02
    35     8.2298E+04  6.7380E+04     2.0000E-01     8.0370E-03     4.0185E-02
    36     6.7380E+04  5.5166E+04     2.0000E-01     8.0371E-03     4.0185E-02
    37     5.5166E+04  4.0868E+04     3.0000E-01     1.0789E-02     3.5962E-02
    38     4.0868E+04  3.6979E+04     1.0000E-01     3.5962E-03     3.5961E-02
    39     3.6979E+04  2.9283E+04     2.3333E-01     7.6704E-03     3.2873E-02
    40     2.9283E+04  2.7394E+04     6.6665E-02     2.1915E-03     3.2873E-02
    41     2.7394E+04  2.4788E+04     1.0000E-01     3.2874E-03     3.2873E-02
    42     2.4788E+04  1.6616E+04     4.0000E-01     1.2351E-02     3.0878E-02
    43     1.6616E+04  1.5034E+04     1.0000E-01     2.9519E-03     2.9518E-02
    44     1.5034E+04  1.1138E+04     3.0000E-01     8.8553E-03     2.9518E-02
    45     1.1138E+04  9.1188E+03     2.0000E-01     5.7184E-03     2.8591E-02
    46     9.1188E+03  7.4659E+03     2.0000E-01     5.7183E-03     2.8591E-02
    47     7.4659E+03  5.5308E+03     3.0000E-01     8.4080E-03     2.8027E-02
    48     5.5308E+03  5.0045E+03     1.0000E-01     2.8027E-03     2.8027E-02
    49     5.0045E+03  3.5266E+03     3.5000E-01     9.6503E-03     2.7572E-02
    50     3.5266E+03  3.3546E+03     4.9998E-02     1.3786E-03     2.7572E-02
    51     3.3546E+03  2.2487E+03     4.0000E-01     1.0897E-02     2.7242E-02
    52     2.2487E+03  2.0347E+03     1.0000E-01     2.6953E-03     2.6953E-02
    53     2.0347E+03  1.5073E+03     3.0000E-01     8.0859E-03     2.6953E-02
    54     1.5073E+03  1.4338E+03     4.9998E-02     1.3296E-03     2.6593E-02
    55     1.4338E+03  1.2341E+03     1.5000E-01     3.9890E-03     2.6593E-02
    56     1.2341E+03  1.0104E+03     2.0001E-01     5.3188E-03     2.6593E-02
    57     1.0104E+03  9.1424E+02     9.9996E-02     2.6134E-03     2.6135E-02
    58     9.1424E+02  7.4852E+02     2.0000E-01     5.2270E-03     2.6135E-02
    59     7.4852E+02  6.7729E+02     1.0000E-01     2.6135E-03     2.6135E-02
    60     6.7729E+02  4.5400E+02     4.0000E-01     1.0309E-02     2.5772E-02
    61     4.5400E+02  3.7170E+02     2.0000E-01     5.1024E-03     2.5512E-02
    62     3.7170E+02  3.0433E+02     2.0000E-01     5.1024E-03     2.5512E-02
    63     3.0433E+02  2.0399E+02     4.0000E-01     9.8278E-03     2.4570E-02
    64     2.0399E+02  1.4862E+02     3.1667E-01     7.7227E-03     2.4387E-02
    65     1.4862E+02  1.3674E+02     8.3330E-02     2.0322E-03     2.4387E-02
    66     1.3674E+02  9.1661E+01     4.0000E-01     9.3677E-03     2.3419E-02
    67     9.1661E+01  7.5674E+01     1.9167E-01     4.4576E-03     2.3257E-02
    68     7.5674E+01  6.7904E+01     1.0833E-01     2.5195E-03     2.3257E-02
    69     6.7904E+01  5.5595E+01     2.0000E-01     4.3745E-03     2.1872E-02
    70     5.5595E+01  5.1578E+01     7.5000E-02     1.7060E-03     2.2747E-02
    71     5.1578E+01  4.8252E+01     6.6666E-02     1.5164E-03     2.2747E-02
    72     4.8252E+01  4.5517E+01     5.8334E-02     1.3269E-03     2.2747E-02
    73     4.5517E+01  4.0169E+01     1.2500E-01     2.6948E-03     2.1559E-02
    74     4.0169E+01  3.7266E+01     7.5001E-02     1.6169E-03     2.1558E-02
    75     3.7266E+01  3.3720E+01     1.0000E-01     1.9608E-03     1.9608E-02
    76     3.3720E+01  3.0511E+01     9.9997E-02     1.9607E-03     1.9608E-02
    77     3.0511E+01  2.7608E+01     1.0000E-01     2.1740E-03     2.1740E-02
    78     2.7608E+01  2.4980E+01     9.9999E-02     2.1739E-03     2.1739E-02
    79     2.4980E+01  2.2603E+01     1.0000E-01     1.8006E-03     1.8006E-02
    80     2.2603E+01  1.9455E+01     1.5000E-01     2.7859E-03     1.8573E-02
    81     1.9455E+01  1.5928E+01     2.0000E-01     3.9474E-03     1.9737E-02
    82     1.5928E+01  1.3710E+01     1.5000E-01     2.9747E-03     1.9831E-02
    83     1.3710E+01  1.1224E+01     2.0000E-01     4.0012E-03     2.0006E-02
    84     1.1224E+01  9.9056E+00     1.2500E-01     2.5109E-03     2.0087E-02
    85     9.9056E+00  9.1898E+00     7.5000E-02     1.5065E-03     2.0087E-02
    86     9.1898E+00  8.3153E+00     9.9999E-02     1.9088E-03     1.9088E-02
    87     8.3153E+00  7.5240E+00     1.0000E-01     1.9088E-03     1.9088E-02
    88     7.5240E+00  6.1601E+00     2.0000E-01     2.6675E-03     1.3337E-02
    89     6.1601E+00  5.3464E+00     1.4167E-01     2.2575E-03     1.5935E-02
    90     5.3464E+00  5.0435E+00     5.8333E-02     9.2956E-04     1.5936E-02
    91     5.0435E+00  4.1293E+00     2.0000E-01     3.5801E-03     1.7900E-02
    92     4.1293E+00  4.0000E+00     3.1801E-02     5.8083E-04     1.8264E-02
    93     4.0000E+00  3.3807E+00     1.6820E-01     3.0720E-03     1.8264E-02
    94     3.3807E+00  3.3000E+00     2.4175E-02     4.4176E-04     1.8273E-02
    95     3.3000E+00  2.7679E+00     1.7583E-01     3.2130E-03     1.8273E-02
    96     2.7679E+00  2.7200E+00     1.7464E-02     2.7320E-04     1.5643E-02
    97     2.7200E+00  2.6000E+00     4.5120E-02     7.0579E-04     1.5642E-02
    98     2.6000E+00  2.5500E+00     1.9418E-02     3.0374E-04     1.5642E-02
    99     2.5500E+00  2.3600E+00     7.7432E-02     1.2112E-03     1.5642E-02
   100     2.3600E+00  2.1300E+00     1.0254E-01     2.0113E-03     1.9615E-02
   101     2.1300E+00  2.1000E+00     1.4185E-02     2.7406E-04     1.9321E-02
   102     2.1000E+00  2.0200E+00     3.8840E-02     7.5042E-04     1.9321E-02
   103     2.0200E+00  1.9300E+00     4.5578E-02     8.9356E-04     1.9605E-02
   104     1.9300E+00  1.8400E+00     4.7754E-02     9.4719E-04     1.9835E-02
   105     1.8400E+00  1.7550E+00     4.7297E-02     9.4048E-04     1.9885E-02
   106     1.7550E+00  1.6700E+00     4.9645E-02     9.9048E-04     1.9951E-02
   107     1.6700E+00  1.5900E+00     4.9090E-02     9.8036E-04     1.9971E-02
   108     1.5900E+00  1.5000E+00     5.8269E-02     1.1655E-03     2.0001E-02
   109     1.5000E+00  1.4750E+00     1.6807E-02     3.3448E-04     1.9901E-02
   110     1.4750E+00  1.4450E+00     2.0563E-02     4.0921E-04     1.9901E-02
   111     1.4450E+00  1.3700E+00     5.3285E-02     1.0583E-03     1.9862E-02
   112     1.3700E+00  1.3375E+00     2.4009E-02     4.6978E-04     1.9567E-02
   113     1.3375E+00  1.3000E+00     2.8438E-02     5.5502E-04     1.9517E-02
   114     1.3000E+00  1.2350E+00     5.1293E-02     9.8453E-04     1.9194E-02
   115     1.2350E+00  1.1700E+00     5.4067E-02     1.0046E-03     1.8581E-02
   116     1.1700E+00  1.1500E+00     1.7242E-02     2.8554E-04     1.6561E-02
   117     1.1500E+00  1.1253E+00     2.1668E-02     3.5884E-04     1.6561E-02
   118     1.1253E+00  1.1100E+00     1.3734E-02     2.2745E-04     1.6561E-02
   119     1.1100E+00  1.0970E+00     1.1781E-02     1.4777E-04     1.2543E-02
   120     1.0970E+00  1.0710E+00     2.3986E-02     3.0087E-04     1.2543E-02
   121     1.0710E+00  1.0450E+00     2.4576E-02     2.8030E-04     1.1406E-02
   122     1.0450E+00  1.0350E+00     9.6154E-03     1.0924E-04     1.1361E-02
   123     1.0350E+00  1.0200E+00     1.4599E-02     1.9138E-04     1.3109E-02
   124     1.0200E+00  9.9600E-01     2.3811E-02     3.1214E-04     1.3109E-02
   125     9.9600E-01  9.8600E-01     1.0091E-02     1.3232E-04     1.3113E-02
   126     9.8600E-01  9.7200E-01     1.4301E-02     2.4186E-04     1.6913E-02
   127     9.7200E-01  9.5000E-01     2.2894E-02     3.8719E-04     1.6913E-02
   128     9.5000E-01  9.3000E-01     2.1277E-02     3.5987E-04     1.6913E-02
   129     9.3000E-01  9.1000E-01     2.1740E-02     3.9669E-04     1.8247E-02
   130     9.1000E-01  8.6000E-01     5.6512E-02     1.0312E-03     1.8247E-02
   131     8.6000E-01  8.5000E-01     1.1696E-02     2.2049E-04     1.8852E-02
   132     8.5000E-01  7.9000E-01     7.3203E-02     1.3800E-03     1.8852E-02
   133     7.9000E-01  7.8000E-01     1.2739E-02     2.4613E-04     1.9321E-02
   134     7.8000E-01  7.0500E-01     1.0110E-01     1.9533E-03     1.9321E-02
   135     7.0500E-01  6.2500E-01     1.2045E-01     2.3789E-03     1.9751E-02
   136     6.2500E-01  5.4000E-01     1.4618E-01     2.9479E-03     2.0166E-02
   137     5.4000E-01  5.0000E-01     7.6961E-02     1.5713E-03     2.0416E-02
   138     5.0000E-01  4.8500E-01     3.0459E-02     6.2187E-04     2.0417E-02
   139     4.8500E-01  4.3300E-01     1.1341E-01     2.3509E-03     2.0729E-02
   140     4.3300E-01  4.0000E-01     7.9273E-02     1.6597E-03     2.0936E-02
   141     4.0000E-01  3.9100E-01     2.2757E-02     4.7644E-04     2.0936E-02
   142     3.9100E-01  3.5000E-01     1.1077E-01     2.3144E-03     2.0893E-02
   143     3.5000E-01  3.2000E-01     8.9612E-02     1.8431E-03     2.0568E-02
   144     3.2000E-01  3.1450E-01     1.7337E-02     3.5658E-04     2.0568E-02
   145     3.1450E-01  3.0000E-01     4.7202E-02     9.9421E-04     2.1063E-02
   146     3.0000E-01  2.8000E-01     6.8993E-02     1.4831E-03     2.1497E-02
   147     2.8000E-01  2.4800E-01     1.2136E-01     2.9646E-03     2.4428E-02
   148     2.4800E-01  2.2000E-01     1.1980E-01     3.5367E-03     2.9521E-02
   149     2.2000E-01  1.8900E-01     1.5188E-01     5.3173E-03     3.5010E-02
   150     1.8900E-01  1.8000E-01     4.8790E-02     1.9748E-03     4.0475E-02
   151     1.8000E-01  1.6000E-01     1.1778E-01     4.7672E-03     4.0475E-02
   152     1.6000E-01  1.4000E-01     1.3353E-01     5.9372E-03     4.4463E-02
   153     1.4000E-01  1.3400E-01     4.3803E-02     1.9476E-03     4.4463E-02
   154     1.3400E-01  1.1500E-01     1.5291E-01     7.0312E-03     4.5983E-02
   155     1.1500E-01  1.0000E-01     1.3976E-01     6.3073E-03     4.5129E-02
   156     1.0000E-01  9.5000E-02     5.1293E-02     2.3148E-03     4.5129E-02
   157     9.5000E-02  8.0000E-02     1.7185E-01     7.1453E-03     4.1579E-02
   158     8.0000E-02  7.7000E-02     3.8221E-02     1.5891E-03     4.1576E-02
   159     7.7000E-02  6.7000E-02     1.3911E-01     4.8946E-03     3.5184E-02
   160     6.7000E-02  5.8000E-02     1.4425E-01     4.9249E-03     3.4142E-02
   161     5.8000E-02  5.0000E-02     1.4842E-01     3.9176E-03     2.6396E-02
   162     5.0000E-02  4.2000E-02     1.7435E-01     4.3882E-03     2.5168E-02
   163     4.2000E-02  3.5000E-02     1.8232E-01     3.1545E-03     1.7302E-02
   164     3.5000E-02  3.0000E-02     1.5415E-01     2.6671E-03     1.7302E-02
   165     3.0000E-02  2.5000E-02     1.8232E-01     1.7979E-03     9.8614E-03
   166     2.5000E-02  2.0000E-02     2.2314E-01     2.2005E-03     9.8614E-03
   167     2.0000E-02  1.5000E-02     2.8768E-01     1.5979E-03     5.5543E-03
   168     1.5000E-02  1.0000E-02     4.0547E-01     1.2335E-03     3.0423E-03
   169     1.0000E-02  6.9000E-03     3.7106E-01     4.5679E-04     1.2310E-03
   170     6.9000E-03  5.0000E-03     3.2208E-01     3.1628E-04     9.8198E-04
   171     5.0000E-03  3.0000E-03     5.1083E-01     1.9899E-04     3.8954E-04
   172     3.0000E-03  1.0000E-05     5.7038E+00     2.1373E-04     3.7471E-05
  TOTAL                                              7.5716E-01
fispact run time=                  0.68927     secs


 ------------------------------------------------------------------
 Files that have been opened during this run.
 ------------------------------------------------------------------
 The numbers after the unit names are the internal unit numbers.

 arb_flux( 3)    spectra
 input( 5)       collapse.i
 crossunc( 7)    /Volumes/Pegasus2/Code/FISPACT-II/FISPACT-II/nuclear_data//EAF2010data/eaf_un_20100
 collapxo(17)    COLLAPX
 ind_nuc(18)     /Volumes/Pegasus2/Code/FISPACT-II/FISPACT-II/nuclear_data//EAF2010data/eaf_index_20100
 crossec(19)     /Volumes/Pegasus2/Code/FISPACT-II/FISPACT-II/nuclear_data//EAF2010data/eaf_n_gxs_172_fis_20100
 fluxes(20)      fluxes
 output(38)      collapse.out
 runlog(48)      collapse.log
 ------------------------------------------------------------------



     Run timestamp:13:07:02 29 January 2018        

     Current time: 13:07:03 29 January 2018        
