



     ==============================================================================
     |                                                                            |
     |                                                                            |
     |             _____ ___ ____  ____   _    ____ _____    ___ ___              |
     |            |  ___|_ _/ ___||  _ \ / \  / ___|_   _|  |_ _|_ _|             |
     |            | |_   | |\___ \| |_) / _ \| |     | |_____| | | |              |
     |            |  _|  | | ___) |  __/ ___ \ |___  | |_____| | | |              |
     |            |_|   |___|____/|_| /_/   \_\____| |_|    |___|___|             |
     |                                                                            |
     |                            F I S P A C T - I I                             |
     |                            -------------------                             |
     |                                                                            |
     |                  Transmutation-Activation Inventory Code                   |
     |                   United Kingdom Atomic Energy Authority                   |
     |                                                                            |
     |                         Release 5.0 May 2021                               |
     |             Copyright (c) 2009-21, UK Atomic Energy Authority              |
     |                                                                            |
     ==============================================================================



1




     =========================================================================================================
     |                                                                                                       |
     |                      R U N   I D E N T I F I C A T I O N   I N F O R M A T I O N                      |
     |                                                                                                       |
     | INITIAL CROSS SECTION DATA                                                                            |
     | Collapsed library timestamp: 14:51:16 19 February 2018                                                |
     | EAF source library label:                                                                             |
     | FLUX file label:             arb_flux_First_Wall_Total:2.1243                                         |
     |                                                                                                       |
     | DECAY DATA                                                                                            |
     | Condensed library timestamp: 14:51:16 19 February 2018                                                |
     | EAF source library label:    Decay input from separate files                                          |
     |                                                                                                       |
     | THIS RUN                                                                                              |
     | timestamp:                   14:51:16 19 February 2018                                                |
     | fileroot :                   irrad_Ar_multi                                                           |
     | name of FILES file:          files                                                                    |
     | FISPACT title:               * IRRADIATION OF Ar                                                      |
     |                                                                                                       |
     | See the irrad_Ar_multi.log file                                                                       |
     | and summary details at the end of this file for further information on files used by this run         |
     |                                                                                                       |
     =========================================================================================================






                                   -------------------------------------------------------------------------------
                                   | NB: IN FOLLOWING TABLES                                                     |
                                   |                         ? MEANS CONVERGENCE NOT REACHED FOR NUCLIDE         |
                                   |                         & MEANS GAMMA SPECTRUM IS APPROXIMATELY CALCULATED  |
                                   |                         # MEANS NUCLIDE IS STABLE                           |
                                   |                         > MEANS NUCLIDE WAS PRESENT BEFORE IRRADIATION      |
                                   -------------------------------------------------------------------------------
                                   |                                                                             |
                                   |                                                                             |
                                   V                                                                             V
1 * * * TIME INTERVAL   1 * * * * * * * TIME IS   0.0000E+00 SECS * * * ELAPSED TIME IS   0.000ps   * * * FLUX AMP IS  0.0000E+00 /cm^2/s  * * * * * * * * * * * * * *
  NUCLIDE        ATOMS         GRAMS        Bq       b-Energy    a-Energy   g-Energy    DOSE RATE                                                            
                                                        kW          kW         kW         Sv/hr                                                              

  Ar 40    #> 1.00000E+25   6.636E+02   0.000E+00   0.000E+00   0.00E+00   0.000E+00   0.000E+00                                                            
0  TOTAL NUMBER OF NUCLIDES PRINTED IN INVENTORY =    1
0  TOTAL CURIES   TOTAL ALPHA   TOTAL BETA    TOTAL GAMMA
                  CURIE-MeV     CURIE-MeV     CURIE-MeV
   0.00000E+00   0.00000E+00   0.00000E+00   0.00000E+00
0  ALPHA BECQUERELS = 0.000000E+00  BETA BECQUERELS = 0.000000E+00  GAMMA BECQUERELS = 0.000000E+00
0  TOTAL ACTIVITY FOR ALL MATERIALS     0.00000E+00 Bq
                                        0.00000E+00 Ci/cc           DENSITY   1.00E-01 gm/cc
   TOTAL ACTIVITY EXCLUDING TRITIUM     0.00000E+00 Bq
                                        0.00000E+00 Ci/cc
0  TOTAL ALPHA HEAT PRODUCTION          0.00000E+00 kW
   TOTAL BETA  HEAT PRODUCTION          0.00000E+00 kW
   TOTAL GAMMA HEAT PRODUCTION          0.00000E+00 kW              TOTAL HEAT PRODUCTION 0.00000E+00 kW
0  INITIAL TOTAL MASS OF MATERIAL       6.63591E-01 kg              TOTAL HEAT EX TRITIUM 0.00000E+00 kW
0  TOTAL MASS OF MATERIAL               6.63591E-01 kg
   NEUTRON  FLUX DURING INTERVAL        0.00000E+00 n/cm^2/s
0  NUMBER OF FISSIONS                   0.00000E+00                 BURN-UP OF ACTINIDES  0.00000E+00 %



                                               COMPOSITION  OF  MATERIAL  BY  ELEMENT
                                               --------------------------------------
0                                                             BETA                     GAMMA                     ALPHA
                      ATOMS      GRAM-ATOMS     GRAMS      CURIES-MeV      kW        CURIES-MeV      kW        CURIES-MeV      kW

   18       Ar      1.0000E+25   1.6605E+01   6.6359E+02   0.0000E+00   0.0000E+00   0.0000E+00   0.0000E+00   0.0000E+00   0.0000E+00
1 * * * TIME INTERVAL   2 * * * * * * * TIME IS   2.0000E+00 SECS * * * ELAPSED TIME IS   2.000 s   * * * FLUX AMP IS  2.1244E+14 /cm^2/s  * * * * * * * * * * * * * *
  NUCLIDE        ATOMS         GRAMS        Bq       b-Energy    a-Energy   g-Energy    DOSE RATE                                                            
                                                        kW          kW         kW         Sv/hr                                                              

  Ar 40    #> 1.00000E+25   6.636E+02   0.000E+00   0.000E+00   0.00E+00   0.000E+00   0.000E+00                                                            
  Ar 41       3.01408E+16   2.050E-06   3.177E+12   2.360E-04   0.00E+00   6.538E-04   1.875E+03                                                            
  Ar 42       3.43831E+07   2.396E-15   2.289E-02   8.536E-19   0.00E+00   0.000E+00   0.000E+00                                                            
  K  41    #  3.17705E+12   2.161E-10   0.000E+00   0.000E+00   0.00E+00   0.000E+00   0.000E+00                                                            
  K  42       9.19251E+03   6.405E-19   1.432E-01   3.260E-17   0.00E+00   6.332E-18   1.886E-11                                                            
0  TOTAL NUMBER OF NUCLIDES PRINTED IN INVENTORY =    5
0  TOTAL CURIES   TOTAL ALPHA   TOTAL BETA    TOTAL GAMMA
                  CURIE-MeV     CURIE-MeV     CURIE-MeV
   8.58652E+01   0.00000E+00   3.98069E+01   1.10291E+02
0  ALPHA BECQUERELS = 0.000000E+00  BETA BECQUERELS = 3.177011E+12  GAMMA BECQUERELS = 0.000000E+00
0  TOTAL ACTIVITY FOR ALL MATERIALS     3.17701E+12 Bq
                                        1.29395E-02 Ci/cc           DENSITY   1.00E-01 gm/cc
   TOTAL ACTIVITY EXCLUDING TRITIUM     3.17701E+12 Bq
                                        1.29395E-02 Ci/cc
0  TOTAL ALPHA HEAT PRODUCTION          0.00000E+00 kW
   TOTAL BETA  HEAT PRODUCTION          2.35978E-04 kW
   TOTAL GAMMA HEAT PRODUCTION          6.53812E-04 kW              TOTAL HEAT PRODUCTION 8.89790E-04 kW
0  INITIAL TOTAL MASS OF MATERIAL       6.63591E-01 kg              TOTAL HEAT EX TRITIUM 8.89790E-04 kW
0  TOTAL MASS OF MATERIAL               6.63591E-01 kg
   NEUTRON  FLUX DURING INTERVAL        2.12437E+14 n/cm^2/s
0  NUMBER OF FISSIONS                   0.00000E+00                 BURN-UP OF ACTINIDES  0.00000E+00 %
0  Total Displacement Rate (n,Ddiss) =  9.88785E+15 Displacements/sec  =  9.88785E-10 Displacements Per Atom/sec  =  3.12037E-02 DPA/year
   Total Displacement Rate (n,Dinel) =  2.87533E+08 Displacements/sec  =  2.87533E-17 Displacements Per Atom/sec  =  9.07385E-10 DPA/year
   Total Displacement Rate (n,Del  ) =  1.36640E+13 Displacements/sec  =  1.36640E-12 Displacements Per Atom/sec  =  4.31204E-05 DPA/year
   Total Displacement Rate (n,Dtot ) =  9.90151E+15 Displacements/sec  =  9.90151E-10 Displacements Per Atom/sec  =  3.12468E-02 DPA/year
0  KERMA RATE (n,Kktot) =  9.05951E+22 eV/sec = 2.18733E+01 kW/kg = 2.18733E-03 kW/cm^3
   KERMA RATE (n,Kphot) =  9.05943E+22 eV/sec = 2.18731E+01 kW/kg = 2.18731E-03 kW/cm^3
   KERMA RATE (n,Kfiss) =  0.00000E+00 eV/sec = 0.00000E+00 kW/kg = 0.00000E+00 kW/cm^3
   KERMA RATE (n,Kinel) =  6.69022E+11 eV/sec = 1.61529E-10 kW/kg = 1.61529E-14 kW/cm^3
   KERMA RATE (n,Knone) =  9.05951E+22 eV/sec = 2.18733E+01 kW/kg = 2.18733E-03 kW/cm^3
   KERMA RATE (n,Kel  ) =  1.24823E+15 eV/sec = 3.01374E-07 kW/kg = 3.01374E-11 kW/cm^3
   KERMA RATE (n,Ktot ) =  9.05951E+22 eV/sec = 2.18733E+01 kW/kg = 2.18733E-03 kW/cm^3
0  GAS   RATE (n,Xa   ) =  1.52552E-08 atoms per sec =  1.52552E-27 appm/sec
   GAS   RATE (n,Xh   ) =  0.00000E+00 atoms per sec =  0.00000E+00 appm/sec
   GAS   RATE (n,Xt   ) =  0.00000E+00 atoms per sec =  0.00000E+00 appm/sec
   GAS   RATE (n,Xd   ) =  0.00000E+00 atoms per sec =  0.00000E+00 appm/sec
   GAS   RATE (n,Xp   ) =  5.58294E-10 atoms per sec =  5.58294E-29 appm/sec
0  APPM OF He  4    =  1.5251E-27
   APPM OF He  3    =  5.0082E-59
   APPM OF H   3    =  3.2307E-50
   APPM OF H   2    =  3.2205E-38
   APPM OF H   1    =  4.9004E-29



                                               COMPOSITION  OF  MATERIAL  BY  ELEMENT
                                               --------------------------------------
0                                                             BETA                     GAMMA                     ALPHA
                      ATOMS      GRAM-ATOMS     GRAMS      CURIES-MeV      kW        CURIES-MeV      kW        CURIES-MeV      kW

   18       Ar      1.0000E+25   1.6605E+01   6.6359E+02   3.9807E+01   2.3598E-04   1.1029E+02   6.5381E-04   0.0000E+00   0.0000E+00
   19       K       3.1771E+12   5.2756E-12   2.1610E-10   5.4992E-12   3.2600E-17   1.0682E-12   6.3325E-18   0.0000E+00   0.0000E+00



                                               GAMMA SPECTRUM AND ENERGIES/SECOND
                                               ----------------------------------

     NEUTRONS PER SECOND ARISING FROM SPONTANEOUS FISSION                    0.00000E+00    Entered density (g/cc)       0.10
     POWER FROM ALPHA PARTICLES (MeV per Second)                             0.00000E+00
     POWER FROM BETA  PARTICLES (MeV per Second)                             1.47286E+12
     TOTAL GAMMA POWER FROM ACTIVATION  (MeV per Second)                     4.08078E+12    Total gammas (per cc per second)      4.62013E+08
     GAMMA RAY POWER FROM ACTIVATION DECAY  MeV/s    (  0.000-  0.010 MeV)   8.94399E+04    Gammas per group (per cc per second)  2.69563E+03
                                                     (  0.010-  0.020 MeV)   0.00000E+00                                          0.00000E+00
                                                     (  0.020-  0.050 MeV)   0.00000E+00                                          0.00000E+00
                                                     (  0.050-  0.100 MeV)   0.00000E+00                                          0.00000E+00
                                                     (  0.100-  0.200 MeV)   0.00000E+00                                          0.00000E+00
                                                     (  0.200-  0.300 MeV)   0.00000E+00                                          0.00000E+00
                                                     (  0.300-  0.400 MeV)   1.43323E-04                                          6.17088E-08
                                                     (  0.400-  0.600 MeV)   0.00000E+00                                          0.00000E+00
                                                     (  0.600-  0.800 MeV)   3.18041E-06                                          6.84676E-10
                                                     (  0.800-  1.000 MeV)   6.69769E-05                                          1.12146E-08
                                                     (  1.000-  1.220 MeV)   3.66156E-05                                          4.97099E-09
                                                     (  1.220-  1.440 MeV)   4.07557E+12                                          4.61782E+08
                                                     (  1.440-  1.660 MeV)   3.90843E-02                                          3.79989E-06
                                                     (  1.660-  2.000 MeV)   2.77081E+09                                          2.28168E+05
                                                     (  2.000-  2.500 MeV)   7.29048E-05                                          4.88285E-09
                                                     (  2.500-  3.000 MeV)   0.00000E+00                                          0.00000E+00
                                                     (  3.000-  4.000 MeV)   0.00000E+00                                          0.00000E+00
                                                     (  4.000-  5.000 MeV)   0.00000E+00                                          0.00000E+00
                                                     (  5.000-  6.500 MeV)   0.00000E+00                                          0.00000E+00
                                                     (  6.500-  8.000 MeV)   0.00000E+00                                          0.00000E+00
                                                     (  8.000- 10.000 MeV)   0.00000E+00                                          0.00000E+00
                                                     ( 10.000- 12.000 MeV)   0.00000E+00                                          0.00000E+00
                                                     ( 12.000- 14.000 MeV)   0.00000E+00                                          0.00000E+00
                                                     ( 14.000- 20.000 MeV)   0.00000E+00                                          0.00000E+00

    DOSE RATE (PLANE SOURCE) FROM GAMMAS WITH ENERGY 0-20 MeV IS            1.87546E+03 Sieverts/hour   ( 1.87546E+05 Rems/hour)




                                               DOMINANT NUCLIDES
                                               -----------------

      NUCLIDE   ACTIVITY    PERCENT  NUCLIDE     HEAT      PERCENT  NUCLIDE  DOSE RATE    PERCENT 
                  (Bq)      ACTIVITY             (kW)       HEAT              (Sv/hr)    DOSE RATE
       Total   3.1770E+12             Total   8.8979E-04             Total   1.8755E+03
    1  Ar 41   3.1770E+12  10.00E+01  Ar 41   8.8979E-04  10.00E+01  Ar 41   1.8755E+03  10.00E+01
    2  K  42   1.4321E-01  45.08E-13  K  42   3.8932E-17  43.75E-13  K  42   1.8856E-11  10.05E-13
    3  Ar 42   2.2885E-02  72.03E-14  Ar 42   8.5365E-19  95.94E-15          0.0000E+00  00.00E+00

      NUCLIDE  GAMMA HEAT   PERCENT  NUCLIDE   BETA HEAT   PERCENT 
                  (kW)       GAMMA               (kW)       BETA
       Total   6.5381E-04             Total   2.3598E-04
    1  Ar 41   6.5381E-04  10.00E+01  Ar 41   2.3598E-04  10.00E+01
    2  K  42   6.3325E-18  96.85E-14  K  42   3.2600E-17  13.81E-12
    3          0.0000E+00  00.00E+00  Ar 42   8.5365E-19  36.17E-14
1 * * * TIME INTERVAL   3 * * * * * * * TIME IS   1.0000E+01 SECS * * * ELAPSED TIME IS  12.000 s   * * * FLUX AMP IS  5.9558E+14 /cm^2/s  * * * * * * * * * * * * * *
  NUCLIDE        ATOMS         GRAMS        Bq       b-Energy    a-Energy   g-Energy    DOSE RATE                                                            
                                                        kW          kW         kW         Sv/hr                                                              

  Ar 40    #> 1.00000E+25   6.636E+02   0.000E+00   0.000E+00   0.00E+00   0.000E+00   0.000E+00                                                            
  Ar 41       4.52439E+17   3.078E-05   4.769E+13   3.542E-03   0.00E+00   9.814E-03   2.815E+04                                                            
  Ar 42       7.75835E+09   5.406E-13   5.164E+00   1.926E-16   0.00E+00   0.000E+00   0.000E+00                                                            
  Ar 43       5.24674E+01   3.743E-21   1.129E-01   2.493E-17   0.00E+00   2.695E-17   7.650E-11                                                            
  K  41    #  2.57749E+14   1.753E-08   0.000E+00   0.000E+00   0.00E+00   0.000E+00   0.000E+00                                                            
  K  42  ?    9.36622E+06   6.526E-16   1.459E+02   3.322E-14   0.00E+00   6.452E-15   1.921E-08                                                            
  K  43       1.23555E+01   8.814E-22   1.072E-04   5.315E-21   0.00E+00   1.659E-20   3.409E-14                                                            
  Ca 42    #  4.83446E+02   3.368E-20   0.000E+00   0.000E+00   0.00E+00   0.000E+00   0.000E+00                                                            
0  TOTAL NUMBER OF NUCLIDES PRINTED IN INVENTORY =    8
0  TOTAL CURIES   TOTAL ALPHA   TOTAL BETA    TOTAL GAMMA
                  CURIE-MeV     CURIE-MeV     CURIE-MeV
   1.28891E+03   0.00000E+00   5.97535E+02   1.65556E+03
0  ALPHA BECQUERELS = 0.000000E+00  BETA BECQUERELS = 4.768959E+13  GAMMA BECQUERELS = 0.000000E+00
0  TOTAL ACTIVITY FOR ALL MATERIALS     4.76896E+13 Bq
                                        1.94232E-01 Ci/cc           DENSITY   1.00E-01 gm/cc
   TOTAL ACTIVITY EXCLUDING TRITIUM     4.76896E+13 Bq
                                        1.94232E-01 Ci/cc
0  TOTAL ALPHA HEAT PRODUCTION          0.00000E+00 kW
   TOTAL BETA  HEAT PRODUCTION          3.54222E-03 kW
   TOTAL GAMMA HEAT PRODUCTION          9.81427E-03 kW              TOTAL HEAT PRODUCTION 1.33565E-02 kW
0  INITIAL TOTAL MASS OF MATERIAL       6.63591E-01 kg              TOTAL HEAT EX TRITIUM 1.33565E-02 kW
0  TOTAL MASS OF MATERIAL               6.63591E-01 kg
   NEUTRON  FLUX DURING INTERVAL        5.95580E+14 n/cm^2/s
0  NUMBER OF FISSIONS                   0.00000E+00                 BURN-UP OF ACTINIDES  0.00000E+00 %
0  Total Displacement Rate (n,Ddiss) =  2.77212E+16 Displacements/sec  =  2.77212E-09 Displacements Per Atom/sec  =  8.74814E-02 DPA/year
   Total Displacement Rate (n,Dinel) =  8.06122E+08 Displacements/sec  =  8.06122E-17 Displacements Per Atom/sec  =  2.54393E-09 DPA/year
   Total Displacement Rate (n,Del  ) =  3.83080E+13 Displacements/sec  =  3.83080E-12 Displacements Per Atom/sec  =  1.20891E-04 DPA/year
   Total Displacement Rate (n,Dtot ) =  2.77595E+16 Displacements/sec  =  2.77595E-09 Displacements Per Atom/sec  =  8.76023E-02 DPA/year
0  KERMA RATE (n,Kktot) =  2.53989E+23 eV/sec = 6.13232E+01 kW/kg = 6.13232E-03 kW/cm^3
   KERMA RATE (n,Kphot) =  2.53987E+23 eV/sec = 6.13226E+01 kW/kg = 6.13226E-03 kW/cm^3
   KERMA RATE (n,Kfiss) =  0.00000E+00 eV/sec = 0.00000E+00 kW/kg = 0.00000E+00 kW/cm^3
   KERMA RATE (n,Kinel) =  1.87565E+12 eV/sec = 4.52858E-10 kW/kg = 4.52858E-14 kW/cm^3
   KERMA RATE (n,Knone) =  2.53989E+23 eV/sec = 6.13232E+01 kW/kg = 6.13232E-03 kW/cm^3
   KERMA RATE (n,Kel  ) =  3.49950E+15 eV/sec = 8.44920E-07 kW/kg = 8.44920E-11 kW/cm^3
   KERMA RATE (n,Ktot ) =  2.53989E+23 eV/sec = 6.13232E+01 kW/kg = 6.13232E-03 kW/cm^3
0  GAS   RATE (n,Xa   ) =  6.48304E-07 atoms per sec =  6.48304E-26 appm/sec
   GAS   RATE (n,Xh   ) =  0.00000E+00 atoms per sec =  0.00000E+00 appm/sec
   GAS   RATE (n,Xt   ) =  0.00000E+00 atoms per sec =  0.00000E+00 appm/sec
   GAS   RATE (n,Xd   ) =  0.00000E+00 atoms per sec =  0.00000E+00 appm/sec
   GAS   RATE (n,Xp   ) =  1.26983E-07 atoms per sec =  1.26983E-26 appm/sec
0  APPM OF He  4    =  3.4651E-25
   APPM OF He  3    =  1.6948E-53
   APPM OF H   3    =  3.4026E-45
   APPM OF H   2    =  3.5164E-34
   APPM OF H   1    =  4.9932E-26



                                               COMPOSITION  OF  MATERIAL  BY  ELEMENT
                                               --------------------------------------
0                                                             BETA                     GAMMA                     ALPHA
                      ATOMS      GRAM-ATOMS     GRAMS      CURIES-MeV      kW        CURIES-MeV      kW        CURIES-MeV      kW

   18       Ar      1.0000E+25   1.6605E+01   6.6359E+02   5.9754E+02   3.5422E-03   1.6556E+03   9.8143E-03   0.0000E+00   0.0000E+00
   19       K       2.5775E+14   4.2800E-10   1.7532E-08   5.6032E-09   3.3216E-14   1.0884E-09   6.4521E-15   0.0000E+00   0.0000E+00
   20       Ca      4.8345E+02   8.0278E-22   3.3684E-20   0.0000E+00   0.0000E+00   0.0000E+00   0.0000E+00   0.0000E+00   0.0000E+00



                                               GAMMA SPECTRUM AND ENERGIES/SECOND
                                               ----------------------------------

     NEUTRONS PER SECOND ARISING FROM SPONTANEOUS FISSION                    0.00000E+00    Entered density (g/cc)       0.10
     POWER FROM ALPHA PARTICLES (MeV per Second)                             0.00000E+00
     POWER FROM BETA  PARTICLES (MeV per Second)                             2.21088E+13
     TOTAL GAMMA POWER FROM ACTIVATION  (MeV per Second)                     6.12558E+13    Total gammas (per cc per second)      6.93519E+09
     GAMMA RAY POWER FROM ACTIVATION DECAY  MeV/s    (  0.000-  0.010 MeV)   1.34257E+06    Gammas per group (per cc per second)  4.04637E+04
                                                     (  0.010-  0.020 MeV)   0.00000E+00                                          0.00000E+00
                                                     (  0.020-  0.050 MeV)   0.00000E+00                                          0.00000E+00
                                                     (  0.050-  0.100 MeV)   0.00000E+00                                          0.00000E+00
                                                     (  0.100-  0.200 MeV)   1.60319E-05                                          1.61062E-08
                                                     (  0.200-  0.300 MeV)   9.67723E-07                                          5.83325E-10
                                                     (  0.300-  0.400 MeV)   1.46093E-01                                          6.29015E-05
                                                     (  0.400-  0.600 MeV)   5.17511E-03                                          1.55973E-06
                                                     (  0.600-  0.800 MeV)   1.63434E-02                                          3.51840E-06
                                                     (  0.800-  1.000 MeV)   1.09699E-01                                          1.83679E-05
                                                     (  1.000-  1.220 MeV)   4.79247E-02                                          6.50633E-06
                                                     (  1.220-  1.440 MeV)   6.11778E+13                                          6.93173E+09
                                                     (  1.440-  1.660 MeV)   3.98297E+01                                          3.87235E-03
                                                     (  1.660-  2.000 MeV)   4.15922E+10                                          3.42500E+06
                                                     (  2.000-  2.500 MeV)   1.15887E-01                                          7.76161E-06
                                                     (  2.500-  3.000 MeV)   3.47271E-03                                          1.90299E-07
                                                     (  3.000-  4.000 MeV)   5.92919E-03                                          2.55286E-07
                                                     (  4.000-  5.000 MeV)   0.00000E+00                                          0.00000E+00
                                                     (  5.000-  6.500 MeV)   0.00000E+00                                          0.00000E+00
                                                     (  6.500-  8.000 MeV)   0.00000E+00                                          0.00000E+00
                                                     (  8.000- 10.000 MeV)   0.00000E+00                                          0.00000E+00
                                                     ( 10.000- 12.000 MeV)   0.00000E+00                                          0.00000E+00
                                                     ( 12.000- 14.000 MeV)   0.00000E+00                                          0.00000E+00
                                                     ( 14.000- 20.000 MeV)   0.00000E+00                                          0.00000E+00

    DOSE RATE (PLANE SOURCE) FROM GAMMAS WITH ENERGY 0-20 MeV IS            2.81521E+04 Sieverts/hour   ( 2.81521E+06 Rems/hour)




                                               DOMINANT NUCLIDES
                                               -----------------

      NUCLIDE   ACTIVITY    PERCENT  NUCLIDE     HEAT      PERCENT  NUCLIDE  DOSE RATE    PERCENT 
                  (Bq)      ACTIVITY             (kW)       HEAT              (Sv/hr)    DOSE RATE
       Total   4.7690E+13             Total   1.3356E-02             Total   2.8152E+04
    1  Ar 41   4.7690E+13  10.00E+01  Ar 41   1.3356E-02  10.00E+01  Ar 41   2.8152E+04  10.00E+01
    2  K  42   1.4592E+02  30.60E-11  K  42   3.9668E-14  29.70E-11  K  42   1.9212E-08  68.24E-12
    3  Ar 42   5.1639E+00  10.83E-12  Ar 42   1.9262E-16  14.42E-13  Ar 43   7.6498E-11  27.17E-14
    4  Ar 43   1.1287E-01  23.67E-14  Ar 43   5.1876E-17  38.84E-14  K  43   3.4089E-14  12.11E-17
    5  K  43   1.0716E-04  22.47E-17  K  43   2.1903E-20  16.40E-17          0.0000E+00  00.00E+00

      NUCLIDE  GAMMA HEAT   PERCENT  NUCLIDE   BETA HEAT   PERCENT 
                  (kW)       GAMMA               (kW)       BETA
       Total   9.8143E-03             Total   3.5422E-03
    1  Ar 41   9.8143E-03  10.00E+01  Ar 41   3.5422E-03  10.00E+01
    2  K  42   6.4521E-15  65.74E-12  K  42   3.3216E-14  93.77E-11
    3  Ar 43   2.6948E-17  27.46E-14  Ar 42   1.9262E-16  54.38E-13
    4  K  43   1.6588E-20  16.90E-17  Ar 43   2.4928E-17  70.37E-14
    5          0.0000E+00  00.00E+00  K  43   5.3147E-21  15.00E-17
1 * * * TIME INTERVAL   4 * * * COOLING TIME IS   3.1558E+07 SECS OR  1.0000E+00 YEARS * * * ELAPSED TIME IS   1.000 y   * * * FLUX AMP IS  0.0000E+00 /cm^2/s  * * *
  NUCLIDE        ATOMS         GRAMS        Bq       b-Energy    a-Energy   g-Energy    DOSE RATE                                                            
                                                        kW          kW         kW         Sv/hr                                                              

  Ar 40    #> 1.00000E+25   6.636E+02   0.000E+00   0.000E+00   0.00E+00   0.000E+00   0.000E+00                                                            
  Ar 42       7.59806E+09   5.294E-13   5.057E+00   1.886E-16   0.00E+00   0.000E+00   0.000E+00                                                            
  K  41    #  4.52697E+17   3.079E-05   0.000E+00   0.000E+00   0.00E+00   0.000E+00   0.000E+00                                                            
  K  42       3.24630E+05   2.262E-17   5.057E+00   1.151E-15   0.00E+00   2.236E-16   6.659E-10                                                            
  Ca 42    #  1.69333E+08   1.180E-14   0.000E+00   0.000E+00   0.00E+00   0.000E+00   0.000E+00                                                            
  Ca 43    #  6.48232E+01   4.624E-21   0.000E+00   0.000E+00   0.00E+00   0.000E+00   0.000E+00                                                            
0  TOTAL NUMBER OF NUCLIDES PRINTED IN INVENTORY =    6
0  TOTAL CURIES   TOTAL ALPHA   TOTAL BETA    TOTAL GAMMA
                  CURIE-MeV     CURIE-MeV     CURIE-MeV
   2.73368E-10   0.00000E+00   2.26025E-10   3.77238E-11
0  ALPHA BECQUERELS = 0.000000E+00  BETA BECQUERELS = 1.011462E+01  GAMMA BECQUERELS = 0.000000E+00
0  TOTAL ACTIVITY FOR ALL MATERIALS     1.01146E+01 Bq
                                        4.11953E-14 Ci/cc           DENSITY   1.00E-01 gm/cc
   TOTAL ACTIVITY EXCLUDING TRITIUM     1.01146E+01 Bq
                                        4.11953E-14 Ci/cc
0  TOTAL ALPHA HEAT PRODUCTION          0.00000E+00 kW
   TOTAL BETA  HEAT PRODUCTION          1.33989E-15 kW
   TOTAL GAMMA HEAT PRODUCTION          2.23629E-16 kW              TOTAL HEAT PRODUCTION 1.56352E-15 kW
0  INITIAL TOTAL MASS OF MATERIAL       6.63591E-01 kg              TOTAL HEAT EX TRITIUM 1.56352E-15 kW
0  TOTAL MASS OF MATERIAL               6.63591E-01 kg
   NEUTRON  FLUX DURING INTERVAL        0.00000E+00 n/cm^2/s
0  NUMBER OF FISSIONS                   0.00000E+00                 BURN-UP OF ACTINIDES  0.00000E+00 %
0  APPM OF He  4    =  3.4651E-25
   APPM OF He  3    =  1.8311E-46
   APPM OF H   3    =  3.2195E-45
   APPM OF H   2    =  3.5164E-34
   APPM OF H   1    =  4.9932E-26



                                               COMPOSITION  OF  MATERIAL  BY  ELEMENT
                                               --------------------------------------
0                                                             BETA                     GAMMA                     ALPHA
                      ATOMS      GRAM-ATOMS     GRAMS      CURIES-MeV      kW        CURIES-MeV      kW        CURIES-MeV      kW

   18       Ar      1.0000E+25   1.6605E+01   6.6359E+02   3.1822E-11   1.8864E-16   0.0000E+00   0.0000E+00   0.0000E+00   0.0000E+00
   19       K       4.5270E+17   7.5172E-07   3.0792E-05   1.9420E-10   1.1512E-15   3.7724E-11   2.2363E-16   0.0000E+00   0.0000E+00
   20       Ca      1.6933E+08   2.8118E-16   1.1798E-14   0.0000E+00   0.0000E+00   0.0000E+00   0.0000E+00   0.0000E+00   0.0000E+00



                                               GAMMA SPECTRUM AND ENERGIES/SECOND
                                               ----------------------------------

     NEUTRONS PER SECOND ARISING FROM SPONTANEOUS FISSION                    0.00000E+00    Entered density (g/cc)       0.10
     POWER FROM ALPHA PARTICLES (MeV per Second)                             0.00000E+00
     POWER FROM BETA  PARTICLES (MeV per Second)                             8.36293E+00
     TOTAL GAMMA POWER FROM ACTIVATION  (MeV per Second)                     1.39578E+00    Total gammas (per cc per second)      1.37492E-04
     GAMMA RAY POWER FROM ACTIVATION DECAY  MeV/s    (  0.000-  0.010 MeV)   2.98481E-07    Gammas per group (per cc per second)  8.99593E-09
                                                     (  0.010-  0.020 MeV)   0.00000E+00                                          0.00000E+00
                                                     (  0.020-  0.050 MeV)   0.00000E+00                                          0.00000E+00
                                                     (  0.050-  0.100 MeV)   0.00000E+00                                          0.00000E+00
                                                     (  0.100-  0.200 MeV)   0.00000E+00                                          0.00000E+00
                                                     (  0.200-  0.300 MeV)   0.00000E+00                                          0.00000E+00
                                                     (  0.300-  0.400 MeV)   5.06140E-03                                          2.17922E-06
                                                     (  0.400-  0.600 MeV)   0.00000E+00                                          0.00000E+00
                                                     (  0.600-  0.800 MeV)   1.12315E-04                                          2.41791E-08
                                                     (  0.800-  1.000 MeV)   2.36527E-03                                          3.96038E-07
                                                     (  1.000-  1.220 MeV)   1.29307E-03                                          1.75549E-07
                                                     (  1.220-  1.440 MeV)   1.42807E-04                                          1.61807E-08
                                                     (  1.440-  1.660 MeV)   1.38025E+00                                          1.34192E-04
                                                     (  1.660-  2.000 MeV)   3.98568E-03                                          3.28209E-07
                                                     (  2.000-  2.500 MeV)   2.57461E-03                                          1.72436E-07
                                                     (  2.500-  3.000 MeV)   0.00000E+00                                          0.00000E+00
                                                     (  3.000-  4.000 MeV)   0.00000E+00                                          0.00000E+00
                                                     (  4.000-  5.000 MeV)   0.00000E+00                                          0.00000E+00
                                                     (  5.000-  6.500 MeV)   0.00000E+00                                          0.00000E+00
                                                     (  6.500-  8.000 MeV)   0.00000E+00                                          0.00000E+00
                                                     (  8.000- 10.000 MeV)   0.00000E+00                                          0.00000E+00
                                                     ( 10.000- 12.000 MeV)   0.00000E+00                                          0.00000E+00
                                                     ( 12.000- 14.000 MeV)   0.00000E+00                                          0.00000E+00
                                                     ( 14.000- 20.000 MeV)   0.00000E+00                                          0.00000E+00

    DOSE RATE (PLANE SOURCE) FROM GAMMAS WITH ENERGY 0-20 MeV IS            6.65883E-10 Sieverts/hour   ( 6.65883E-08 Rems/hour)




                                               DOMINANT NUCLIDES
                                               -----------------

      NUCLIDE   ACTIVITY    PERCENT  NUCLIDE     HEAT      PERCENT  NUCLIDE  DOSE RATE    PERCENT 
                  (Bq)      ACTIVITY             (kW)       HEAT              (Sv/hr)    DOSE RATE
       Total   1.0115E+01             Total   1.5635E-15             Total   6.6588E-10
    1  K  42   5.0574E+00  50.00E+00  K  42   1.3749E-15  87.93E+00  K  42   6.6588E-10  10.00E+01
    2  Ar 42   5.0572E+00  50.00E+00  Ar 42   1.8864E-16  12.07E+00          0.0000E+00  00.00E+00

      NUCLIDE  GAMMA HEAT   PERCENT  NUCLIDE   BETA HEAT   PERCENT 
                  (kW)       GAMMA               (kW)       BETA
       Total   2.2363E-16             Total   1.3399E-15
    1  K  42   2.2363E-16  10.00E+01  K  42   1.1512E-15  85.92E+00
    2          0.0000E+00  00.00E+00  Ar 42   1.8864E-16  14.08E+00
1                                                            Summary Output

0           Time       Cumulative   Activity               Dose rate             Heat output           Ingestion dose        Inhalation dose        Tritium activity
           (step)       (Years)      (Bq)                   (Sv/h)                (kW)                    (Sv)                   (Sv)                  (Bq)
 -----Irradiation Phase-----
 Irradn     2.000 s     6.34E-08   3.18E+12               1.88E+03               8.90E-04               0.00E+00               0.00E+00               0.00E+00
 Irradn    10.000 s     3.80E-07   4.77E+13               2.82E+04               1.34E-02               0.00E+00               0.00E+00               0.00E+00
 -----Cooling Phase-----
 Cooling    1.000 y     1.00E+00   1.01E+01               6.66E-10               1.56E-15               0.00E+00               0.00E+00               0.00E+00
0 Mass of material input =  6.6359E-01 kg.    Material density =  0.10 g/cc

  Total irradiation time =  1.200000E+01 s
  Total fluence          =  6.380674E+15 n/cm2
  Mean flux              =  5.317228E+14 n/cm2/s
  Number of on-times     =    2

fispact run time=                   58.020     secs


 ------------------------------------------------------------------
 Files that have been opened during this run.
 ------------------------------------------------------------------
 The numbers after the unit names are the internal unit numbers.

 input( 5)       irrad_Ar_multi.i
 collapxi(12)    COLLAPX.1
 arrayx(13)      ARRAYX
 collapxo(17)    COLLAPX.1
 ind_nuc(18)     /nuclear_data//TENDL2015data/tendl15_decay12_index
 fluxes(20)      fluxes.1
 output(38)      irrad_Ar_multi.out
 absorp(39)      /nuclear_data//decay/abs_2012
 runlog(48)      irrad_Ar_multi.log
 xs_endf(52)     /nuclear_data//TENDL2015data/tal2015-n/gxs-709
 dk_endf(53)     /nuclear_data//decay/decay_2012
 fy_endf(54)     /nuclear_data//GEFY61data/gefy61_nfy
 xs_endfb(56)    /nuclear_data//bin/tal2015-n.bin
 ------------------------------------------------------------------



     Run timestamp:14:51:16 19 February 2018       

     Current time: 14:53:05 19 February 2018       
